Archive member included to satisfy reference by file (symbol)

../src/QTouch\libsamd21_qtouch_gcc.a(touch_api_selfcap_set1.o)
                              touch.o (touch_selfcap_sensors_init_with_rs_table)
../src/QTouch\libsamd21_qtouch_gcc.a(touch_ptc_acquire.o)
                              ../src/QTouch\libsamd21_qtouch_gcc.a(touch_api_selfcap_set1.o) (median_filter)
../src/QTouch\libsamd21_qtouch_gcc.a(touch_ptc_acquire_mutual.o)
                              ../src/QTouch\libsamd21_qtouch_gcc.a(touch_ptc_acquire.o) (g_mutual_cc_cal_sensor_cnt)
../src/QTouch\libsamd21_qtouch_gcc.a(touch_ptc_acquire_self.o)
                              ../src/QTouch\libsamd21_qtouch_gcc.a(touch_api_selfcap_set1.o) (setup_self_channel_cc_recal)
../src/QTouch\libsamd21_qtouch_gcc.a(touch_ptc_config.o)
                              ../src/QTouch\libsamd21_qtouch_gcc.a(touch_ptc_acquire.o) (ptc_config_io_pins)
../src/QTouch\libsamd21_qtouch_gcc.a(touch_ptc_noise_mit.o)
                              ../src/QTouch\libsamd21_qtouch_gcc.a(touch_ptc_acquire.o) (channel_to_sensor_mapping)
../src/QTouch\libsamd21_qtouch_gcc.a(touch_rs_self.o)
                              touch.o (touch_selfcap_rs_table_init)
../src/QTouch\libsamd21_qtouch_gcc.a(touch_api_common.o)
                              ../src/QTouch\libsamd21_qtouch_gcc.a(touch_api_selfcap_set1.o) (touch_sensor_config)
../src/QTouch\libsamd21_qtouch_gcc.a(touch_api_mutlcap_set1.o)
                              ../src/QTouch\libsamd21_qtouch_gcc.a(touch_ptc_acquire.o) (ptr_setup_mutual_channel_cc_recal)
../src/QTouch\libsamd21_qtouch_gcc.a(touch_process.o)
                              ../src/QTouch\libsamd21_qtouch_gcc.a(touch_api_common.o) (start_cal_sensor)
c:/program files (x86)/atmel/studio/7.0/toolchain/arm/arm-gnu-toolchain/bin/../lib/gcc/arm-none-eabi/6.3.1/thumb/v6-m\libgcc.a(_thumb1_case_uqi.o)
                              src/ASF/sam0/drivers/sercom/sercom.o (__gnu_thumb1_case_uqi)
c:/program files (x86)/atmel/studio/7.0/toolchain/arm/arm-gnu-toolchain/bin/../lib/gcc/arm-none-eabi/6.3.1/thumb/v6-m\libgcc.a(_thumb1_case_shi.o)
                              src/ASF/common/services/usb/udc/udc.o (__gnu_thumb1_case_shi)
c:/program files (x86)/atmel/studio/7.0/toolchain/arm/arm-gnu-toolchain/bin/../lib/gcc/arm-none-eabi/6.3.1/thumb/v6-m\libgcc.a(_thumb1_case_uhi.o)
                              src/USBC_PD/usb_pd_protocol.o (__gnu_thumb1_case_uhi)
c:/program files (x86)/atmel/studio/7.0/toolchain/arm/arm-gnu-toolchain/bin/../lib/gcc/arm-none-eabi/6.3.1/thumb/v6-m\libgcc.a(_udivsi3.o)
                              src/ASF/common2/components/display/ssd1306/ssd1306.o (__aeabi_uidiv)
c:/program files (x86)/atmel/studio/7.0/toolchain/arm/arm-gnu-toolchain/bin/../lib/gcc/arm-none-eabi/6.3.1/thumb/v6-m\libgcc.a(_divsi3.o)
                              src/USBC_PD/usb_pd_policy.o (__aeabi_idiv)
c:/program files (x86)/atmel/studio/7.0/toolchain/arm/arm-gnu-toolchain/bin/../lib/gcc/arm-none-eabi/6.3.1/thumb/v6-m\libgcc.a(_dvmd_tls.o)
                              c:/program files (x86)/atmel/studio/7.0/toolchain/arm/arm-gnu-toolchain/bin/../lib/gcc/arm-none-eabi/6.3.1/thumb/v6-m\libgcc.a(_udivsi3.o) (__aeabi_idiv0)
c:/program files (x86)/atmel/studio/7.0/toolchain/arm/arm-gnu-toolchain/bin/../lib/gcc/arm-none-eabi/6.3.1/thumb/v6-m\libgcc.a(_lshrdi3.o)
                              ../src/QTouch\libsamd21_qtouch_gcc.a(touch_ptc_acquire.o) (__aeabi_llsr)
c:/program files (x86)/atmel/studio/7.0/toolchain/arm/arm-gnu-toolchain/bin/../lib/gcc/arm-none-eabi/6.3.1/thumb/v6-m\libgcc.a(_ashldi3.o)
                              src/ASF/sam0/drivers/sercom/sercom.o (__aeabi_llsl)
c:/program files (x86)/atmel/studio/7.0/toolchain/arm/arm-gnu-toolchain/bin/../lib/gcc/arm-none-eabi/6.3.1/thumb/v6-m\libgcc.a(_clzsi2.o)
                              src/ASF/sam0/drivers/usb/usb_sam_d_r/usb.o (__clzsi2)
c:/program files (x86)/atmel/studio/7.0/toolchain/arm/arm-gnu-toolchain/bin/../lib/gcc/arm-none-eabi/6.3.1/thumb/v6-m\libgcc.a(_ctzsi2.o)
                              src/ASF/sam0/drivers/usb/usb_sam_d_r/usb.o (__ctzsi2)
c:/program files (x86)/atmel/studio/7.0/toolchain/arm/arm-gnu-toolchain/bin/../lib/gcc/arm-none-eabi/6.3.1/thumb/v6-m\libgcc.a(_muldi3.o)
                              src/ASF/sam0/drivers/sercom/sercom.o (__aeabi_lmul)
c:/program files (x86)/atmel/studio/7.0/toolchain/arm/arm-gnu-toolchain/bin/../lib/gcc/arm-none-eabi/6.3.1/thumb/v6-m\libgcc.a(divsf3.o)
                              src/FUSB302/usb_pd_driver.o (__aeabi_fdiv)
c:/program files (x86)/atmel/studio/7.0/toolchain/arm/arm-gnu-toolchain/bin/../lib/gcc/arm-none-eabi/6.3.1/thumb/v6-m\libgcc.a(floatunsisf.o)
                              src/FUSB302/usb_pd_driver.o (__aeabi_ui2f)
c:/program files (x86)/atmel/studio/7.0/toolchain/arm/arm-gnu-toolchain/bin/../lib/gcc/arm-none-eabi/6.3.1/thumb/v6-m\libgcc.a(adddf3.o)
                              src/ASF/sam0/drivers/sercom/i2c/i2c_sam0/i2c_master.o (__aeabi_dadd)
[...]
Memory Configuration

Name             Origin             Length             Attributes
rom              0x00000000         0x00020000         xr
ram              0x20000000         0x00004000         xrw
*default*        0x00000000         0xffffffff

Linker script and memory map

LOAD c:/program files (x86)/atmel/studio/7.0/toolchain/arm/arm-gnu-toolchain/bin/../lib/gcc/arm-none-eabi/6.3.1/thumb/v6-m/crti.o
LOAD c:/program files (x86)/atmel/studio/7.0/toolchain/arm/arm-gnu-toolchain/bin/../lib/gcc/arm-none-eabi/6.3.1/thumb/v6-m/crtbegin.o
LOAD c:/program files (x86)/atmel/studio/7.0/toolchain/arm/arm-gnu-toolchain/bin/../lib/gcc/arm-none-eabi/6.3.1/../../../../arm-none-eabi/lib/thumb/v6-m/crt0.o
LOAD main.o
LOAD src/ASF/common2/components/display/ssd1306/ssd1306.o
LOAD src/ASF/common/services/sleepmgr/samd/sleepmgr.o
LOAD src/ASF/common/services/usb/class/cdc/device/udi_cdc.o
LOAD src/ASF/common/services/usb/class/cdc/device/udi_cdc_desc.o
LOAD src/ASF/common/services/usb/udc/udc.o
LOAD src/ASF/sam0/drivers/extint/extint_callback.o
LOAD src/ASF/sam0/drivers/extint/extint_sam_d_r_h/extint.o
LOAD src/ASF/sam0/drivers/rtc/rtc_sam_d_r_h/rtc_count.o
LOAD src/ASF/sam0/drivers/rtc/rtc_sam_d_r_h/rtc_count_interrupt.o
LOAD src/ASF/sam0/drivers/sercom/i2c/i2c_sam0/i2c_master.o
LOAD src/ASF/sam0/drivers/sercom/sercom.o
LOAD src/ASF/sam0/drivers/sercom/sercom_interrupt.o
LOAD src/ASF/sam0/drivers/sercom/spi/spi.o
LOAD src/ASF/sam0/drivers/sercom/spi/spi_interrupt.o
LOAD src/ASF/sam0/drivers/tc/tc_interrupt.o
LOAD src/ASF/sam0/drivers/tc/tc_sam_d_r_h/tc.o
LOAD src/ASF/sam0/drivers/usb/stack_interface/usb_device_udd.o
LOAD src/ASF/sam0/drivers/usb/stack_interface/usb_dual.o
LOAD src/ASF/sam0/drivers/usb/usb_sam_d_r/usb.o
LOAD src/FUSB302/FUSB302.o
LOAD src/FUSB302/tcpm_driver.o
LOAD src/FUSB302/usb_pd_driver.o
LOAD src/QTouch/BitBangSPI_Master.o
LOAD src/QTouch/QDebugTransport.o
LOAD src/QTouch/QDebug_samd.o
LOAD src/ASF/sam0/drivers/events/events_hooks.o
LOAD src/ASF/sam0/drivers/events/events_sam_d_r_h/events.o
LOAD src/ASF/common2/services/delay/sam0/systick_counter.o
LOAD src/ASF/sam0/drivers/port/port.o
LOAD src/ASF/common2/boards/user_board/init.o
LOAD src/ASF/common/utils/interrupt/interrupt_sam_nvic.o
LOAD src/ASF/sam0/drivers/system/clock/clock_samd21_r21_da/clock.o
LOAD src/ASF/sam0/drivers/system/clock/clock_samd21_r21_da/gclk.o
LOAD src/ASF/sam0/drivers/system/interrupt/system_interrupt.o
LOAD src/ASF/sam0/drivers/system/pinmux/pinmux.o
LOAD src/ASF/sam0/drivers/system/system.o
LOAD src/ASF/sam0/utils/cmsis/samd21/source/gcc/startup_samd21.o
LOAD src/ASF/sam0/utils/cmsis/samd21/source/system_samd21.o
LOAD src/ASF/sam0/utils/syscalls/gcc/syscalls.o
LOAD src/uGUI/ugui.o
LOAD src/USBC_PD/usb_pd_policy.o
LOAD src/USBC_PD/usb_pd_protocol.o
LOAD touch.o
START GROUP
LOAD ../src/QTouch\libsamd21_qtouch_gcc.a
LOAD ../src/ASF/thirdparty/CMSIS/Lib/GCC\libarm_cortexM0l_math.a
LOAD c:/program files (x86)/atmel/studio/7.0/toolchain/arm/arm-gnu-toolchain/bin/../lib/gcc/arm-none-eabi/6.3.1/../../../../arm-none-eabi/lib/thumb/v6-m\libm.a
END GROUP
Address of section .text set to 0x4000
START GROUP
LOAD c:/program files (x86)/atmel/studio/7.0/toolchain/arm/arm-gnu-toolchain/bin/../lib/gcc/arm-none-eabi/6.3.1/thumb/v6-m\libgcc.a
LOAD c:/program files (x86)/atmel/studio/7.0/toolchain/arm/arm-gnu-toolchain/bin/../lib/gcc/arm-none-eabi/6.3.1/../../../../arm-none-eabi/lib/thumb/v6-m\libc.a
END GROUP
LOAD c:/program files (x86)/atmel/studio/7.0/toolchain/arm/arm-gnu-toolchain/bin/../lib/gcc/arm-none-eabi/6.3.1/thumb/v6-m/crtend.o
LOAD c:/program files (x86)/atmel/studio/7.0/toolchain/arm/arm-gnu-toolchain/bin/../lib/gcc/arm-none-eabi/6.3.1/thumb/v6-m/crtn.o
                0x00001000                STACK_SIZE = DEFINED (STACK_SIZE)?STACK_SIZE:DEFINED (__stack_size__)?__stack_size__:0x1000

.text           0x00004000    0x12174
                0x00004000                . = ALIGN (0x4)
                0x00004000                _sfixed = .
 *(.vectors .vectors.*)
 .vectors       0x00004000       0xb4 src/ASF/sam0/utils/cmsis/samd21/source/gcc/startup_samd21.o
                0x00004000                exception_table
 *(.text .text.* .gnu.linkonce.t.*)
 .text          0x000040b4       0x60 c:/program files (x86)/atmel/studio/7.0/toolchain/arm/arm-gnu-toolchain/bin/../lib/gcc/arm-none-eabi/6.3.1/thumb/v6-m/crtbegin.o
 .text.rtc_overflow_callback
                0x00004114       0x18 main.o
                0x00004114                rtc_overflow_callback
 .text.tc_callback_overflow
                0x0000412c       0x10 main.o
                0x0000412c                tc_callback_overflow
 .text.display_set_pixel
                0x0000413c       0x3c main.o
                0x0000413c                display_set_pixel
 .text.configure_rtc_callbacks
                0x00004178       0x28 main.o
                0x00004178                configure_rtc_callbacks
 .text.configure_rtc_count
                0x000041a0       0x40 main.o
                0x000041a0                configure_rtc_count
 .text.rtc_init
                0x000041e0       0x24 main.o
                0x000041e0                rtc_init
 .text.display_init
                0x00004204       0x90 main.o
                0x00004204                display_init
 .text.i2c_init
                0x00004294       0x9c main.o
                0x00004294                i2c_init
 .text.timer_init
                0x00004330       0xa8 main.o
                0x00004330                timer_init
 .text.startup.main
                0x000043d8      0x108 main.o
                0x000043d8                main
 .text.ssd1306_write_command
                0x000044e0       0x48 src/ASF/common2/components/display/ssd1306/ssd1306.o
                0x000044e0                ssd1306_write_command
 .text.ssd1306_init
                0x00004528      0x1bc src/ASF/common2/components/display/ssd1306/ssd1306.o
                0x00004528                ssd1306_init
 .text.ssd1306_write_data_n
                0x000046e4       0x44 src/ASF/common2/components/display/ssd1306/ssd1306.o
                0x000046e4                ssd1306_write_data_n
 .text.cpu_irq_save
                0x00004728       0x1c src/ASF/common/services/usb/class/cdc/device/udi_cdc.o
 .text.udi_cdc_comm_enable
                0x00004744       0x4c src/ASF/common/services/usb/class/cdc/device/udi_cdc.o
                0x00004744                udi_cdc_comm_enable
 .text.udi_cdc_comm_disable
                0x00004790       0x10 src/ASF/common/services/usb/class/cdc/device/udi_cdc.o
                0x00004790                udi_cdc_comm_disable
 .text.udi_cdc_data_disable
                0x000047a0       0x1c src/ASF/common/services/usb/class/cdc/device/udi_cdc.o
                0x000047a0                udi_cdc_data_disable
 .text.udi_cdc_data_setup
                0x000047bc        0x4 src/ASF/common/services/usb/class/cdc/device/udi_cdc.o
                0x000047bc                udi_cdc_data_setup
 .text.udi_cdc_getsetting
                0x000047c0        0x4 src/ASF/common/services/usb/class/cdc/device/udi_cdc.o
                0x000047c0                udi_cdc_getsetting
 .text.udi_cdc_line_coding_received
                0x000047c4        0x2 src/ASF/common/services/usb/class/cdc/device/udi_cdc.o
 *fill*         0x000047c6        0x2 
 .text.cpu_irq_restore
                0x000047c8       0x18 src/ASF/common/services/usb/class/cdc/device/udi_cdc.o
 .text.udi_cdc_comm_setup
                0x000047e0       0x58 src/ASF/common/services/usb/class/cdc/device/udi_cdc.o
                0x000047e0                udi_cdc_comm_setup
 .text.udi_cdc_tx_send.isra.2
                0x00004838      0x110 src/ASF/common/services/usb/class/cdc/device/udi_cdc.o
 .text.udi_cdc_data_sof_notify
                0x00004948        0xc src/ASF/common/services/usb/class/cdc/device/udi_cdc.o
                0x00004948                udi_cdc_data_sof_notify
 .text.udi_cdc_data_sent
                0x00004954       0x38 src/ASF/common/services/usb/class/cdc/device/udi_cdc.o
 .text.udi_cdc_multi_get_nb_received_data
                0x0000498c       0x34 src/ASF/common/services/usb/class/cdc/device/udi_cdc.o
                0x0000498c                udi_cdc_multi_get_nb_received_data
 .text.udi_cdc_multi_is_rx_ready
                0x000049c0       0x14 src/ASF/common/services/usb/class/cdc/device/udi_cdc.o
                0x000049c0                udi_cdc_multi_is_rx_ready
 .text.udi_cdc_rx_start.isra.8
                0x000049d4       0x84 src/ASF/common/services/usb/class/cdc/device/udi_cdc.o
 .text.udi_cdc_data_enable
                0x00004a58       0x88 src/ASF/common/services/usb/class/cdc/device/udi_cdc.o
                0x00004a58                udi_cdc_data_enable
 .text.udi_cdc_data_received
                0x00004ae0       0x5c src/ASF/common/services/usb/class/cdc/device/udi_cdc.o
 .text.udc_valid_address
                0x00004b3c       0x18 src/ASF/common/services/usb/udc/udc.o
 .text.udc_update_iface_desc
                0x00004b54       0x68 src/ASF/common/services/usb/udc/udc.o
 .text.udc_next_desc_in_iface.constprop.3
                0x00004bbc       0x2c src/ASF/common/services/usb/udc/udc.o
 .text.udc_iface_enable
                0x00004be8       0x58 src/ASF/common/services/usb/udc/udc.o
 .text.udc_iface_disable
                0x00004c40       0x5c src/ASF/common/services/usb/udc/udc.o
 .text.udc_start
                0x00004c9c        0xc src/ASF/common/services/usb/udc/udc.o
                0x00004c9c                udc_start
 .text.udc_reset
                0x00004ca8       0x40 src/ASF/common/services/usb/udc/udc.o
                0x00004ca8                udc_reset
 .text.udc_sof_notify
                0x00004ce8       0x38 src/ASF/common/services/usb/udc/udc.o
                0x00004ce8                udc_sof_notify
 .text.udc_process_setup
                0x00004d20      0x368 src/ASF/common/services/usb/udc/udc.o
                0x00004d20                udc_process_setup
 .text.EIC_Handler
                0x00005088       0x40 src/ASF/sam0/drivers/extint/extint_callback.o
                0x00005088                EIC_Handler
 .text.extint_is_syncing
                0x000050c8        0xc src/ASF/sam0/drivers/extint/extint_sam_d_r_h/extint.o
 .text._extint_enable
                0x000050d4       0x20 src/ASF/sam0/drivers/extint/extint_sam_d_r_h/extint.o
 .text._system_extint_init
                0x000050f4       0x68 src/ASF/sam0/drivers/extint/extint_sam_d_r_h/extint.o
                0x000050f4                _system_extint_init
 .text.rtc_count_is_syncing
                0x0000515c        0x8 src/ASF/sam0/drivers/rtc/rtc_sam_d_r_h/rtc_count.o
 .text.rtc_count_enable
                0x00005164       0x28 src/ASF/sam0/drivers/rtc/rtc_sam_d_r_h/rtc_count.o
                0x00005164                rtc_count_enable
 .text.rtc_count_disable
                0x0000518c       0x30 src/ASF/sam0/drivers/rtc/rtc_sam_d_r_h/rtc_count.o
                0x0000518c                rtc_count_disable
 .text.rtc_count_reset
                0x000051bc       0x2c src/ASF/sam0/drivers/rtc/rtc_sam_d_r_h/rtc_count.o
                0x000051bc                rtc_count_reset
 .text.rtc_count_set_compare
                0x000051e8       0x54 src/ASF/sam0/drivers/rtc/rtc_sam_d_r_h/rtc_count.o
                0x000051e8                rtc_count_set_compare
 .text.rtc_count_init
                0x0000523c       0xd4 src/ASF/sam0/drivers/rtc/rtc_sam_d_r_h/rtc_count.o
                0x0000523c                rtc_count_init
 .text.rtc_count_set_period
                0x00005310       0x24 src/ASF/sam0/drivers/rtc/rtc_sam_d_r_h/rtc_count.o
                0x00005310                rtc_count_set_period
 .text.rtc_count_register_callback
                0x00005334       0x34 src/ASF/sam0/drivers/rtc/rtc_sam_d_r_h/rtc_count_interrupt.o
                0x00005334                rtc_count_register_callback
 .text.rtc_count_enable_callback
                0x00005368       0x22 src/ASF/sam0/drivers/rtc/rtc_sam_d_r_h/rtc_count_interrupt.o
                0x00005368                rtc_count_enable_callback
 *fill*         0x0000538a        0x2 
 .text.RTC_Handler
                0x0000538c       0x4c src/ASF/sam0/drivers/rtc/rtc_sam_d_r_h/rtc_count_interrupt.o
                0x0000538c                RTC_Handler
 .text._i2c_master_wait_for_sync
                0x000053d8        0xc src/ASF/sam0/drivers/sercom/i2c/i2c_sam0/i2c_master.o
 .text.i2c_master_init
                0x000053e4      0x2ac src/ASF/sam0/drivers/sercom/i2c/i2c_sam0/i2c_master.o
                0x000053e4                i2c_master_init
 .text._i2c_master_address_response
                0x00005690       0x2c src/ASF/sam0/drivers/sercom/i2c/i2c_sam0/i2c_master.o
                0x00005690                _i2c_master_address_response
 .text._i2c_master_wait_for_bus
                0x000056bc       0x28 src/ASF/sam0/drivers/sercom/i2c/i2c_sam0/i2c_master.o
                0x000056bc                _i2c_master_wait_for_bus
 .text._i2c_master_send_hs_master_code
                0x000056e4       0x20 src/ASF/sam0/drivers/sercom/i2c/i2c_sam0/i2c_master.o
                0x000056e4                _i2c_master_send_hs_master_code
 .text._i2c_master_read_packet
                0x00005704      0x154 src/ASF/sam0/drivers/sercom/i2c/i2c_sam0/i2c_master.o
 .text._i2c_master_write_packet
                0x00005858       0xc8 src/ASF/sam0/drivers/sercom/i2c/i2c_sam0/i2c_master.o
 .text.i2c_master_read_packet_wait
                0x00005920       0x14 src/ASF/sam0/drivers/sercom/i2c/i2c_sam0/i2c_master.o
                0x00005920                i2c_master_read_packet_wait
 .text.i2c_master_write_packet_wait
                0x00005934       0x14 src/ASF/sam0/drivers/sercom/i2c/i2c_sam0/i2c_master.o
                0x00005934                i2c_master_write_packet_wait
 .text.i2c_master_write_packet_wait_no_stop
                0x00005948       0x14 src/ASF/sam0/drivers/sercom/i2c/i2c_sam0/i2c_master.o
                0x00005948                i2c_master_write_packet_wait_no_stop
 .text._sercom_get_sync_baud_val
                0x0000595c       0x28 src/ASF/sam0/drivers/sercom/sercom.o
                0x0000595c                _sercom_get_sync_baud_val
 .text.sercom_set_gclk_generator
                0x00005984       0x44 src/ASF/sam0/drivers/sercom/sercom.o
                0x00005984                sercom_set_gclk_generator
 .text._sercom_get_default_pad
                0x000059c8       0xec src/ASF/sam0/drivers/sercom/sercom.o
                0x000059c8                _sercom_get_default_pad
 .text._sercom_get_sercom_inst_index
                0x00005ab4       0x30 src/ASF/sam0/drivers/sercom/sercom.o
                0x00005ab4                _sercom_get_sercom_inst_index
 .text._sercom_default_handler
                0x00005ae4        0x2 src/ASF/sam0/drivers/sercom/sercom_interrupt.o
 *fill*         0x00005ae6        0x2 
 .text._sercom_set_handler
                0x00005ae8       0x3c src/ASF/sam0/drivers/sercom/sercom_interrupt.o
                0x00005ae8                _sercom_set_handler
 .text._sercom_get_interrupt_vector
                0x00005b24       0x20 src/ASF/sam0/drivers/sercom/sercom_interrupt.o
                0x00005b24                _sercom_get_interrupt_vector
 .text.SERCOM0_Handler
                0x00005b44       0x10 src/ASF/sam0/drivers/sercom/sercom_interrupt.o
                0x00005b44                SERCOM0_Handler
 .text.SERCOM1_Handler
                0x00005b54       0x10 src/ASF/sam0/drivers/sercom/sercom_interrupt.o
                0x00005b54                SERCOM1_Handler
 .text.SERCOM2_Handler
                0x00005b64       0x10 src/ASF/sam0/drivers/sercom/sercom_interrupt.o
                0x00005b64                SERCOM2_Handler
 .text.SERCOM3_Handler
                0x00005b74       0x10 src/ASF/sam0/drivers/sercom/sercom_interrupt.o
                0x00005b74                SERCOM3_Handler
 .text.port_pin_set_output_level
                0x00005b84       0x2c src/ASF/sam0/drivers/sercom/spi/spi.o
 .text.spi_is_write_complete
                0x00005bb0        0xa src/ASF/sam0/drivers/sercom/spi/spi.o
 .text.spi_is_ready_to_write
                0x00005bba        0xa src/ASF/sam0/drivers/sercom/spi/spi.o
 .text.spi_is_ready_to_read
                0x00005bc4        0xa src/ASF/sam0/drivers/sercom/spi/spi.o
 *fill*         0x00005bce        0x2 
 .text.spi_write
                0x00005bd0       0x20 src/ASF/sam0/drivers/sercom/spi/spi.o
 .text.spi_read
                0x00005bf0       0x3c src/ASF/sam0/drivers/sercom/spi/spi.o
 .text.spi_init
                0x00005c2c      0x208 src/ASF/sam0/drivers/sercom/spi/spi.o
                0x00005c2c                spi_init
 .text.spi_select_slave
                0x00005e34       0x98 src/ASF/sam0/drivers/sercom/spi/spi.o
                0x00005e34                spi_select_slave
 .text.spi_write_buffer_wait
                0x00005ecc      0x1c0 src/ASF/sam0/drivers/sercom/spi/spi.o
                0x00005ecc                spi_write_buffer_wait
 .text._spi_interrupt_handler
                0x0000608c      0x1fc src/ASF/sam0/drivers/sercom/spi/spi_interrupt.o
                0x0000608c                _spi_interrupt_handler
 .text.tc_register_callback
                0x00006288       0x26 src/ASF/sam0/drivers/tc/tc_interrupt.o
                0x00006288                tc_register_callback
 *fill*         0x000062ae        0x2 
 .text._tc_interrupt_handler
                0x000062b0       0x5c src/ASF/sam0/drivers/tc/tc_interrupt.o
                0x000062b0                _tc_interrupt_handler
 .text.TC3_Handler
                0x0000630c       0x10 src/ASF/sam0/drivers/tc/tc_interrupt.o
                0x0000630c                TC3_Handler
 .text.TC4_Handler
                0x0000631c       0x10 src/ASF/sam0/drivers/tc/tc_interrupt.o
                0x0000631c                TC4_Handler
 .text.TC5_Handler
                0x0000632c       0x10 src/ASF/sam0/drivers/tc/tc_interrupt.o
                0x0000632c                TC5_Handler
 .text._tc_get_inst_index
                0x0000633c       0x38 src/ASF/sam0/drivers/tc/tc_sam_d_r_h/tc.o
                0x0000633c                _tc_get_inst_index
 .text.tc_init  0x00006374      0x248 src/ASF/sam0/drivers/tc/tc_sam_d_r_h/tc.o
                0x00006374                tc_init
 .text.tc_get_count_value
                0x000065bc       0x2a src/ASF/sam0/drivers/tc/tc_sam_d_r_h/tc.o
                0x000065bc                tc_get_count_value
 *fill*         0x000065e6        0x2 
 .text.cpu_irq_save
                0x000065e8       0x1c src/ASF/sam0/drivers/usb/stack_interface/usb_device_udd.o
 .text.udd_ep_get_job
                0x00006604       0x24 src/ASF/sam0/drivers/usb/stack_interface/usb_device_udd.o
 .text.udd_ep_transfer_process
                0x00006628      0x180 src/ASF/sam0/drivers/usb/stack_interface/usb_device_udd.o
 .text.udd_ctrl_stall_data
                0x000067a8       0x2c src/ASF/sam0/drivers/usb/stack_interface/usb_device_udd.o
 .text._usb_on_bus_reset
                0x000067d4       0xac src/ASF/sam0/drivers/usb/stack_interface/usb_device_udd.o
 .text.udd_ctrl_send_zlp_in
                0x00006880       0x3c src/ASF/sam0/drivers/usb/stack_interface/usb_device_udd.o
 .text._usb_ep0_on_tansfer_fail
                0x000068bc       0x48 src/ASF/sam0/drivers/usb/stack_interface/usb_device_udd.o
 .text.udd_ctrl_in_sent
                0x00006904       0x9c src/ASF/sam0/drivers/usb/stack_interface/usb_device_udd.o
 .text._usb_on_sof_notify
                0x000069a0        0xc src/ASF/sam0/drivers/usb/stack_interface/usb_device_udd.o
 .text.cpu_irq_restore.part.0
                0x000069ac       0x14 src/ASF/sam0/drivers/usb/stack_interface/usb_device_udd.o
 .text.udd_wait_clock_ready
                0x000069c0       0x24 src/ASF/sam0/drivers/usb/stack_interface/usb_device_udd.o
 .text._usb_ep0_on_setup
                0x000069e4       0xcc src/ASF/sam0/drivers/usb/stack_interface/usb_device_udd.o
 .text.udd_sleep_mode
                0x00006ab0       0x80 src/ASF/sam0/drivers/usb/stack_interface/usb_device_udd.o
 .text._usb_device_lpm_suspend
                0x00006b30       0x34 src/ASF/sam0/drivers/usb/stack_interface/usb_device_udd.o
 .text._usb_on_wakeup
                0x00006b64       0x4c src/ASF/sam0/drivers/usb/stack_interface/usb_device_udd.o
 .text._usb_on_suspend
                0x00006bb0       0x2c src/ASF/sam0/drivers/usb/stack_interface/usb_device_udd.o
 .text.udd_ep_abort
                0x00006bdc       0x3c src/ASF/sam0/drivers/usb/stack_interface/usb_device_udd.o
                0x00006bdc                udd_ep_abort
 .text.udd_is_high_speed
                0x00006c18        0x4 src/ASF/sam0/drivers/usb/stack_interface/usb_device_udd.o
                0x00006c18                udd_is_high_speed
 .text.udd_get_frame_number
                0x00006c1c       0x10 src/ASF/sam0/drivers/usb/stack_interface/usb_device_udd.o
                0x00006c1c                udd_get_frame_number
 .text.udd_get_micro_frame_number
                0x00006c2c       0x10 src/ASF/sam0/drivers/usb/stack_interface/usb_device_udd.o
                0x00006c2c                udd_get_micro_frame_number
 .text.udd_ep_free
                0x00006c3c       0x54 src/ASF/sam0/drivers/usb/stack_interface/usb_device_udd.o
                0x00006c3c                udd_ep_free
 .text.udd_ep_alloc
                0x00006c90       0xcc src/ASF/sam0/drivers/usb/stack_interface/usb_device_udd.o
                0x00006c90                udd_ep_alloc
 .text.udd_ep_is_halted
                0x00006d5c       0x14 src/ASF/sam0/drivers/usb/stack_interface/usb_device_udd.o
                0x00006d5c                udd_ep_is_halted
 .text.udd_ep_set_halt
                0x00006d70       0x2c src/ASF/sam0/drivers/usb/stack_interface/usb_device_udd.o
                0x00006d70                udd_ep_set_halt
 .text._usb_ep0_on_tansfer_ok
                0x00006d9c       0xd4 src/ASF/sam0/drivers/usb/stack_interface/usb_device_udd.o
 .text.udd_ep_clear_halt
                0x00006e70       0x3c src/ASF/sam0/drivers/usb/stack_interface/usb_device_udd.o
                0x00006e70                udd_ep_clear_halt
 .text.udd_ep_run
                0x00006eac      0x178 src/ASF/sam0/drivers/usb/stack_interface/usb_device_udd.o
                0x00006eac                udd_ep_run
 .text.udd_set_address
                0x00007024       0x10 src/ASF/sam0/drivers/usb/stack_interface/usb_device_udd.o
                0x00007024                udd_set_address
 .text.udd_getaddress
                0x00007034       0x10 src/ASF/sam0/drivers/usb/stack_interface/usb_device_udd.o
                0x00007034                udd_getaddress
 .text.udd_set_setup_payload
                0x00007044        0xc src/ASF/sam0/drivers/usb/stack_interface/usb_device_udd.o
                0x00007044                udd_set_setup_payload
 .text.udd_attach
                0x00007050       0x84 src/ASF/sam0/drivers/usb/stack_interface/usb_device_udd.o
                0x00007050                udd_attach
 .text.udd_enable
                0x000070d4       0x68 src/ASF/sam0/drivers/usb/stack_interface/usb_device_udd.o
                0x000070d4                udd_enable
 .text.usb_device_register_callback
                0x0000713c       0x24 src/ASF/sam0/drivers/usb/usb_sam_d_r/usb.o
                0x0000713c                usb_device_register_callback
 .text.usb_device_enable_callback
                0x00007160       0x20 src/ASF/sam0/drivers/usb/usb_sam_d_r/usb.o
                0x00007160                usb_device_enable_callback
 .text.usb_device_disable_callback
                0x00007180       0x1c src/ASF/sam0/drivers/usb/usb_sam_d_r/usb.o
                0x00007180                usb_device_disable_callback
 .text.usb_device_endpoint_register_callback
                0x0000719c       0x28 src/ASF/sam0/drivers/usb/usb_sam_d_r/usb.o
                0x0000719c                usb_device_endpoint_register_callback
 .text.usb_device_endpoint_unregister_callback
                0x000071c4       0x28 src/ASF/sam0/drivers/usb/usb_sam_d_r/usb.o
                0x000071c4                usb_device_endpoint_unregister_callback
 .text.usb_device_endpoint_enable_callback
                0x000071ec       0x8c src/ASF/sam0/drivers/usb/usb_sam_d_r/usb.o
                0x000071ec                usb_device_endpoint_enable_callback
 .text.usb_device_endpoint_disable_callback
                0x00007278       0x8c src/ASF/sam0/drivers/usb/usb_sam_d_r/usb.o
                0x00007278                usb_device_endpoint_disable_callback
 .text.usb_device_endpoint_get_config_defaults
                0x00007304        0xe src/ASF/sam0/drivers/usb/usb_sam_d_r/usb.o
                0x00007304                usb_device_endpoint_get_config_defaults
 *fill*         0x00007312        0x2 
 .text.usb_device_endpoint_set_config
                0x00007314      0x190 src/ASF/sam0/drivers/usb/usb_sam_d_r/usb.o
                0x00007314                usb_device_endpoint_set_config
 .text.usb_device_endpoint_abort_job
                0x000074a4       0x2c src/ASF/sam0/drivers/usb/usb_sam_d_r/usb.o
                0x000074a4                usb_device_endpoint_abort_job
 .text.usb_device_endpoint_is_halted
                0x000074d0       0x1e src/ASF/sam0/drivers/usb/usb_sam_d_r/usb.o
                0x000074d0                usb_device_endpoint_is_halted
 .text.usb_device_endpoint_set_halt
                0x000074ee       0x1a src/ASF/sam0/drivers/usb/usb_sam_d_r/usb.o
                0x000074ee                usb_device_endpoint_set_halt
 .text.usb_device_endpoint_clear_halt
                0x00007508       0x60 src/ASF/sam0/drivers/usb/usb_sam_d_r/usb.o
                0x00007508                usb_device_endpoint_clear_halt
 .text.usb_device_endpoint_write_buffer_job
                0x00007568       0x4c src/ASF/sam0/drivers/usb/usb_sam_d_r/usb.o
                0x00007568                usb_device_endpoint_write_buffer_job
 .text.usb_device_endpoint_read_buffer_job
                0x000075b4       0x48 src/ASF/sam0/drivers/usb/usb_sam_d_r/usb.o
                0x000075b4                usb_device_endpoint_read_buffer_job
 .text.usb_device_endpoint_setup_buffer_job
                0x000075fc       0x30 src/ASF/sam0/drivers/usb/usb_sam_d_r/usb.o
                0x000075fc                usb_device_endpoint_setup_buffer_job
 .text.usb_enable
                0x0000762c       0x14 src/ASF/sam0/drivers/usb/usb_sam_d_r/usb.o
                0x0000762c                usb_enable
 .text.USB_Handler
                0x00007640      0x3d8 src/ASF/sam0/drivers/usb/usb_sam_d_r/usb.o
                0x00007640                USB_Handler
 .text.usb_get_config_defaults
                0x00007a18        0xe src/ASF/sam0/drivers/usb/usb_sam_d_r/usb.o
                0x00007a18                usb_get_config_defaults
 *fill*         0x00007a26        0x2 
 .text.usb_init
                0x00007a28      0x1e4 src/ASF/sam0/drivers/usb/usb_sam_d_r/usb.o
                0x00007a28                usb_init
 .text.fusb302_tcpm_release
                0x00007c0c        0x4 src/FUSB302/FUSB302.o
 .text.i2c_master_lock
                0x00007c10       0x28 src/FUSB302/FUSB302.o
 .text.fusb302_rx_fifo_is_empty
                0x00007c38       0x3c src/FUSB302/FUSB302.o
 .text.fusb302_pd_reset
                0x00007c74       0x2c src/FUSB302/FUSB302.o
 .text.fusb302_flush_rx_fifo
                0x00007ca0       0x2c src/FUSB302/FUSB302.o
 .text.fusb302_tcpc_alert
                0x00007ccc       0xbc src/FUSB302/FUSB302.o
                0x00007ccc                fusb302_tcpc_alert
 .text.fusb302_tcpm_set_rx_enable
                0x00007d88       0xe8 src/FUSB302/FUSB302.o
 .text.fusb302_tcpm_set_msg_header
                0x00007e70       0x54 src/FUSB302/FUSB302.o
 .text.fusb302_tcpm_set_polarity
                0x00007ec4       0xac src/FUSB302/FUSB302.o
 .text.fusb302_tcpm_set_cc
                0x00007f70      0x100 src/FUSB302/FUSB302.o
 .text.fusb302_tcpm_select_rp_value
                0x00008070       0x7c src/FUSB302/FUSB302.o
 .text.measure_cc_pin_source
                0x000080ec       0xc4 src/FUSB302/FUSB302.o
 .text.convert_bc_lvl
                0x000081b0       0x40 src/FUSB302/FUSB302.o
 .text.fusb302_tcpm_get_cc
                0x000081f0      0x140 src/FUSB302/FUSB302.o
 .text.fusb302_tcpm_transmit
                0x00008330      0x158 src/FUSB302/FUSB302.o
 .text.fusb302_tcpm_init
                0x00008488       0xbc src/FUSB302/FUSB302.o
 .text.fusb302_tcpm_get_message
                0x00008544       0xec src/FUSB302/FUSB302.o
 .text.fusb302_tcpm_set_vconn
                0x00008630       0x64 src/FUSB302/FUSB302.o
 .text.tcpc_write
                0x00008694       0x3c src/FUSB302/tcpm_driver.o
                0x00008694                tcpc_write
 .text.tcpc_read
                0x000086d0       0x6c src/FUSB302/tcpm_driver.o
                0x000086d0                tcpc_read
 .text.tcpc_xfer
                0x0000873c       0x78 src/FUSB302/tcpm_driver.o
                0x0000873c                tcpc_xfer
 .text.pd_task_set_event
                0x000087b4        0x4 src/FUSB302/usb_pd_driver.o
                0x000087b4                pd_task_set_event
 .text.pd_set_input_current_limit
                0x000087b8        0x2 src/FUSB302/usb_pd_driver.o
                0x000087b8                pd_set_input_current_limit
 .text.pd_is_valid_input_voltage
                0x000087ba        0x4 src/FUSB302/usb_pd_driver.o
                0x000087ba                pd_is_valid_input_voltage
 .text.pd_snk_is_vbus_provided
                0x000087be        0x4 src/FUSB302/usb_pd_driver.o
                0x000087be                pd_snk_is_vbus_provided
 *fill*         0x000087c2        0x2 
 .text.get_time
                0x000087c4       0x34 src/FUSB302/usb_pd_driver.o
                0x000087c4                get_time
 .text.pd_power_supply_reset
                0x000087f8       0x58 src/FUSB302/usb_pd_driver.o
                0x000087f8                pd_power_supply_reset
 .text.pd_custom_vdm
                0x00008850        0x4 src/FUSB302/usb_pd_driver.o
                0x00008850                pd_custom_vdm
 .text.pd_execute_data_swap
                0x00008854        0x2 src/FUSB302/usb_pd_driver.o
                0x00008854                pd_execute_data_swap
 .text.pd_check_data_swap
                0x00008856        0x4 src/FUSB302/usb_pd_driver.o
                0x00008856                pd_check_data_swap
 .text.pd_check_power_swap
                0x0000885a        0x4 src/FUSB302/usb_pd_driver.o
                0x0000885a                pd_check_power_swap
 .text.pd_board_checks
                0x0000885e        0x4 src/FUSB302/usb_pd_driver.o
                0x0000885e                pd_board_checks
 *fill*         0x00008862        0x2 
 .text.pd_set_power_supply_ready
                0x00008864       0x6c src/FUSB302/usb_pd_driver.o
                0x00008864                pd_set_power_supply_ready
 .text.pd_transition_voltage
                0x000088d0       0x2c src/FUSB302/usb_pd_driver.o
                0x000088d0                pd_transition_voltage
 .text.pd_check_dr_role
                0x000088fc        0x2 src/FUSB302/usb_pd_driver.o
                0x000088fc                pd_check_dr_role
 .text.pd_check_pr_role
                0x000088fe        0x2 src/FUSB302/usb_pd_driver.o
                0x000088fe                pd_check_pr_role
 .text.pd_process_source_cap_callback
                0x00008900       0xc0 src/FUSB302/usb_pd_driver.o
                0x00008900                pd_process_source_cap_callback
 .text.pd_board_check_request
                0x000089c0       0xa8 src/FUSB302/usb_pd_driver.o
                0x000089c0                pd_board_check_request
 .text.EVSYS_Handler
                0x00008a68       0x38 src/ASF/sam0/drivers/events/events_hooks.o
                0x00008a68                EVSYS_Handler
 .text._system_events_init
                0x00008aa0       0x20 src/ASF/sam0/drivers/events/events_sam_d_r_h/events.o
                0x00008aa0                _system_events_init
 .text.delay_init
                0x00008ac0       0x40 src/ASF/common2/services/delay/sam0/systick_counter.o
                0x00008ac0                delay_init
 .text.delay_cycles_us
                0x00008b00       0x2c src/ASF/common2/services/delay/sam0/systick_counter.o
                0x00008b00                delay_cycles_us
 .text.delay_cycles_ms
                0x00008b2c       0x2c src/ASF/common2/services/delay/sam0/systick_counter.o
                0x00008b2c                delay_cycles_ms
 .text.port_pin_set_config
                0x00008b58       0x20 src/ASF/sam0/drivers/port/port.o
                0x00008b58                port_pin_set_config
 .text.system_board_init
                0x00008b78        0x2 src/ASF/common2/boards/user_board/init.o
                0x00008b78                board_init
                0x00008b78                system_board_init
 *fill*         0x00008b7a        0x2 
 .text.cpu_irq_enter_critical
                0x00008b7c       0x34 src/ASF/common/utils/interrupt/interrupt_sam_nvic.o
                0x00008b7c                cpu_irq_enter_critical
 .text.cpu_irq_leave_critical
                0x00008bb0       0x30 src/ASF/common/utils/interrupt/interrupt_sam_nvic.o
                0x00008bb0                cpu_irq_leave_critical
 .text._system_dfll_wait_for_sync
                0x00008be0       0x10 src/ASF/sam0/drivers/system/clock/clock_samd21_r21_da/clock.o
 .text.system_clock_source_enable.part.0
                0x00008bf0       0x38 src/ASF/sam0/drivers/system/clock/clock_samd21_r21_da/clock.o
 .text.system_clock_source_get_hz
                0x00008c28       0x94 src/ASF/sam0/drivers/system/clock/clock_samd21_r21_da/clock.o
                0x00008c28                system_clock_source_get_hz
 .text.system_clock_source_osc8m_set_config
                0x00008cbc       0x3c src/ASF/sam0/drivers/system/clock/clock_samd21_r21_da/clock.o
                0x00008cbc                system_clock_source_osc8m_set_config
 .text.system_clock_source_dfll_set_config
                0x00008cf8       0x7c src/ASF/sam0/drivers/system/clock/clock_samd21_r21_da/clock.o
                0x00008cf8                system_clock_source_dfll_set_config
 .text.system_clock_source_enable
                0x00008d74       0x68 src/ASF/sam0/drivers/system/clock/clock_samd21_r21_da/clock.o
                0x00008d74                system_clock_source_enable
 .text.system_clock_init
                0x00008ddc      0x160 src/ASF/sam0/drivers/system/clock/clock_samd21_r21_da/clock.o
                0x00008ddc                system_clock_init
 .text.system_gclk_is_syncing
                0x00008f3c        0xc src/ASF/sam0/drivers/system/clock/clock_samd21_r21_da/gclk.o
 .text.system_gclk_init
                0x00008f48       0x20 src/ASF/sam0/drivers/system/clock/clock_samd21_r21_da/gclk.o
                0x00008f48                system_gclk_init
 .text.system_gclk_gen_set_config
                0x00008f68       0xa4 src/ASF/sam0/drivers/system/clock/clock_samd21_r21_da/gclk.o
                0x00008f68                system_gclk_gen_set_config
 .text.system_gclk_gen_enable
                0x0000900c       0x40 src/ASF/sam0/drivers/system/clock/clock_samd21_r21_da/gclk.o
                0x0000900c                system_gclk_gen_enable
 .text.system_gclk_gen_get_hz
                0x0000904c       0x88 src/ASF/sam0/drivers/system/clock/clock_samd21_r21_da/gclk.o
                0x0000904c                system_gclk_gen_get_hz
 .text.system_gclk_chan_enable
                0x000090d4       0x30 src/ASF/sam0/drivers/system/clock/clock_samd21_r21_da/gclk.o
                0x000090d4                system_gclk_chan_enable
 .text.system_gclk_chan_disable
                0x00009104       0x58 src/ASF/sam0/drivers/system/clock/clock_samd21_r21_da/gclk.o
                0x00009104                system_gclk_chan_disable
 .text.system_gclk_chan_set_config
                0x0000915c       0x1c src/ASF/sam0/drivers/system/clock/clock_samd21_r21_da/gclk.o
                0x0000915c                system_gclk_chan_set_config
 .text.system_gclk_chan_get_hz
                0x00009178       0x34 src/ASF/sam0/drivers/system/clock/clock_samd21_r21_da/gclk.o
                0x00009178                system_gclk_chan_get_hz
 .text._system_pinmux_config
                0x000091ac       0x84 src/ASF/sam0/drivers/system/pinmux/pinmux.o
 .text.system_pinmux_pin_set_config
                0x00009230       0x2c src/ASF/sam0/drivers/system/pinmux/pinmux.o
                0x00009230                system_pinmux_pin_set_config
 .text._system_dummy_init
                0x0000925c        0x2 src/ASF/sam0/drivers/system/system.o
                0x0000925c                _system_dummy_init
                0x0000925c                _system_divas_init
 *fill*         0x0000925e        0x2 
 .text.system_init
                0x00009260       0x2c src/ASF/sam0/drivers/system/system.o
                0x00009260                system_init
 .text.Dummy_Handler
                0x0000928c        0x2 src/ASF/sam0/utils/cmsis/samd21/source/gcc/startup_samd21.o
                0x0000928c                DMAC_Handler
                0x0000928c                HardFault_Handler
                0x0000928c                AC_Handler
                0x0000928c                SysTick_Handler
                0x0000928c                PendSV_Handler
                0x0000928c                NMI_Handler
                0x0000928c                ADC_Handler
                0x0000928c                TCC1_Handler
                0x0000928c                TCC0_Handler
                0x0000928c                WDT_Handler
                0x0000928c                Dummy_Handler
                0x0000928c                PM_Handler
                0x0000928c                SVC_Handler
                0x0000928c                TCC2_Handler
                0x0000928c                I2S_Handler
                0x0000928c                NVMCTRL_Handler
                0x0000928c                DAC_Handler
                0x0000928c                SYSCTRL_Handler
 *fill*         0x0000928e        0x2 
 .text.Reset_Handler
                0x00009290       0xbc src/ASF/sam0/utils/cmsis/samd21/source/gcc/startup_samd21.o
                0x00009290                Reset_Handler
 .text._sbrk    0x0000934c       0x20 src/ASF/sam0/utils/syscalls/gcc/syscalls.o
                0x0000934c                _sbrk
 .text.UG_Init  0x0000936c       0x5c src/uGUI/ugui.o
                0x0000936c                UG_Init
 .text.UG_SelectGUI
                0x000093c8        0xc src/uGUI/ugui.o
                0x000093c8                UG_SelectGUI
 .text.UG_FontSelect
                0x000093d4       0x1c src/uGUI/ugui.o
                0x000093d4                UG_FontSelect
 .text.UG_PutChar
                0x000093f0       0xf4 src/uGUI/ugui.o
                0x000093f0                UG_PutChar
 .text.UG_PutString
                0x000094e4       0x74 src/uGUI/ugui.o
                0x000094e4                UG_PutString
 .text.pd_check_requested_voltage
                0x00009558       0x50 src/USBC_PD/usb_pd_policy.o
                0x00009558                pd_check_requested_voltage
 .text.pd_find_pdo_index
                0x000095a8       0xc8 src/USBC_PD/usb_pd_policy.o
                0x000095a8                pd_find_pdo_index
 .text.pd_extract_pdo_power
                0x00009670       0x6c src/USBC_PD/usb_pd_policy.o
                0x00009670                pd_extract_pdo_power
 .text.pd_build_request
                0x000096dc       0xc4 src/USBC_PD/usb_pd_policy.o
                0x000096dc                pd_build_request
 .text.pd_process_source_cap
                0x000097a0       0x58 src/USBC_PD/usb_pd_policy.o
                0x000097a0                pd_process_source_cap
 .text.pd_svdm  0x000097f8        0x4 src/USBC_PD/usb_pd_policy.o
                0x000097f8                pd_svdm
 .text.tcpm_init
                0x000097fc       0x28 src/USBC_PD/usb_pd_protocol.o
 .text.tcpm_set_cc
                0x00009824       0x14 src/USBC_PD/usb_pd_protocol.o
 .text.tcpm_set_polarity
                0x00009838       0x14 src/USBC_PD/usb_pd_protocol.o
 .text.tcpm_set_rx_enable
                0x0000984c       0x14 src/USBC_PD/usb_pd_protocol.o
 .text.pd_transmit
                0x00009860       0x30 src/USBC_PD/usb_pd_protocol.o
 .text.send_control
                0x00009890       0x34 src/USBC_PD/usb_pd_protocol.o
 .text.send_source_cap
                0x000098c4       0x58 src/USBC_PD/usb_pd_protocol.o
 .text.get_typec_current_limit
                0x0000991c       0x38 src/USBC_PD/usb_pd_protocol.o
 .text.pd_update_pdo_flags.part.0
                0x00009954       0x74 src/USBC_PD/usb_pd_protocol.o
 .text.tcpm_get_cc.constprop.12
                0x000099c8       0x20 src/USBC_PD/usb_pd_protocol.o
 .text.pd_update_roles
                0x000099e8       0x24 src/USBC_PD/usb_pd_protocol.o
 .text.set_state
                0x00009a0c       0x80 src/USBC_PD/usb_pd_protocol.o
 .text.pd_send_request_msg
                0x00009a8c       0x98 src/USBC_PD/usb_pd_protocol.o
 .text.pd_dr_swap
                0x00009b24       0x34 src/USBC_PD/usb_pd_protocol.o
 .text.pd_send_vdm.part.4
                0x00009b58       0x5c src/USBC_PD/usb_pd_protocol.o
 .text.pd_is_connected
                0x00009bb4       0x2c src/USBC_PD/usb_pd_protocol.o
                0x00009bb4                pd_is_connected
 .text.pd_transmit_complete
                0x00009be0       0x30 src/USBC_PD/usb_pd_protocol.o
                0x00009be0                pd_transmit_complete
 .text.pd_execute_hard_reset
                0x00009c10       0x7c src/USBC_PD/usb_pd_protocol.o
                0x00009c10                pd_execute_hard_reset
 .text.pd_init  0x00009c8c       0xa4 src/USBC_PD/usb_pd_protocol.o
                0x00009c8c                pd_init
 .text.pd_run_state_machine
                0x00009d30     0x1724 src/USBC_PD/usb_pd_protocol.o
                0x00009d30                pd_run_state_machine
 .text.touch_configure_ptc_clock
                0x0000b454       0x30 touch.o
                0x0000b454                touch_configure_ptc_clock
 .text.touch_app_err_handler
                0x0000b484       0x1a touch.o
                0x0000b484                touch_app_err_handler
 *fill*         0x0000b49e        0x2 
 .text.touch_sensors_init
                0x0000b4a0       0x94 touch.o
                0x0000b4a0                touch_sensors_init
 .text.touch_sensors_measure
                0x0000b534       0x50 touch.o
                0x0000b534                touch_sensors_measure
 .text.touch_selfcap_measure_complete_callback
                0x0000b584       0x20 touch.o
                0x0000b584                touch_selfcap_measure_complete_callback
 .text          0x0000b5a4      0x644 ../src/QTouch\libsamd21_qtouch_gcc.a(touch_api_selfcap_set1.o)
                0x0000b5a4                touch_self_process
                0x0000b5dc                touch_selfcap_sensors_init_with_rs_table
                0x0000b98c                touch_selfcap_sensors_deinit
                0x0000b9e8                touch_selfcap_sensor_config
                0x0000bab0                touch_selfcap_sensors_calibrate
                0x0000bb10                touch_selfcap_sensors_measure
                0x0000bb4c                touch_selfcap_sensor_get_delta
                0x0000bb84                touch_self_get_ctrl_ptr
                0x0000bb8c                touch_self_lowpower_sensor_enable_event_measure
 .text          0x0000bbe8     0x14e0 ../src/QTouch\libsamd21_qtouch_gcc.a(touch_ptc_acquire.o)
                0x0000bdb4                apply_next_sample_frequency
                0x0000bdce                setup_channel
                0x0000bed8                lk_chk
                0x0000bfe4                check_current_data
                0x0000bffc                touch_binary_search
                0x0000c020                binary_search_init
                0x0000c034                PTC_Handler
                0x0000c144                calc_update_burst_again_mask
                0x0000c318                calc_aks_update_burst_again_mask
                0x0000c38a                ptc_cc_calculate_formula
                0x0000c480                signal_stable_check
                0x0000c4f2                auto_os_resolve
                0x0000c5dc                median_filter
                0x0000c644                start_ptc_acquire
                0x0000c6b8                ptc_start_cycle_with_callbacks
                0x0000c7e0                ptc_start_event_trig_measure
                0x0000ca40                handle_eoc_interrupt
                0x0000cc9c                mutual_auto_tuning
                0x0000cdf8                self_auto_tuning
                0x0000cf58                mutual_cap_calib_check
                0x0000d010                self_cap_calib_check
 .text          0x0000d0c8      0x108 ../src/QTouch\libsamd21_qtouch_gcc.a(touch_ptc_acquire_self.o)
                0x0000d0c8                setup_self_channel_cc_recal
 .text          0x0000d1d0      0x5dc ../src/QTouch\libsamd21_qtouch_gcc.a(touch_ptc_config.o)
                0x0000d290                ptc_config_io_pins
                0x0000d2f2                sync_config
                0x0000d30c                enable_ptc
                0x0000d324                disable_ptc
                0x0000d33c                get_conversion_result
                0x0000d350                enable_run_in_stdby
                0x0000d360                disable_run_in_stdby
                0x0000d370                clear_wco_int_flag
                0x0000d380                clear_eoc_int_flag
                0x0000d390                check_n_clear_eoc_flag
                0x0000d3a8                check_n_clear_wco_flag
                0x0000d3c0                disable_wco_int
                0x0000d3d0                disable_eoc_int
                0x0000d3e0                enable_wco_int
                0x0000d3f0                enable_eoc_int
                0x0000d400                set_wco_threshold
                0x0000d41c                set_freq_spread
                0x0000d440                set_wco_mode
                0x0000d45c                set_xy_select
                0x0000d47c                set_xy_enable
                0x0000d4cc                reset_xy_enable
                0x0000d518                set_burst_mode
                0x0000d538                set_cts_lowpower_mode
                0x0000d550                set_adc_accumulation_cnt
                0x0000d56c                set_sample_delay
                0x0000d588                wait_eoc
                0x0000d5a4                wait_Start_conv
                0x0000d5c0                load_comp_cap
                0x0000d620                load_int_cap
                0x0000d650                load_sense_r
                0x0000d66c                load_ptc_prescaler
                0x0000d6a8                load_ptc_sense_r_prescaler
                0x0000d6cc                ptc_acquire
                0x0000d6e4                update_csd
                0x0000d6e6                ptc_init_settings
 .text          0x0000d7ac      0x2f4 ../src/QTouch\libsamd21_qtouch_gcc.a(touch_ptc_noise_mit.o)
                0x0000d7ac                freq_hop_tune_process
                0x0000d950                channel_noise_measurement
                0x0000d9de                signal_change_by_freq
                0x0000da10                touch_noise_mit_table_init
                0x0000da20                chk_frequency_auto_tune
                0x0000da70                channel_to_sensor_mapping
 .text          0x0000daa0      0x504 ../src/QTouch\libsamd21_qtouch_gcc.a(touch_rs_self.o)
                0x0000db4a                self_enable_rotor
                0x0000db96                self_enable_slider
                0x0000dc40                self_rotor_slider_enter_detect
                0x0000dcdc                self_calc_rotor_slider_sensor_delta
                0x0000dd64                self_calc_rotor_slider_value
                0x0000df74                touch_selfcap_rs_table_init
 .text          0x0000dfa4      0x774 ../src/QTouch\libsamd21_qtouch_gcc.a(touch_api_common.o)
                0x0000dfa4                enable_key
                0x0000e028                touch_sensor_config
                0x0000e088                process_touch_postprocessing_mode
                0x0000e0ac                reset_touch_postprocess_mode
                0x0000e0bc                touch_process
                0x0000e24c                get_touch_postprocess_mode
                0x0000e258                touch_init_sensing
                0x0000e2b0                touch_get_sensor_delta
                0x0000e344                touch_update_global_param
                0x0000e3c8                touch_get_global_param
                0x0000e438                touch_sensor_update_acq_config
                0x0000e4a2                touch_sensor_get_acq_config
                0x0000e510                touch_sensor_disable_internal
                0x0000e5d6                touch_suspend_ptc
                0x0000e5f8                touch_resume_ptc
                0x0000e660                touch_memset
                0x0000e670                touch_get_libinfo
                0x0000e6bc                touch_sensors_deinit_internal
 .text          0x0000e718      0x6cc ../src/QTouch\libsamd21_qtouch_gcc.a(touch_process.o)
                0x0000e878                process_aks
                0x0000e914                start_cal_sensor
                0x0000e936                process_sensor_stability
                0x0000e9c2                enable_aks
                0x0000e9e0                get_channel_delta
                0x0000e9f6                populate_cc_calib_array
                0x0000ea1c                process_sensor
 .text          0x0000ede4       0x14 c:/program files (x86)/atmel/studio/7.0/toolchain/arm/arm-gnu-toolchain/bin/../lib/gcc/arm-none-eabi/6.3.1/thumb/v6-m\libgcc.a(_thumb1_case_uqi.o)
                0x0000ede4                __gnu_thumb1_case_uqi
 .text          0x0000edf8       0x14 c:/program files (x86)/atmel/studio/7.0/toolchain/arm/arm-gnu-toolchain/bin/../lib/gcc/arm-none-eabi/6.3.1/thumb/v6-m\libgcc.a(_thumb1_case_shi.o)
                0x0000edf8                __gnu_thumb1_case_shi
 .text          0x0000ee0c       0x14 c:/program files (x86)/atmel/studio/7.0/toolchain/arm/arm-gnu-toolchain/bin/../lib/gcc/arm-none-eabi/6.3.1/thumb/v6-m\libgcc.a(_thumb1_case_uhi.o)
                0x0000ee0c                __gnu_thumb1_case_uhi
 .text          0x0000ee20      0x114 c:/program files (x86)/atmel/studio/7.0/toolchain/arm/arm-gnu-toolchain/bin/../lib/gcc/arm-none-eabi/6.3.1/thumb/v6-m\libgcc.a(_udivsi3.o)
                0x0000ee20                __aeabi_uidiv
                0x0000ee20                __udivsi3
                0x0000ef2c                __aeabi_uidivmod
 .text          0x0000ef34      0x1d4 c:/program files (x86)/atmel/studio/7.0/toolchain/arm/arm-gnu-toolchain/bin/../lib/gcc/arm-none-eabi/6.3.1/thumb/v6-m\libgcc.a(_divsi3.o)
                0x0000ef34                __divsi3
                0x0000ef34                __aeabi_idiv
                0x0000f100                __aeabi_idivmod
 .text          0x0000f108        0x4 c:/program files (x86)/atmel/studio/7.0/toolchain/arm/arm-gnu-toolchain/bin/../lib/gcc/arm-none-eabi/6.3.1/thumb/v6-m\libgcc.a(_dvmd_tls.o)
                0x0000f108                __aeabi_idiv0
                0x0000f108                __aeabi_ldiv0
 .text          0x0000f10c       0x18 c:/program files (x86)/atmel/studio/7.0/toolchain/arm/arm-gnu-toolchain/bin/../lib/gcc/arm-none-eabi/6.3.1/thumb/v6-m\libgcc.a(_lshrdi3.o)
                0x0000f10c                __lshrdi3
                0x0000f10c                __aeabi_llsr
 .text          0x0000f124       0x18 c:/program files (x86)/atmel/studio/7.0/toolchain/arm/arm-gnu-toolchain/bin/../lib/gcc/arm-none-eabi/6.3.1/thumb/v6-m\libgcc.a(_ashldi3.o)
                0x0000f124                __aeabi_llsl
                0x0000f124                __ashldi3
 .text          0x0000f13c       0x3c c:/program files (x86)/atmel/studio/7.0/toolchain/arm/arm-gnu-toolchain/bin/../lib/gcc/arm-none-eabi/6.3.1/thumb/v6-m\libgcc.a(_clzsi2.o)
                0x0000f13c                __clzsi2
 .text          0x0000f178       0x40 c:/program files (x86)/atmel/studio/7.0/toolchain/arm/arm-gnu-toolchain/bin/../lib/gcc/arm-none-eabi/6.3.1/thumb/v6-m\libgcc.a(_ctzsi2.o)
                0x0000f178                __ctzsi2
 .text          0x0000f1b8      0x290 c:/program files (x86)/atmel/studio/7.0/toolchain/arm/arm-gnu-toolchain/bin/../lib/gcc/arm-none-eabi/6.3.1/thumb/v6-m\libgcc.a(divsf3.o)
                0x0000f1b8                __aeabi_fdiv
 .text          0x0000f448       0x8c c:/program files (x86)/atmel/studio/7.0/toolchain/arm/arm-gnu-toolchain/bin/../lib/gcc/arm-none-eabi/6.3.1/thumb/v6-m\libgcc.a(floatunsisf.o)
                0x0000f448                __aeabi_ui2f
 .text          0x0000f4d4      0x620 c:/program files (x86)/atmel/studio/7.0/toolchain/arm/arm-gnu-toolchain/bin/../lib/gcc/arm-none-eabi/6.3.1/thumb/v6-m\libgcc.a(adddf3.o)
                0x0000f4d4                __aeabi_dadd
 .text          0x0000faf4      0x668 c:/program files (x86)/atmel/studio/7.0/toolchain/arm/arm-gnu-toolchain/bin/../lib/gcc/arm-none-eabi/6.3.1/thumb/v6-m\libgcc.a(divdf3.o)
                0x0000faf4                __aeabi_ddiv
 .text          0x0001015c      0x500 c:/program files (x86)/atmel/studio/7.0/toolchain/arm/arm-gnu-toolchain/bin/../lib/gcc/arm-none-eabi/6.3.1/thumb/v6-m\libgcc.a(muldf3.o)
                0x0001015c                __aeabi_dmul
 .text          0x0001065c      0x62c c:/program files (x86)/atmel/studio/7.0/toolchain/arm/arm-gnu-toolchain/bin/../lib/gcc/arm-none-eabi/6.3.1/thumb/v6-m\libgcc.a(subdf3.o)
                0x0001065c                __aeabi_dsub
 .text          0x00010c88       0x68 c:/program files (x86)/atmel/studio/7.0/toolchain/arm/arm-gnu-toolchain/bin/../lib/gcc/arm-none-eabi/6.3.1/thumb/v6-m\libgcc.a(fixdfsi.o)
                0x00010c88                __aeabi_d2iz
 .text          0x00010cf0       0x70 c:/program files (x86)/atmel/studio/7.0/toolchain/arm/arm-gnu-toolchain/bin/../lib/gcc/arm-none-eabi/6.3.1/thumb/v6-m\libgcc.a(floatunsidf.o)
                0x00010cf0                __aeabi_ui2d
 .text          0x00010d60       0xa4 c:/program files (x86)/atmel/studio/7.0/toolchain/arm/arm-gnu-toolchain/bin/../lib/gcc/arm-none-eabi/6.3.1/thumb/v6-m\libgcc.a(extendsfdf2.o)
                0x00010d60                __aeabi_f2d
 .text.__libc_init_array
                0x00010e04       0x48 c:/program files (x86)/atmel/studio/7.0/toolchain/arm/arm-gnu-toolchain/bin/../lib/gcc/arm-none-eabi/6.3.1/../../../../arm-none-eabi/lib/thumb/v6-m\libc.a(lib_a-init.o)
                0x00010e04                __libc_init_array
 .text.memcpy   0x00010e4c       0x84 c:/program files (x86)/atmel/studio/7.0/toolchain/arm/arm-gnu-toolchain/bin/../lib/gcc/arm-none-eabi/6.3.1/../../../../arm-none-eabi/lib/thumb/v6-m\libc.a(lib_a-memcpy-stub.o)
                0x00010e4c                memcpy
 .text.memset   0x00010ed0       0x94 c:/program files (x86)/atmel/studio/7.0/toolchain/arm/arm-gnu-toolchain/bin/../lib/gcc/arm-none-eabi/6.3.1/../../../../arm-none-eabi/lib/thumb/v6-m\libc.a(lib_a-memset.o)
                0x00010ed0                memset
 .text.sprintf  0x00010f64       0x44 c:/program files (x86)/atmel/studio/7.0/toolchain/arm/arm-gnu-toolchain/bin/../lib/gcc/arm-none-eabi/6.3.1/../../../../arm-none-eabi/lib/thumb/v6-m\libc.a(lib_a-sprintf.o)
                0x00010f64                sprintf
 .text.strcpy   0x00010fa8       0x10 c:/program files (x86)/atmel/studio/7.0/toolchain/arm/arm-gnu-toolchain/bin/../lib/gcc/arm-none-eabi/6.3.1/../../../../arm-none-eabi/lib/thumb/v6-m\libc.a(lib_a-strcpy.o)
                0x00010fa8                strcpy
 .text._svfprintf_r
                0x00010fb8     0x1608 c:/program files (x86)/atmel/studio/7.0/toolchain/arm/arm-gnu-toolchain/bin/../lib/gcc/arm-none-eabi/6.3.1/../../../../arm-none-eabi/lib/thumb/v6-m\libc.a(lib_a-svfprintf.o)
                0x00010fb8                _svfprintf_r
 .text.startup.register_fini
                0x000125c0       0x18 c:/program files (x86)/atmel/studio/7.0/toolchain/arm/arm-gnu-toolchain/bin/../lib/gcc/arm-none-eabi/6.3.1/../../../../arm-none-eabi/lib/thumb/v6-m\libc.a(lib_a-__call_atexit.o)
 .text.atexit   0x000125d8       0x10 c:/program files (x86)/atmel/studio/7.0/toolchain/arm/arm-gnu-toolchain/bin/../lib/gcc/arm-none-eabi/6.3.1/../../../../arm-none-eabi/lib/thumb/v6-m\libc.a(lib_a-atexit.o)
                0x000125d8                atexit
 .text.quorem   0x000125e8      0x154 c:/program files (x86)/atmel/studio/7.0/toolchain/arm/arm-gnu-toolchain/bin/../lib/gcc/arm-none-eabi/6.3.1/../../../../arm-none-eabi/lib/thumb/v6-m\libc.a(lib_a-dtoa.o)
 .text._dtoa_r  0x0001273c      0xf88 c:/program files (x86)/atmel/studio/7.0/toolchain/arm/arm-gnu-toolchain/bin/../lib/gcc/arm-none-eabi/6.3.1/../../../../arm-none-eabi/lib/thumb/v6-m\libc.a(lib_a-dtoa.o)
                0x0001273c                _dtoa_r
 .text.__libc_fini_array
                0x000136c4       0x34 c:/program files (x86)/atmel/studio/7.0/toolchain/arm/arm-gnu-toolchain/bin/../lib/gcc/arm-none-eabi/6.3.1/../../../../arm-none-eabi/lib/thumb/v6-m\libc.a(lib_a-fini.o)
                0x000136c4                __libc_fini_array
 .text._malloc_trim_r
                0x000136f8       0xa0 c:/program files (x86)/atmel/studio/7.0/toolchain/arm/arm-gnu-toolchain/bin/../lib/gcc/arm-none-eabi/6.3.1/../../../../arm-none-eabi/lib/thumb/v6-m\libc.a(lib_a-freer.o)
                0x000136f8                _malloc_trim_r
 .text._free_r  0x00013798      0x1bc c:/program files (x86)/atmel/studio/7.0/toolchain/arm/arm-gnu-toolchain/bin/../lib/gcc/arm-none-eabi/6.3.1/../../../../arm-none-eabi/lib/thumb/v6-m\libc.a(lib_a-freer.o)
                0x00013798                _free_r
 .text._localeconv_r
                0x00013954       0x1c c:/program files (x86)/atmel/studio/7.0/toolchain/arm/arm-gnu-toolchain/bin/../lib/gcc/arm-none-eabi/6.3.1/../../../../arm-none-eabi/lib/thumb/v6-m\libc.a(lib_a-localeconv.o)
                0x00013954                _localeconv_r
 .text.__retarget_lock_acquire_recursive
                0x00013970        0x4 c:/program files (x86)/atmel/studio/7.0/toolchain/arm/arm-gnu-toolchain/bin/../lib/gcc/arm-none-eabi/6.3.1/../../../../arm-none-eabi/lib/thumb/v6-m\libc.a(lib_a-lock.o)
                0x00013970                __retarget_lock_acquire_recursive
 .text.__retarget_lock_release_recursive
                0x00013974        0x4 c:/program files (x86)/atmel/studio/7.0/toolchain/arm/arm-gnu-toolchain/bin/../lib/gcc/arm-none-eabi/6.3.1/../../../../arm-none-eabi/lib/thumb/v6-m\libc.a(lib_a-lock.o)
                0x00013974                __retarget_lock_release_recursive
 .text._malloc_r
                0x00013978      0x568 c:/program files (x86)/atmel/studio/7.0/toolchain/arm/arm-gnu-toolchain/bin/../lib/gcc/arm-none-eabi/6.3.1/../../../../arm-none-eabi/lib/thumb/v6-m\libc.a(lib_a-mallocr.o)
                0x00013978                _malloc_r
 .text.memchr   0x00013ee0       0x80 c:/program files (x86)/atmel/studio/7.0/toolchain/arm/arm-gnu-toolchain/bin/../lib/gcc/arm-none-eabi/6.3.1/../../../../arm-none-eabi/lib/thumb/v6-m\libc.a(lib_a-memchr-stub.o)
                0x00013ee0                memchr
 .text.__malloc_lock
                0x00013f60       0x10 c:/program files (x86)/atmel/studio/7.0/toolchain/arm/arm-gnu-toolchain/bin/../lib/gcc/arm-none-eabi/6.3.1/../../../../arm-none-eabi/lib/thumb/v6-m\libc.a(lib_a-mlock.o)
                0x00013f60                __malloc_lock
 .text.__malloc_unlock
                0x00013f70       0x10 c:/program files (x86)/atmel/studio/7.0/toolchain/arm/arm-gnu-toolchain/bin/../lib/gcc/arm-none-eabi/6.3.1/../../../../arm-none-eabi/lib/thumb/v6-m\libc.a(lib_a-mlock.o)
                0x00013f70                __malloc_unlock
 .text._Balloc  0x00013f80       0x50 c:/program files (x86)/atmel/studio/7.0/toolchain/arm/arm-gnu-toolchain/bin/../lib/gcc/arm-none-eabi/6.3.1/../../../../arm-none-eabi/lib/thumb/v6-m\libc.a(lib_a-mprec.o)
                0x00013f80                _Balloc
 .text._Bfree   0x00013fd0       0x14 c:/program files (x86)/atmel/studio/7.0/toolchain/arm/arm-gnu-toolchain/bin/../lib/gcc/arm-none-eabi/6.3.1/../../../../arm-none-eabi/lib/thumb/v6-m\libc.a(lib_a-mprec.o)
                0x00013fd0                _Bfree
 .text.__multadd
                0x00013fe4       0x8c c:/program files (x86)/atmel/studio/7.0/toolchain/arm/arm-gnu-toolchain/bin/../lib/gcc/arm-none-eabi/6.3.1/../../../../arm-none-eabi/lib/thumb/v6-m\libc.a(lib_a-mprec.o)
                0x00013fe4                __multadd
 .text.__hi0bits
                0x00014070       0x34 c:/program files (x86)/atmel/studio/7.0/toolchain/arm/arm-gnu-toolchain/bin/../lib/gcc/arm-none-eabi/6.3.1/../../../../arm-none-eabi/lib/thumb/v6-m\libc.a(lib_a-mprec.o)
                0x00014070                __hi0bits
 .text.__lo0bits
                0x000140a4       0x5c c:/program files (x86)/atmel/studio/7.0/toolchain/arm/arm-gnu-toolchain/bin/../lib/gcc/arm-none-eabi/6.3.1/../../../../arm-none-eabi/lib/thumb/v6-m\libc.a(lib_a-mprec.o)
                0x000140a4                __lo0bits
 .text.__i2b    0x00014100       0x14 c:/program files (x86)/atmel/studio/7.0/toolchain/arm/arm-gnu-toolchain/bin/../lib/gcc/arm-none-eabi/6.3.1/../../../../arm-none-eabi/lib/thumb/v6-m\libc.a(lib_a-mprec.o)
                0x00014100                __i2b
 .text.__multiply
                0x00014114      0x154 c:/program files (x86)/atmel/studio/7.0/toolchain/arm/arm-gnu-toolchain/bin/../lib/gcc/arm-none-eabi/6.3.1/../../../../arm-none-eabi/lib/thumb/v6-m\libc.a(lib_a-mprec.o)
                0x00014114                __multiply
 .text.__pow5mult
                0x00014268       0xc0 c:/program files (x86)/atmel/studio/7.0/toolchain/arm/arm-gnu-toolchain/bin/../lib/gcc/arm-none-eabi/6.3.1/../../../../arm-none-eabi/lib/thumb/v6-m\libc.a(lib_a-mprec.o)
                0x00014268                __pow5mult
 .text.__lshift
                0x00014328       0xc0 c:/program files (x86)/atmel/studio/7.0/toolchain/arm/arm-gnu-toolchain/bin/../lib/gcc/arm-none-eabi/6.3.1/../../../../arm-none-eabi/lib/thumb/v6-m\libc.a(lib_a-mprec.o)
                0x00014328                __lshift
 .text.__mcmp   0x000143e8       0x34 c:/program files (x86)/atmel/studio/7.0/toolchain/arm/arm-gnu-toolchain/bin/../lib/gcc/arm-none-eabi/6.3.1/../../../../arm-none-eabi/lib/thumb/v6-m\libc.a(lib_a-mprec.o)
                0x000143e8                __mcmp
 .text.__mdiff  0x0001441c      0x138 c:/program files (x86)/atmel/studio/7.0/toolchain/arm/arm-gnu-toolchain/bin/../lib/gcc/arm-none-eabi/6.3.1/../../../../arm-none-eabi/lib/thumb/v6-m\libc.a(lib_a-mprec.o)
                0x0001441c                __mdiff
 .text.__d2b    0x00014554       0xbc c:/program files (x86)/atmel/studio/7.0/toolchain/arm/arm-gnu-toolchain/bin/../lib/gcc/arm-none-eabi/6.3.1/../../../../arm-none-eabi/lib/thumb/v6-m\libc.a(lib_a-mprec.o)
                0x00014554                __d2b
 .text._sbrk_r  0x00014610       0x24 c:/program files (x86)/atmel/studio/7.0/toolchain/arm/arm-gnu-toolchain/bin/../lib/gcc/arm-none-eabi/6.3.1/../../../../arm-none-eabi/lib/thumb/v6-m\libc.a(lib_a-sbrkr.o)
                0x00014610                _sbrk_r
 .text.strlen   0x00014634       0x64 c:/program files (x86)/atmel/studio/7.0/toolchain/arm/arm-gnu-toolchain/bin/../lib/gcc/arm-none-eabi/6.3.1/../../../../arm-none-eabi/lib/thumb/v6-m\libc.a(lib_a-strlen-stub.o)
                0x00014634                strlen
 .text.__ssprint_r
                0x00014698      0x120 c:/program files (x86)/atmel/studio/7.0/toolchain/arm/arm-gnu-toolchain/bin/../lib/gcc/arm-none-eabi/6.3.1/../../../../arm-none-eabi/lib/thumb/v6-m\libc.a(lib_a-svfiprintf.o)
                0x00014698                __ssprint_r
 .text.__register_exitproc
                0x000147b8       0xf4 c:/program files (x86)/atmel/studio/7.0/toolchain/arm/arm-gnu-toolchain/bin/../lib/gcc/arm-none-eabi/6.3.1/../../../../arm-none-eabi/lib/thumb/v6-m\libc.a(lib_a-__atexit.o)
                0x000147b8                __register_exitproc
 .text._calloc_r
                0x000148ac       0x58 c:/program files (x86)/atmel/studio/7.0/toolchain/arm/arm-gnu-toolchain/bin/../lib/gcc/arm-none-eabi/6.3.1/../../../../arm-none-eabi/lib/thumb/v6-m\libc.a(lib_a-callocr.o)
                0x000148ac                _calloc_r
 .text.__ascii_mbtowc
                0x00014904       0x2c c:/program files (x86)/atmel/studio/7.0/toolchain/arm/arm-gnu-toolchain/bin/../lib/gcc/arm-none-eabi/6.3.1/../../../../arm-none-eabi/lib/thumb/v6-m\libc.a(lib_a-mbtowc_r.o)
                0x00014904                __ascii_mbtowc
 .text.memmove  0x00014930       0xa0 c:/program files (x86)/atmel/studio/7.0/toolchain/arm/arm-gnu-toolchain/bin/../lib/gcc/arm-none-eabi/6.3.1/../../../../arm-none-eabi/lib/thumb/v6-m\libc.a(lib_a-memmove.o)
                0x00014930                memmove
 .text._realloc_r
                0x000149d0      0x37c c:/program files (x86)/atmel/studio/7.0/toolchain/arm/arm-gnu-toolchain/bin/../lib/gcc/arm-none-eabi/6.3.1/../../../../arm-none-eabi/lib/thumb/v6-m\libc.a(lib_a-reallocr.o)
                0x000149d0                _realloc_r
 .text.__ascii_wctomb
                0x00014d4c       0x1c c:/program files (x86)/atmel/studio/7.0/toolchain/arm/arm-gnu-toolchain/bin/../lib/gcc/arm-none-eabi/6.3.1/../../../../arm-none-eabi/lib/thumb/v6-m\libc.a(lib_a-wctomb_r.o)
                0x00014d4c                __ascii_wctomb
 .text          0x00014d68       0x7c c:/program files (x86)/atmel/studio/7.0/toolchain/arm/arm-gnu-toolchain/bin/../lib/gcc/arm-none-eabi/6.3.1/thumb/v6-m\libgcc.a(_arm_cmpdf2.o)
                0x00014d68                __aeabi_cdrcmple
                0x00014d78                __aeabi_cdcmple
                0x00014d78                __aeabi_cdcmpeq
                0x00014d88                __aeabi_dcmpeq
                0x00014d94                __aeabi_dcmplt
                0x00014da8                __aeabi_dcmple
                0x00014dbc                __aeabi_dcmpgt
                0x00014dd0                __aeabi_dcmpge
 .text          0x00014de4       0x40 c:/program files (x86)/atmel/studio/7.0/toolchain/arm/arm-gnu-toolchain/bin/../lib/gcc/arm-none-eabi/6.3.1/thumb/v6-m\libgcc.a(_aeabi_uldivmod.o)
                0x00014de4                __aeabi_uldivmod
 .text          0x00014e24      0x180 c:/program files (x86)/atmel/studio/7.0/toolchain/arm/arm-gnu-toolchain/bin/../lib/gcc/arm-none-eabi/6.3.1/thumb/v6-m\libgcc.a(_udivmoddi4.o)
                0x00014e24                __udivmoddi4
 .text          0x00014fa4       0x74 c:/program files (x86)/atmel/studio/7.0/toolchain/arm/arm-gnu-toolchain/bin/../lib/gcc/arm-none-eabi/6.3.1/thumb/v6-m\libgcc.a(eqdf2.o)
                0x00014fa4                __nedf2
                0x00014fa4                __eqdf2
 .text          0x00015018       0xc8 c:/program files (x86)/atmel/studio/7.0/toolchain/arm/arm-gnu-toolchain/bin/../lib/gcc/arm-none-eabi/6.3.1/thumb/v6-m\libgcc.a(gedf2.o)
                0x00015018                __gedf2
                0x00015018                __gtdf2
 .text          0x000150e0       0xc4 c:/program files (x86)/atmel/studio/7.0/toolchain/arm/arm-gnu-toolchain/bin/../lib/gcc/arm-none-eabi/6.3.1/thumb/v6-m\libgcc.a(ledf2.o)
                0x000150e0                __ledf2
                0x000150e0                __ltdf2
 .text          0x000151a4       0x40 c:/program files (x86)/atmel/studio/7.0/toolchain/arm/arm-gnu-toolchain/bin/../lib/gcc/arm-none-eabi/6.3.1/thumb/v6-m\libgcc.a(unorddf2.o)
                0x000151a4                __aeabi_dcmpun
 .text          0x000151e4       0x84 c:/program files (x86)/atmel/studio/7.0/toolchain/arm/arm-gnu-toolchain/bin/../lib/gcc/arm-none-eabi/6.3.1/thumb/v6-m\libgcc.a(floatsidf.o)
                0x000151e4                __aeabi_i2d
 .text          0x00015268       0x18 c:/program files (x86)/atmel/studio/7.0/toolchain/arm/arm-gnu-toolchain/bin/../lib/gcc/arm-none-eabi/6.3.1/thumb/v6-m\libgcc.a(_clzdi2.o)
                0x00015268                __clzdi2
 *(.glue_7t)
 .glue_7t       0x00015280        0x0 linker stubs
 *(.glue_7)
 .glue_7        0x00015280        0x0 linker stubs
 *(.rodata .rodata* .gnu.linkonce.r.*)
 .rodata.tc_interrupt_vectors.14372
                0x00015280        0x3 main.o
 *fill*         0x00015283        0x1 
 .rodata.tcpc_config
                0x00015284       0x10 main.o
                0x00015284                tcpc_config
 .rodata        0x00015294       0x10 src/ASF/sam0/drivers/sercom/sercom.o
 .rodata        0x000152a4        0xc src/ASF/sam0/drivers/tc/tc_sam_d_r_h/tc.o
 .rodata._usb_device_irq_bits
                0x000152b0        0xe src/ASF/sam0/drivers/usb/usb_sam_d_r/usb.o
 .rodata._usb_endpoint_irq_bits
                0x000152be        0x4 src/ASF/sam0/drivers/usb/usb_sam_d_r/usb.o
 *fill*         0x000152c2        0x2 
 .rodata.fusb302_tcpm_drv
                0x000152c4       0x3c src/FUSB302/FUSB302.o
                0x000152c4                fusb302_tcpm_drv
 .rodata.pd_board_check_request.str1.1
                0x00015300       0x3a src/FUSB302/usb_pd_driver.o
 .rodata.pd_power_supply_reset.str1.1
                0x0001533a       0x13 src/FUSB302/usb_pd_driver.o
 .rodata.pd_process_source_cap_callback.str1.1
                0x0001534d       0x24 src/FUSB302/usb_pd_driver.o
 .rodata.pd_set_power_supply_ready.str1.1
                0x00015371       0x21 src/FUSB302/usb_pd_driver.o
 *fill*         0x00015392        0x2 
 .rodata.pd_snk_pdo
                0x00015394        0xc src/FUSB302/usb_pd_driver.o
                0x00015394                pd_snk_pdo
 .rodata.pd_snk_pdo_cnt
                0x000153a0        0x4 src/FUSB302/usb_pd_driver.o
                0x000153a0                pd_snk_pdo_cnt
 .rodata.pd_src_pdo
                0x000153a4        0x8 src/FUSB302/usb_pd_driver.o
                0x000153a4                pd_src_pdo
 .rodata.pd_src_pdo_cnt
                0x000153ac        0x4 src/FUSB302/usb_pd_driver.o
                0x000153ac                pd_src_pdo_cnt
 .rodata.FONT_6X8
                0x000153b0        0x8 src/uGUI/ugui.o
                0x000153b0                FONT_6X8
 .rodata.font_6x8
                0x000153b8      0x800 src/uGUI/ugui.o
                0x000153b8                font_6x8
 .rodata        0x00015bb8       0xa8 ../src/QTouch\libsamd21_qtouch_gcc.a(touch_ptc_acquire.o)
                0x00015bb8                ci_table
                0x00015bd0                cc_rough
                0x00015be0                cc_coarse
                0x00015c20                cc_fine
                0x00015c40                cc_accurate
 .rodata        0x00015c60       0x80 c:/program files (x86)/atmel/studio/7.0/toolchain/arm/arm-gnu-toolchain/bin/../lib/gcc/arm-none-eabi/6.3.1/thumb/v6-m\libgcc.a(divsf3.o)
 .rodata        0x00015ce0       0x40 c:/program files (x86)/atmel/studio/7.0/toolchain/arm/arm-gnu-toolchain/bin/../lib/gcc/arm-none-eabi/6.3.1/thumb/v6-m\libgcc.a(divdf3.o)
 .rodata        0x00015d20       0x40 c:/program files (x86)/atmel/studio/7.0/toolchain/arm/arm-gnu-toolchain/bin/../lib/gcc/arm-none-eabi/6.3.1/thumb/v6-m\libgcc.a(muldf3.o)
 .rodata._global_impure_ptr
                0x00015d60        0x4 c:/program files (x86)/atmel/studio/7.0/toolchain/arm/arm-gnu-toolchain/bin/../lib/gcc/arm-none-eabi/6.3.1/../../../../arm-none-eabi/lib/thumb/v6-m\libc.a(lib_a-impure.o)
                0x00015d60                _global_impure_ptr
 .rodata._svfprintf_r
                0x00015d64      0x164 c:/program files (x86)/atmel/studio/7.0/toolchain/arm/arm-gnu-toolchain/bin/../lib/gcc/arm-none-eabi/6.3.1/../../../../arm-none-eabi/lib/thumb/v6-m\libc.a(lib_a-svfprintf.o)
 .rodata._svfprintf_r.str1.4
                0x00015ec8       0x42 c:/program files (x86)/atmel/studio/7.0/toolchain/arm/arm-gnu-toolchain/bin/../lib/gcc/arm-none-eabi/6.3.1/../../../../arm-none-eabi/lib/thumb/v6-m\libc.a(lib_a-svfprintf.o)
 *fill*         0x00015f0a        0x2 
 .rodata.blanks.7223
                0x00015f0c       0x10 c:/program files (x86)/atmel/studio/7.0/toolchain/arm/arm-gnu-toolchain/bin/../lib/gcc/arm-none-eabi/6.3.1/../../../../arm-none-eabi/lib/thumb/v6-m\libc.a(lib_a-svfprintf.o)
 .rodata.zeroes.7224
                0x00015f1c       0x10 c:/program files (x86)/atmel/studio/7.0/toolchain/arm/arm-gnu-toolchain/bin/../lib/gcc/arm-none-eabi/6.3.1/../../../../arm-none-eabi/lib/thumb/v6-m\libc.a(lib_a-svfprintf.o)
 .rodata._dtoa_r.str1.4
                0x00015f2c       0x10 c:/program files (x86)/atmel/studio/7.0/toolchain/arm/arm-gnu-toolchain/bin/../lib/gcc/arm-none-eabi/6.3.1/../../../../arm-none-eabi/lib/thumb/v6-m\libc.a(lib_a-dtoa.o)
                                 0x12 (size before relaxing)
 *fill*         0x00015f3c        0x4 
 .rodata.__mprec_bigtens
                0x00015f40       0x28 c:/program files (x86)/atmel/studio/7.0/toolchain/arm/arm-gnu-toolchain/bin/../lib/gcc/arm-none-eabi/6.3.1/../../../../arm-none-eabi/lib/thumb/v6-m\libc.a(lib_a-mprec.o)
                0x00015f40                __mprec_bigtens
 .rodata.__mprec_tens
                0x00015f68       0xc8 c:/program files (x86)/atmel/studio/7.0/toolchain/arm/arm-gnu-toolchain/bin/../lib/gcc/arm-none-eabi/6.3.1/../../../../arm-none-eabi/lib/thumb/v6-m\libc.a(lib_a-mprec.o)
                0x00015f68                __mprec_tens
 .rodata.p05.6055
                0x00016030        0xc c:/program files (x86)/atmel/studio/7.0/toolchain/arm/arm-gnu-toolchain/bin/../lib/gcc/arm-none-eabi/6.3.1/../../../../arm-none-eabi/lib/thumb/v6-m\libc.a(lib_a-mprec.o)
 .rodata._setlocale_r.str1.4
                0x0001603c        0xa c:/program files (x86)/atmel/studio/7.0/toolchain/arm/arm-gnu-toolchain/bin/../lib/gcc/arm-none-eabi/6.3.1/../../../../arm-none-eabi/lib/thumb/v6-m\libc.a(lib_a-locale.o)
                                  0xd (size before relaxing)
 *fill*         0x00016046        0x2 
 .rodata.str1.4
                0x00016048        0x4 c:/program files (x86)/atmel/studio/7.0/toolchain/arm/arm-gnu-toolchain/bin/../lib/gcc/arm-none-eabi/6.3.1/../../../../arm-none-eabi/lib/thumb/v6-m\libc.a(lib_a-locale.o)
                                  0x2 (size before relaxing)
 .rodata._ctype_
                0x0001604c      0x101 c:/program files (x86)/atmel/studio/7.0/toolchain/arm/arm-gnu-toolchain/bin/../lib/gcc/arm-none-eabi/6.3.1/../../../../arm-none-eabi/lib/thumb/v6-m\libc.a(lib_a-ctype_.o)
                0x0001604c                _ctype_
 *(.ARM.extab* .gnu.linkonce.armextab.*)
                0x00016150                . = ALIGN (0x4)
 *fill*         0x0001614d        0x3 
 *(.init)
 .init          0x00016150        0x4 c:/program files (x86)/atmel/studio/7.0/toolchain/arm/arm-gnu-toolchain/bin/../lib/gcc/arm-none-eabi/6.3.1/thumb/v6-m/crti.o
                0x00016150                _init
 .init          0x00016154        0x8 c:/program files (x86)/atmel/studio/7.0/toolchain/arm/arm-gnu-toolchain/bin/../lib/gcc/arm-none-eabi/6.3.1/thumb/v6-m/crtn.o
                0x0001615c                . = ALIGN (0x4)
                0x0001615c                __preinit_array_start = .
 *(.preinit_array)
                0x0001615c                __preinit_array_end = .
                0x0001615c                . = ALIGN (0x4)
                0x0001615c                __init_array_start = .
 *(SORT(.init_array.*))
 .init_array.00000
                0x0001615c        0x4 c:/program files (x86)/atmel/studio/7.0/toolchain/arm/arm-gnu-toolchain/bin/../lib/gcc/arm-none-eabi/6.3.1/../../../../arm-none-eabi/lib/thumb/v6-m\libc.a(lib_a-__call_atexit.o)
 *(.init_array)
 .init_array    0x00016160        0x4 c:/program files (x86)/atmel/studio/7.0/toolchain/arm/arm-gnu-toolchain/bin/../lib/gcc/arm-none-eabi/6.3.1/thumb/v6-m/crtbegin.o
                0x00016164                __init_array_end = .
                0x00016164                . = ALIGN (0x4)
 *crtbegin.o(.ctors)
 *(EXCLUDE_FILE(*crtend.o) .ctors)
 *(SORT(.ctors.*))
 *crtend.o(.ctors)
                0x00016164                . = ALIGN (0x4)
 *(.fini)
 .fini          0x00016164        0x4 c:/program files (x86)/atmel/studio/7.0/toolchain/arm/arm-gnu-toolchain/bin/../lib/gcc/arm-none-eabi/6.3.1/thumb/v6-m/crti.o
                0x00016164                _fini
 .fini          0x00016168        0x8 c:/program files (x86)/atmel/studio/7.0/toolchain/arm/arm-gnu-toolchain/bin/../lib/gcc/arm-none-eabi/6.3.1/thumb/v6-m/crtn.o
                0x00016170                . = ALIGN (0x4)
                0x00016170                __fini_array_start = .
 *(.fini_array)
 .fini_array    0x00016170        0x4 c:/program files (x86)/atmel/studio/7.0/toolchain/arm/arm-gnu-toolchain/bin/../lib/gcc/arm-none-eabi/6.3.1/thumb/v6-m/crtbegin.o
 *(SORT(.fini_array.*))
                0x00016174                __fini_array_end = .
 *crtbegin.o(.dtors)
 *(EXCLUDE_FILE(*crtend.o) .dtors)
 *(SORT(.dtors.*))
 *crtend.o(.dtors)
                0x00016174                . = ALIGN (0x4)
                0x00016174                _efixed = .
                [!provide]                PROVIDE (__exidx_start, .)

.vfp11_veneer   0x00016174        0x0
 .vfp11_veneer  0x00016174        0x0 linker stubs

.v4_bx          0x00016174        0x0
 .v4_bx         0x00016174        0x0 linker stubs

.iplt           0x00016174        0x0
 .iplt          0x00016174        0x0 c:/program files (x86)/atmel/studio/7.0/toolchain/arm/arm-gnu-toolchain/bin/../lib/gcc/arm-none-eabi/6.3.1/thumb/v6-m/crtbegin.o

.ARM.exidx      0x00016174        0x8
 *(.ARM.exidx* .gnu.linkonce.armexidx.*)
 .ARM.exidx     0x00016174        0x8 c:/program files (x86)/atmel/studio/7.0/toolchain/arm/arm-gnu-toolchain/bin/../lib/gcc/arm-none-eabi/6.3.1/thumb/v6-m\libgcc.a(_udivmoddi4.o)
                [!provide]                PROVIDE (__exidx_end, .)

.eh_frame       0x0001617c        0x0
 .eh_frame      0x0001617c        0x0 c:/program files (x86)/atmel/studio/7.0/toolchain/arm/arm-gnu-toolchain/bin/../lib/gcc/arm-none-eabi/6.3.1/thumb/v6-m/crtbegin.o

.rel.dyn        0x0001617c        0x0
 .rel.iplt      0x0001617c        0x0 c:/program files (x86)/atmel/studio/7.0/toolchain/arm/arm-gnu-toolchain/bin/../lib/gcc/arm-none-eabi/6.3.1/thumb/v6-m/crtbegin.o

.jcr            0x0001617c        0x0
 .jcr           0x0001617c        0x0 c:/program files (x86)/atmel/studio/7.0/toolchain/arm/arm-gnu-toolchain/bin/../lib/gcc/arm-none-eabi/6.3.1/thumb/v6-m/crtbegin.o

.igot.plt       0x0001617c        0x0
 .igot.plt      0x0001617c        0x0 c:/program files (x86)/atmel/studio/7.0/toolchain/arm/arm-gnu-toolchain/bin/../lib/gcc/arm-none-eabi/6.3.1/thumb/v6-m/crtbegin.o
                0x0001617c                . = ALIGN (0x4)
                0x0001617c                _etext = .

.relocate       0x20000000      0xb38 load address 0x0001617c
                0x20000000                . = ALIGN (0x4)
                0x20000000                _srelocate = .
 *(.ramfunc .ramfunc.*)
 *(.data .data.*)
 .data.udi_api_cdc_comm
                0x20000000       0x14 src/ASF/common/services/usb/class/cdc/device/udi_cdc.o
                0x20000000                udi_api_cdc_comm
 .data.udi_api_cdc_data
                0x20000014       0x14 src/ASF/common/services/usb/class/cdc/device/udi_cdc.o
                0x20000014                udi_api_cdc_data
 .data.udc_config
                0x20000028        0xc src/ASF/common/services/usb/class/cdc/device/udi_cdc_desc.o
                0x20000028                udc_config
 .data.udc_config_fs
                0x20000034        0x8 src/ASF/common/services/usb/class/cdc/device/udi_cdc_desc.o
                0x20000034                udc_config_fs
 .data.udc_desc_fs
                0x2000003c       0x43 src/ASF/common/services/usb/class/cdc/device/udi_cdc_desc.o
                0x2000003c                udc_desc_fs
 *fill*         0x2000007f        0x1 
 .data.udc_device_desc
                0x20000080       0x12 src/ASF/common/services/usb/class/cdc/device/udi_cdc_desc.o
                0x20000080                udc_device_desc
 *fill*         0x20000092        0x2 
 .data.udc_device_lpm
                0x20000094        0xc src/ASF/common/services/usb/class/cdc/device/udi_cdc_desc.o
                0x20000094                udc_device_lpm
 .data.udi_apis
                0x200000a0        0x8 src/ASF/common/services/usb/class/cdc/device/udi_cdc_desc.o
                0x200000a0                udi_apis
 .data.udc_string_desc_languageid
                0x200000a8        0x4 src/ASF/common/services/usb/udc/udc.o
 .data._events_inst
                0x200000ac       0x14 src/ASF/sam0/drivers/events/events_sam_d_r_h/events.o
                0x200000ac                _events_inst
 .data.cycles_per_ms
                0x200000c0        0x4 src/ASF/common2/services/delay/sam0/systick_counter.o
 .data.cycles_per_us
                0x200000c4        0x4 src/ASF/common2/services/delay/sam0/systick_counter.o
 .data.g_interrupt_enabled
                0x200000c8        0x1 src/ASF/common/utils/interrupt/interrupt_sam_nvic.o
                0x200000c8                g_interrupt_enabled
 *fill*         0x200000c9        0x3 
 .data.max_request_mv
                0x200000cc        0x4 src/USBC_PD/usb_pd_policy.o
 .data.drp_state
                0x200000d0        0x1 src/USBC_PD/usb_pd_protocol.o
                0x200000d0                drp_state
 *fill*         0x200000d1        0x7 
 .data.next_role_swap
                0x200000d8        0x8 src/USBC_PD/usb_pd_protocol.o
 .data.timeout  0x200000e0        0x4 src/USBC_PD/usb_pd_protocol.o
 .data.selfcap_config
                0x200000e4       0x70 touch.o
 .data.selfcap_filter_level_per_node
                0x20000154        0x3 touch.o
                0x20000154                selfcap_filter_level_per_node
 .data.selfcap_freq_hops
                0x20000157        0x3 touch.o
                0x20000157                selfcap_freq_hops
 *fill*         0x2000015a        0x2 
 .data.selfcap_y_nodes
                0x2000015c        0xc touch.o
                0x2000015c                selfcap_y_nodes
 .data.touch_config
                0x20000168        0xc touch.o
                0x20000168                touch_config
 .data          0x20000174       0x10 ../src/QTouch\libsamd21_qtouch_gcc.a(touch_ptc_acquire.o)
                0x20000174                gain_setting_int_cap
                0x2000017e                cc_cal_max_signal_limit
                0x20000180                cc_cal_min_signal_limit
                0x20000182                ptc_max_r_mutual
                0x20000183                ptc_max_r_self
 .data          0x20000184        0x1 ../src/QTouch\libsamd21_qtouch_gcc.a(touch_ptc_acquire_self.o)
 *fill*         0x20000185        0x3 
 .data._impure_ptr
                0x20000188        0x4 c:/program files (x86)/atmel/studio/7.0/toolchain/arm/arm-gnu-toolchain/bin/../lib/gcc/arm-none-eabi/6.3.1/../../../../arm-none-eabi/lib/thumb/v6-m\libc.a(lib_a-impure.o)
                0x20000188                _impure_ptr
 *fill*         0x2000018c        0x4 
 .data.impure_data
                0x20000190      0x428 c:/program files (x86)/atmel/studio/7.0/toolchain/arm/arm-gnu-toolchain/bin/../lib/gcc/arm-none-eabi/6.3.1/../../../../arm-none-eabi/lib/thumb/v6-m\libc.a(lib_a-impure.o)
 .data.__atexit_recursive_mutex
                0x200005b8        0x4 c:/program files (x86)/atmel/studio/7.0/toolchain/arm/arm-gnu-toolchain/bin/../lib/gcc/arm-none-eabi/6.3.1/../../../../arm-none-eabi/lib/thumb/v6-m\libc.a(lib_a-__call_atexit.o)
                0x200005b8                __atexit_recursive_mutex
 .data.__malloc_av_
                0x200005bc      0x408 c:/program files (x86)/atmel/studio/7.0/toolchain/arm/arm-gnu-toolchain/bin/../lib/gcc/arm-none-eabi/6.3.1/../../../../arm-none-eabi/lib/thumb/v6-m\libc.a(lib_a-mallocr.o)
                0x200005bc                __malloc_av_
 .data.__malloc_sbrk_base
                0x200009c4        0x4 c:/program files (x86)/atmel/studio/7.0/toolchain/arm/arm-gnu-toolchain/bin/../lib/gcc/arm-none-eabi/6.3.1/../../../../arm-none-eabi/lib/thumb/v6-m\libc.a(lib_a-mallocr.o)
                0x200009c4                __malloc_sbrk_base
 .data.__malloc_trim_threshold
                0x200009c8        0x4 c:/program files (x86)/atmel/studio/7.0/toolchain/arm/arm-gnu-toolchain/bin/../lib/gcc/arm-none-eabi/6.3.1/../../../../arm-none-eabi/lib/thumb/v6-m\libc.a(lib_a-mallocr.o)
                0x200009c8                __malloc_trim_threshold
 .data.__global_locale
                0x200009cc      0x16c c:/program files (x86)/atmel/studio/7.0/toolchain/arm/arm-gnu-toolchain/bin/../lib/gcc/arm-none-eabi/6.3.1/../../../../arm-none-eabi/lib/thumb/v6-m\libc.a(lib_a-locale.o)
                0x200009cc                __global_locale
                0x20000b38                . = ALIGN (0x4)
                0x20000b38                _erelocate = .

.bss            0x20000b38     0x10f8 load address 0x00016cb8
                0x20000b38                . = ALIGN (0x4)
                0x20000b38                _sbss = .
                0x20000b38                _szero = .
 *(.bss .bss.*)
 .bss           0x20000b38       0x1c c:/program files (x86)/atmel/studio/7.0/toolchain/arm/arm-gnu-toolchain/bin/../lib/gcc/arm-none-eabi/6.3.1/thumb/v6-m/crtbegin.o
 .bss.sof_zlp_counter.12384
                0x20000b54        0x2 src/ASF/common/services/usb/class/cdc/device/udi_cdc.o
 .bss.udi_cdc_data_running
                0x20000b56        0x1 src/ASF/common/services/usb/class/cdc/device/udi_cdc.o
 *fill*         0x20000b57        0x1 
 .bss.udi_cdc_line_coding
                0x20000b58        0x7 src/ASF/common/services/usb/class/cdc/device/udi_cdc.o
 .bss.udi_cdc_nb_comm_enabled
                0x20000b5f        0x1 src/ASF/common/services/usb/class/cdc/device/udi_cdc.o
 .bss.udi_cdc_nb_data_enabled
                0x20000b60        0x1 src/ASF/common/services/usb/class/cdc/device/udi_cdc.o
 *fill*         0x20000b61        0x3 
 .bss.udi_cdc_rx_buf
                0x20000b64       0x80 src/ASF/common/services/usb/class/cdc/device/udi_cdc.o
 .bss.udi_cdc_rx_buf_nb
                0x20000be4        0x4 src/ASF/common/services/usb/class/cdc/device/udi_cdc.o
 .bss.udi_cdc_rx_buf_sel
                0x20000be8        0x1 src/ASF/common/services/usb/class/cdc/device/udi_cdc.o
 *fill*         0x20000be9        0x1 
 .bss.udi_cdc_rx_pos
                0x20000bea        0x2 src/ASF/common/services/usb/class/cdc/device/udi_cdc.o
 .bss.udi_cdc_rx_trans_ongoing
                0x20000bec        0x1 src/ASF/common/services/usb/class/cdc/device/udi_cdc.o
 *fill*         0x20000bed        0x1 
 .bss.udi_cdc_state
                0x20000bee        0x2 src/ASF/common/services/usb/class/cdc/device/udi_cdc.o
 .bss.udi_cdc_tx_both_buf_to_send
                0x20000bf0        0x1 src/ASF/common/services/usb/class/cdc/device/udi_cdc.o
 *fill*         0x20000bf1        0x3 
 .bss.udi_cdc_tx_buf
                0x20000bf4       0x80 src/ASF/common/services/usb/class/cdc/device/udi_cdc.o
 .bss.udi_cdc_tx_buf_nb
                0x20000c74        0x4 src/ASF/common/services/usb/class/cdc/device/udi_cdc.o
 .bss.udi_cdc_tx_buf_sel
                0x20000c78        0x1 src/ASF/common/services/usb/class/cdc/device/udi_cdc.o
 *fill*         0x20000c79        0x1 
 .bss.udi_cdc_tx_sof_num
                0x20000c7a        0x2 src/ASF/common/services/usb/class/cdc/device/udi_cdc.o
 .bss.udi_cdc_tx_trans_ongoing
                0x20000c7c        0x1 src/ASF/common/services/usb/class/cdc/device/udi_cdc.o
 *fill*         0x20000c7d        0x3 
 .bss.uid_cdc_state_msg
                0x20000c80        0xa src/ASF/common/services/usb/class/cdc/device/udi_cdc.o
 .bss.udc_device_status
                0x20000c8a        0x2 src/ASF/common/services/usb/udc/udc.o
 .bss.udc_ep_status.12029
                0x20000c8c        0x2 src/ASF/common/services/usb/udc/udc.o
 *fill*         0x20000c8e        0x2 
 .bss.udc_iface_setting
                0x20000c90        0x1 src/ASF/common/services/usb/udc/udc.o
 *fill*         0x20000c91        0x3 
 .bss.udc_num_configuration
                0x20000c94        0x1 src/ASF/common/services/usb/udc/udc.o
 *fill*         0x20000c95        0x3 
 .bss.udc_ptr_conf
                0x20000c98        0x4 src/ASF/common/services/usb/udc/udc.o
 .bss.udc_ptr_iface
                0x20000c9c        0x4 src/ASF/common/services/usb/udc/udc.o
 .bss._sercom_config
                0x20000ca0        0x2 src/ASF/sam0/drivers/sercom/sercom.o
 .bss._handler_table_initialized
                0x20000ca2        0x1 src/ASF/sam0/drivers/sercom/sercom_interrupt.o
 *fill*         0x20000ca3        0x1 
 .bss._sercom_interrupt_handlers
                0x20000ca4       0x10 src/ASF/sam0/drivers/sercom/sercom_interrupt.o
 .bss.b_shortpacket.13310
                0x20000cb4        0x1 src/ASF/sam0/drivers/usb/stack_interface/usb_device_udd.o
 *fill*         0x20000cb5        0x1 
 .bss.udd_ctrl_payload_nb_trans
                0x20000cb6        0x2 src/ASF/sam0/drivers/usb/stack_interface/usb_device_udd.o
 .bss.udd_ctrl_prev_payload_nb_trans
                0x20000cb8        0x2 src/ASF/sam0/drivers/usb/stack_interface/usb_device_udd.o
 .bss.udd_ep_control_state
                0x20000cba        0x1 src/ASF/sam0/drivers/usb/stack_interface/usb_device_udd.o
 *fill*         0x20000cbb        0x1 
 .bss.udd_ep_job
                0x20000cbc       0x78 src/ASF/sam0/drivers/usb/stack_interface/usb_device_udd.o
 .bss.udd_state.13167
                0x20000d34        0x1 src/ASF/sam0/drivers/usb/stack_interface/usb_device_udd.o
 *fill*         0x20000d35        0x3 
 .bss._usb_instances
                0x20000d38        0x4 src/ASF/sam0/drivers/usb/usb_sam_d_r/usb.o
 .bss.device_callback_lpm_wakeup_enable
                0x20000d3c        0x4 src/ASF/sam0/drivers/usb/usb_sam_d_r/usb.o
 .bss.ep_callback_para
                0x20000d40        0x8 src/ASF/sam0/drivers/usb/usb_sam_d_r/usb.o
 .bss.host_pipe_job_busy_status
                0x20000d48        0x4 src/ASF/sam0/drivers/usb/usb_sam_d_r/usb.o
                0x20000d48                host_pipe_job_busy_status
 .bss.pipe_callback_para
                0x20000d4c        0x6 src/ASF/sam0/drivers/usb/usb_sam_d_r/usb.o
 *fill*         0x20000d52        0x2 
 .bss.state     0x20000d54       0x14 src/FUSB302/FUSB302.o
 .bss.cpu_irq_critical_section_counter
                0x20000d68        0x4 src/ASF/common/utils/interrupt/interrupt_sam_nvic.o
 .bss.cpu_irq_prev_interrupt_state
                0x20000d6c        0x1 src/ASF/common/utils/interrupt/interrupt_sam_nvic.o
 *fill*         0x20000d6d        0x3 
 .bss._system_clock_inst
                0x20000d70       0x18 src/ASF/sam0/drivers/system/clock/clock_samd21_r21_da/clock.o
 .bss.heap.5296
                0x20000d88        0x4 src/ASF/sam0/utils/syscalls/gcc/syscalls.o
 .bss.gui       0x20000d8c        0x4 src/uGUI/ugui.o
 .bss.pd_src_cap_cnt
                0x20000d90        0x1 src/USBC_PD/usb_pd_policy.o
 *fill*         0x20000d91        0x3 
 .bss.pd_src_caps
                0x20000d94       0x1c src/USBC_PD/usb_pd_policy.o
 .bss.caps_count
                0x20000db0        0x4 src/USBC_PD/usb_pd_protocol.o
 .bss.cc1       0x20000db4        0x4 src/USBC_PD/usb_pd_protocol.o
 .bss.cc2       0x20000db8        0x4 src/USBC_PD/usb_pd_protocol.o
 .bss.hard_reset_count
                0x20000dbc        0x4 src/USBC_PD/usb_pd_protocol.o
 .bss.hard_reset_sent
                0x20000dc0        0x4 src/USBC_PD/usb_pd_protocol.o
 .bss.head      0x20000dc4        0x4 src/USBC_PD/usb_pd_protocol.o
 .bss.incoming_packet
                0x20000dc8        0x4 src/USBC_PD/usb_pd_protocol.o
 .bss.new_cc_state
                0x20000dcc        0x1 src/USBC_PD/usb_pd_protocol.o
 *fill*         0x20000dcd        0x3 
 .bss.now       0x20000dd0        0x8 src/USBC_PD/usb_pd_protocol.o
 .bss.payload   0x20000dd8       0x1c src/USBC_PD/usb_pd_protocol.o
 *fill*         0x20000df4        0x4 
 .bss.pd        0x20000df8       0x80 src/USBC_PD/usb_pd_protocol.o
 .bss.snk_cap_count
                0x20000e78        0x4 src/USBC_PD/usb_pd_protocol.o
 .bss.snk_hard_reset_vbus_off
                0x20000e7c        0x4 src/USBC_PD/usb_pd_protocol.o
 .bss.this_state
                0x20000e80        0x1 src/USBC_PD/usb_pd_protocol.o
 *fill*         0x20000e81        0x3 
 .bss.typec_curr
                0x20000e84        0x4 src/USBC_PD/usb_pd_protocol.o
 .bss.typec_curr_change
                0x20000e88        0x4 src/USBC_PD/usb_pd_protocol.o
 .bss.p_selfcap_measure_data
                0x20000e8c        0x4 touch.o
                0x20000e8c                p_selfcap_measure_data
 .bss.selfcap_auto_os_per_node
                0x20000e90        0x3 touch.o
                0x20000e90                selfcap_auto_os_per_node
 .bss.selfcap_boot_prsc_per_node
                0x20000e93        0x3 touch.o
                0x20000e93                selfcap_boot_prsc_per_node
 .bss.selfcap_boot_resistor_per_node
                0x20000e96        0x3 touch.o
                0x20000e96                selfcap_boot_resistor_per_node
 .bss.selfcap_data_blk
                0x20000e99       0xac touch.o
 .bss.selfcap_gain_per_node
                0x20000f45        0x3 touch.o
                0x20000f45                selfcap_gain_per_node
 .bss.selfcap_prsc_per_node
                0x20000f48        0x3 touch.o
                0x20000f48                selfcap_prsc_per_node
 .bss.selfcap_resistor_per_node
                0x20000f4b        0x3 touch.o
                0x20000f4b                selfcap_resistor_per_node
 *fill*         0x20000f4e        0x2 
 .bss           0x20000f50      0x14c ../src/QTouch\libsamd21_qtouch_gcc.a(touch_api_selfcap_set1.o)