Archive member included to satisfy reference by file (symbol)

../src/QTouch\libsamd21_qtouch_gcc.a(touch_api_selfcap_set1.o)
                              touch.o (touch_selfcap_sensors_init_with_rs_table)
../src/QTouch\libsamd21_qtouch_gcc.a(touch_ptc_acquire.o)
                              ../src/QTouch\libsamd21_qtouch_gcc.a(touch_api_selfcap_set1.o) (median_filter)
../src/QTouch\libsamd21_qtouch_gcc.a(touch_ptc_acquire_mutual.o)
                              ../src/QTouch\libsamd21_qtouch_gcc.a(touch_ptc_acquire.o) (g_mutual_cc_cal_sensor_cnt)
../src/QTouch\libsamd21_qtouch_gcc.a(touch_ptc_acquire_self.o)
                              ../src/QTouch\libsamd21_qtouch_gcc.a(touch_api_selfcap_set1.o) (setup_self_channel_cc_recal)
../src/QTouch\libsamd21_qtouch_gcc.a(touch_ptc_config.o)
                              ../src/QTouch\libsamd21_qtouch_gcc.a(touch_ptc_acquire.o) (ptc_config_io_pins)
../src/QTouch\libsamd21_qtouch_gcc.a(touch_ptc_noise_mit.o)
                              ../src/QTouch\libsamd21_qtouch_gcc.a(touch_ptc_acquire.o) (channel_to_sensor_mapping)
../src/QTouch\libsamd21_qtouch_gcc.a(touch_rs_self.o)
                              touch.o (touch_selfcap_rs_table_init)
../src/QTouch\libsamd21_qtouch_gcc.a(touch_api_common.o)
                              ../src/QTouch\libsamd21_qtouch_gcc.a(touch_api_selfcap_set1.o) (touch_sensor_config)
../src/QTouch\libsamd21_qtouch_gcc.a(touch_api_mutlcap_set1.o)
                              ../src/QTouch\libsamd21_qtouch_gcc.a(touch_ptc_acquire.o) (ptr_setup_mutual_channel_cc_recal)
../src/QTouch\libsamd21_qtouch_gcc.a(touch_process.o)
                              ../src/QTouch\libsamd21_qtouch_gcc.a(touch_api_common.o) (start_cal_sensor)
d:/program files/atmel/studio/7.0/toolchain/arm/arm-gnu-toolchain/bin/../lib/gcc/arm-none-eabi/6.2.1/thumb/v6-m\libgcc.a(_thumb1_case_uqi.o)
                              ../src/QTouch\libsamd21_qtouch_gcc.a(touch_ptc_config.o) (__gnu_thumb1_case_uqi)
d:/program files/atmel/studio/7.0/toolchain/arm/arm-gnu-toolchain/bin/../lib/gcc/arm-none-eabi/6.2.1/thumb/v6-m\libgcc.a(_udivsi3.o)
                              src/ASF/common2/components/display/ssd1306/ssd1306.o (__aeabi_uidiv)
d:/program files/atmel/studio/7.0/toolchain/arm/arm-gnu-toolchain/bin/../lib/gcc/arm-none-eabi/6.2.1/thumb/v6-m\libgcc.a(_divsi3.o)
                              src/USBC_PD/usb_pd_policy.o (__aeabi_idiv)
d:/program files/atmel/studio/7.0/toolchain/arm/arm-gnu-toolchain/bin/../lib/gcc/arm-none-eabi/6.2.1/thumb/v6-m\libgcc.a(_dvmd_tls.o)
                              d:/program files/atmel/studio/7.0/toolchain/arm/arm-gnu-toolchain/bin/../lib/gcc/arm-none-eabi/6.2.1/thumb/v6-m\libgcc.a(_udivsi3.o) (__aeabi_idiv0)
d:/program files/atmel/studio/7.0/toolchain/arm/arm-gnu-toolchain/bin/../lib/gcc/arm-none-eabi/6.2.1/thumb/v6-m\libgcc.a(_lshrdi3.o)
                              ../src/QTouch\libsamd21_qtouch_gcc.a(touch_ptc_acquire.o) (__aeabi_llsr)
d:/program files/atmel/studio/7.0/toolchain/arm/arm-gnu-toolchain/bin/../lib/gcc/arm-none-eabi/6.2.1/thumb/v6-m\libgcc.a(_ashldi3.o)
                              ../src/QTouch\libsamd21_qtouch_gcc.a(touch_ptc_acquire.o) (__aeabi_llsl)
d:/program files/atmel/studio/7.0/toolchain/arm/arm-gnu-toolchain/bin/../lib/gcc/arm-none-eabi/6.2.1/thumb/v6-m\libgcc.a(_clzsi2.o)
                              src/ASF/sam0/drivers/usb/usb_sam_d_r/usb.o (__clzsi2)
d:/program files/atmel/studio/7.0/toolchain/arm/arm-gnu-toolchain/bin/../lib/gcc/arm-none-eabi/6.2.1/thumb/v6-m\libgcc.a(_ctzsi2.o)
                              src/ASF/sam0/drivers/usb/usb_sam_d_r/usb.o (__ctzsi2)
d:/program files/atmel/studio/7.0/toolchain/arm/arm-gnu-toolchain/bin/../lib/gcc/arm-none-eabi/6.2.1/thumb/v6-m\libgcc.a(_muldi3.o)
                              src/ASF/sam0/drivers/sercom/sercom.o (__aeabi_lmul)
d:/program files/atmel/studio/7.0/toolchain/arm/arm-gnu-toolchain/bin/../lib/gcc/arm-none-eabi/6.2.1/thumb/v6-m\libgcc.a(divsf3.o)
                              src/FUSB302/usb_pd_driver.o (__aeabi_fdiv)
d:/program files/atmel/studio/7.0/toolchain/arm/arm-gnu-toolchain/bin/../lib/gcc/arm-none-eabi/6.2.1/thumb/v6-m\libgcc.a(floatunsisf.o)
                              src/FUSB302/usb_pd_driver.o (__aeabi_ui2f)
d:/program files/atmel/studio/7.0/toolchain/arm/arm-gnu-toolchain/bin/../lib/gcc/arm-none-eabi/6.2.1/thumb/v6-m\libgcc.a(adddf3.o)
                              src/ASF/sam0/drivers/sercom/i2c/i2c_sam0/i2c_master.o (__aeabi_dadd)
d:/program files/atmel/studio/7.0/toolchain/arm/arm-gnu-toolchain/bin/../lib/gcc/arm-none-eabi/6.2.1/thumb/v6-m\libgcc.a(divdf3.o)
                              src/ASF/sam0/drivers/sercom/i2c/i2c_sam0/i2c_master.o (__aeabi_ddiv)
d:/program files/atmel/studio/7.0/toolchain/arm/arm-gnu-toolchain/bin/../lib/gcc/arm-none-eabi/6.2.1/thumb/v6-m\libgcc.a(muldf3.o)
                              src/ASF/sam0/drivers/sercom/i2c/i2c_sam0/i2c_master.o (__aeabi_dmul)
[...]
Memory Configuration

Name             Origin             Length             Attributes
rom              0x00000000         0x00020000         xr
ram              0x20000000         0x00004000         xrw
*default*        0x00000000         0xffffffff

Linker script and memory map

LOAD d:/program files/atmel/studio/7.0/toolchain/arm/arm-gnu-toolchain/bin/../lib/gcc/arm-none-eabi/6.2.1/thumb/v6-m/crti.o
LOAD d:/program files/atmel/studio/7.0/toolchain/arm/arm-gnu-toolchain/bin/../lib/gcc/arm-none-eabi/6.2.1/thumb/v6-m/crtbegin.o
LOAD d:/program files/atmel/studio/7.0/toolchain/arm/arm-gnu-toolchain/bin/../lib/gcc/arm-none-eabi/6.2.1/../../../../arm-none-eabi/lib/thumb/v6-m/crt0.o
LOAD main.o
LOAD src/ASF/common2/components/display/ssd1306/ssd1306.o
LOAD src/ASF/common/services/sleepmgr/samd/sleepmgr.o
LOAD src/ASF/common/services/usb/class/cdc/device/udi_cdc.o
LOAD src/ASF/common/services/usb/class/cdc/device/udi_cdc_desc.o
LOAD src/ASF/common/services/usb/udc/udc.o
LOAD src/ASF/sam0/drivers/extint/extint_callback.o
LOAD src/ASF/sam0/drivers/extint/extint_sam_d_r_h/extint.o
LOAD src/ASF/sam0/drivers/rtc/rtc_sam_d_r_h/rtc_count.o
LOAD src/ASF/sam0/drivers/rtc/rtc_sam_d_r_h/rtc_count_interrupt.o
LOAD src/ASF/sam0/drivers/sercom/i2c/i2c_sam0/i2c_master.o
LOAD src/ASF/sam0/drivers/sercom/sercom.o
LOAD src/ASF/sam0/drivers/sercom/sercom_interrupt.o
LOAD src/ASF/sam0/drivers/sercom/spi/spi.o
LOAD src/ASF/sam0/drivers/sercom/spi/spi_interrupt.o
LOAD src/ASF/sam0/drivers/tc/tc_interrupt.o
LOAD src/ASF/sam0/drivers/tc/tc_sam_d_r_h/tc.o
LOAD src/ASF/sam0/drivers/usb/stack_interface/usb_device_udd.o
LOAD src/ASF/sam0/drivers/usb/stack_interface/usb_dual.o
LOAD src/ASF/sam0/drivers/usb/usb_sam_d_r/usb.o
LOAD src/FUSB302/FUSB302.o
LOAD src/FUSB302/tcpm_driver.o
LOAD src/FUSB302/usb_pd_driver.o
LOAD src/QTouch/BitBangSPI_Master.o
LOAD src/QTouch/QDebugTransport.o
LOAD src/QTouch/QDebug_samd.o
LOAD src/ASF/sam0/drivers/events/events_hooks.o
LOAD src/ASF/sam0/drivers/events/events_sam_d_r_h/events.o
LOAD src/ASF/common2/services/delay/sam0/systick_counter.o
LOAD src/ASF/sam0/drivers/port/port.o
LOAD src/ASF/common2/boards/user_board/init.o
LOAD src/ASF/common/utils/interrupt/interrupt_sam_nvic.o
LOAD src/ASF/sam0/drivers/system/clock/clock_samd21_r21_da/clock.o
LOAD src/ASF/sam0/drivers/system/clock/clock_samd21_r21_da/gclk.o
LOAD src/ASF/sam0/drivers/system/interrupt/system_interrupt.o
LOAD src/ASF/sam0/drivers/system/pinmux/pinmux.o
LOAD src/ASF/sam0/drivers/system/system.o
LOAD src/ASF/sam0/utils/cmsis/samd21/source/gcc/startup_samd21.o
LOAD src/ASF/sam0/utils/cmsis/samd21/source/system_samd21.o
LOAD src/ASF/sam0/utils/syscalls/gcc/syscalls.o
LOAD src/uGUI/ugui.o
LOAD src/USBC_PD/usb_pd_policy.o
LOAD src/USBC_PD/usb_pd_protocol.o
LOAD touch.o
START GROUP
LOAD ../src/QTouch\libsamd21_qtouch_gcc.a
LOAD ../src/ASF/thirdparty/CMSIS/Lib/GCC\libarm_cortexM0l_math.a
LOAD d:/program files/atmel/studio/7.0/toolchain/arm/arm-gnu-toolchain/bin/../lib/gcc/arm-none-eabi/6.2.1/../../../../arm-none-eabi/lib/thumb/v6-m\libm.a
END GROUP
Address of section .text set to 0x4000
START GROUP
LOAD d:/program files/atmel/studio/7.0/toolchain/arm/arm-gnu-toolchain/bin/../lib/gcc/arm-none-eabi/6.2.1/thumb/v6-m\libgcc.a
LOAD d:/program files/atmel/studio/7.0/toolchain/arm/arm-gnu-toolchain/bin/../lib/gcc/arm-none-eabi/6.2.1/../../../../arm-none-eabi/lib/thumb/v6-m\libc.a
END GROUP
LOAD d:/program files/atmel/studio/7.0/toolchain/arm/arm-gnu-toolchain/bin/../lib/gcc/arm-none-eabi/6.2.1/thumb/v6-m/crtend.o
LOAD d:/program files/atmel/studio/7.0/toolchain/arm/arm-gnu-toolchain/bin/../lib/gcc/arm-none-eabi/6.2.1/thumb/v6-m/crtn.o
                0x00001000                STACK_SIZE = DEFINED (STACK_SIZE)?STACK_SIZE:DEFINED (__stack_size__)?__stack_size__:0x1000

.text           0x00004000    0x1aafc
                0x00004000                . = ALIGN (0x4)
                0x00004000                _sfixed = .
 *(.vectors .vectors.*)
 .vectors       0x00004000       0xb4 src/ASF/sam0/utils/cmsis/samd21/source/gcc/startup_samd21.o
                0x00004000                exception_table
 *(.text .text.* .gnu.linkonce.t.*)
 .text          0x000040b4       0x60 d:/program files/atmel/studio/7.0/toolchain/arm/arm-gnu-toolchain/bin/../lib/gcc/arm-none-eabi/6.2.1/thumb/v6-m/crtbegin.o
 .text.arch_ioport_pin_to_port_id
                0x00004114       0x14 main.o
 .text.arch_ioport_port_to_base
                0x00004128       0x20 main.o
 .text.arch_ioport_pin_to_base
                0x00004148       0x2c main.o
 .text.arch_ioport_pin_to_mask
                0x00004174       0x1c main.o
 .text.arch_ioport_init
                0x00004190        0xa main.o
 *fill*         0x0000419a        0x2 
 .text.arch_ioport_set_pin_dir
                0x0000419c       0x7c main.o
 .text.arch_ioport_get_pin_level
                0x00004218       0x38 main.o
 .text.ioport_init
                0x00004250       0x14 main.o
 .text.ioport_set_pin_dir
                0x00004264       0x28 main.o
 .text.ioport_get_pin_level
                0x0000428c       0x20 main.o
 .text.system_interrupt_enable_global
                0x000042ac       0x1c main.o
 .text.system_interrupt_enable
                0x000042c8       0x2c main.o
 .text.rtc_count_get_config_defaults
                0x000042f4       0x5c main.o
 .text.i2c_master_is_syncing
                0x00004350       0x24 main.o
 .text._i2c_master_wait_for_sync
                0x00004374       0x24 main.o
 .text.i2c_master_get_config_defaults
                0x00004398       0x84 main.o
 .text.i2c_master_enable
                0x0000441c       0x5c main.o
 .text.tc_is_syncing
                0x00004478       0x28 main.o
 .text.tc_get_config_defaults
                0x000044a0       0x88 main.o
 .text.tc_enable
                0x00004528       0x38 main.o
 .text._tc_interrupt_get_interrupt_vector
                0x00004560       0x20 main.o
 .text.tc_enable_callback
                0x00004580       0xac main.o
 .text.tcpm_init
                0x0000462c       0x50 main.o
 .text.tcpm_get_cc
                0x0000467c       0x30 main.o
 .text.tcpc_alert
                0x000046ac       0x28 main.o
 .text.rtc_overflow_callback
                0x000046d4       0x28 main.o
                0x000046d4                rtc_overflow_callback
 .text.configure_rtc_callbacks
                0x000046fc       0x30 main.o
                0x000046fc                configure_rtc_callbacks
 .text.configure_rtc_count
                0x0000472c       0x54 main.o
                0x0000472c                configure_rtc_count
 .text.rtc_init
                0x00004780       0x2c main.o
                0x00004780                rtc_init
 .text.main     0x000047ac       0xe4 main.o
                0x000047ac                main
 .text.display_init
                0x00004890       0xb8 main.o
                0x00004890                display_init
 .text.display_set_pixel
                0x00004948      0x114 main.o
                0x00004948                display_set_pixel
 .text.i2c_init
                0x00004a5c       0x64 main.o
                0x00004a5c                i2c_init
 .text.timer_init
                0x00004ac0       0x84 main.o
                0x00004ac0                timer_init
 .text.tc_callback_overflow
                0x00004b44       0x18 main.o
                0x00004b44                tc_callback_overflow
 .text.measure_nonPD_current
                0x00004b5c       0xe8 main.o
                0x00004b5c                measure_nonPD_current
 .text.system_pinmux_get_group_from_gpio_pin
                0x00004c44       0x60 src/ASF/common2/components/display/ssd1306/ssd1306.o
 .text.port_get_group_from_gpio_pin
                0x00004ca4       0x24 src/ASF/common2/components/display/ssd1306/ssd1306.o
 .text.port_get_config_defaults
                0x00004cc8       0x22 src/ASF/common2/components/display/ssd1306/ssd1306.o
 *fill*         0x00004cea        0x2 
 .text.port_pin_set_output_level
                0x00004cec       0x54 src/ASF/common2/components/display/ssd1306/ssd1306.o
 .text.system_interrupt_enable
                0x00004d40       0x2c src/ASF/common2/components/display/ssd1306/ssd1306.o
 .text.spi_is_syncing
                0x00004d6c       0x20 src/ASF/common2/components/display/ssd1306/ssd1306.o
 .text.spi_get_config_defaults
                0x00004d8c       0x84 src/ASF/common2/components/display/ssd1306/ssd1306.o
 .text.spi_slave_inst_get_config_defaults
                0x00004e10       0x22 src/ASF/common2/components/display/ssd1306/ssd1306.o
 *fill*         0x00004e32        0x2 
 .text.spi_attach_slave
                0x00004e34       0x64 src/ASF/common2/components/display/ssd1306/ssd1306.o
 .text.spi_enable
                0x00004e98       0x50 src/ASF/common2/components/display/ssd1306/ssd1306.o
 .text.delay_cycles
                0x00004ee8       0x34 src/ASF/common2/components/display/ssd1306/ssd1306.o
 .text.ssd1306_hard_reset
                0x00004f1c       0x60 src/ASF/common2/components/display/ssd1306/ssd1306.o
 .text.ssd1306_display_on
                0x00004f7c       0x14 src/ASF/common2/components/display/ssd1306/ssd1306.o
 .text.ssd1306_set_contrast
                0x00004f90       0x2c src/ASF/common2/components/display/ssd1306/ssd1306.o
 .text.ssd1306_display_invert_disable
                0x00004fbc       0x14 src/ASF/common2/components/display/ssd1306/ssd1306.o
 .text.ssd1306_interface_init
                0x00004fd0       0xd4 src/ASF/common2/components/display/ssd1306/ssd1306.o
 .text.ssd1306_init
                0x000050a4       0xb8 src/ASF/common2/components/display/ssd1306/ssd1306.o
                0x000050a4                ssd1306_init
 .text.ssd1306_write_command
                0x0000515c       0x54 src/ASF/common2/components/display/ssd1306/ssd1306.o
                0x0000515c                ssd1306_write_command
 .text.ssd1306_write_data_n
                0x000051b0       0x58 src/ASF/common2/components/display/ssd1306/ssd1306.o
                0x000051b0                ssd1306_write_data_n
 .text.cpu_irq_save
                0x00005208       0x30 src/ASF/common/services/usb/class/cdc/device/udi_cdc.o
 .text.cpu_irq_is_enabled_flags
                0x00005238       0x18 src/ASF/common/services/usb/class/cdc/device/udi_cdc.o
 .text.cpu_irq_restore
                0x00005250       0x30 src/ASF/common/services/usb/class/cdc/device/udi_cdc.o
 .text.udi_cdc_comm_enable
                0x00005280      0x160 src/ASF/common/services/usb/class/cdc/device/udi_cdc.o
                0x00005280                udi_cdc_comm_enable
 .text.udi_cdc_data_enable
                0x000053e0      0x118 src/ASF/common/services/usb/class/cdc/device/udi_cdc.o
                0x000053e0                udi_cdc_data_enable
 .text.udi_cdc_comm_disable
                0x000054f8       0x1c src/ASF/common/services/usb/class/cdc/device/udi_cdc.o
                0x000054f8                udi_cdc_comm_disable
 .text.udi_cdc_data_disable
                0x00005514       0x34 src/ASF/common/services/usb/class/cdc/device/udi_cdc.o
                0x00005514                udi_cdc_data_disable
 .text.udi_cdc_comm_setup
                0x00005548       0xcc src/ASF/common/services/usb/class/cdc/device/udi_cdc.o
                0x00005548                udi_cdc_comm_setup
 .text.udi_cdc_data_setup
                0x00005614        0xc src/ASF/common/services/usb/class/cdc/device/udi_cdc.o
                0x00005614                udi_cdc_data_setup
 .text.udi_cdc_getsetting
                0x00005620        0xc src/ASF/common/services/usb/class/cdc/device/udi_cdc.o
                0x00005620                udi_cdc_getsetting
 .text.udi_cdc_data_sof_notify
                0x0000562c       0x1c src/ASF/common/services/usb/class/cdc/device/udi_cdc.o
                0x0000562c                udi_cdc_data_sof_notify
 .text.udi_cdc_setup_to_port
                0x00005648       0x34 src/ASF/common/services/usb/class/cdc/device/udi_cdc.o
 .text.udi_cdc_line_coding_received
                0x0000567c       0x1c src/ASF/common/services/usb/class/cdc/device/udi_cdc.o
 .text.udi_cdc_rx_start
                0x00005698      0x11c src/ASF/common/services/usb/class/cdc/device/udi_cdc.o
 .text.udi_cdc_data_received
                0x000057b4       0xdc src/ASF/common/services/usb/class/cdc/device/udi_cdc.o
 .text.udi_cdc_data_sent
                0x00005890       0xa4 src/ASF/common/services/usb/class/cdc/device/udi_cdc.o
 .text.udi_cdc_tx_send
                0x00005934      0x22c src/ASF/common/services/usb/class/cdc/device/udi_cdc.o
 .text.udi_cdc_multi_get_nb_received_data
                0x00005b60       0x78 src/ASF/common/services/usb/class/cdc/device/udi_cdc.o
                0x00005b60                udi_cdc_multi_get_nb_received_data
 .text.udi_cdc_multi_is_rx_ready
                0x00005bd8       0x2c src/ASF/common/services/usb/class/cdc/device/udi_cdc.o
                0x00005bd8                udi_cdc_multi_is_rx_ready
 .text.udc_get_eof_conf
                0x00005c04       0x28 src/ASF/common/services/usb/udc/udc.o
 .text.udc_next_desc_in_iface
                0x00005c2c       0x64 src/ASF/common/services/usb/udc/udc.o
 .text.udc_update_iface_desc
                0x00005c90       0xa4 src/ASF/common/services/usb/udc/udc.o
 .text.udc_iface_disable
                0x00005d34       0xb0 src/ASF/common/services/usb/udc/udc.o
 .text.udc_iface_enable
                0x00005de4       0xb0 src/ASF/common/services/usb/udc/udc.o
 .text.udc_start
                0x00005e94       0x14 src/ASF/common/services/usb/udc/udc.o
                0x00005e94                udc_start
 .text.udc_reset
                0x00005ea8       0x60 src/ASF/common/services/usb/udc/udc.o
                0x00005ea8                udc_reset
 .text.udc_sof_notify
                0x00005f08       0x6c src/ASF/common/services/usb/udc/udc.o
                0x00005f08                udc_sof_notify
 .text.udc_req_std_dev_get_status
                0x00005f74       0x30 src/ASF/common/services/usb/udc/udc.o
 .text.udc_req_std_ep_get_status
                0x00005fa4       0x48 src/ASF/common/services/usb/udc/udc.o
 .text.udc_req_std_dev_clear_feature
                0x00005fec       0x3c src/ASF/common/services/usb/udc/udc.o
 .text.udc_req_std_ep_clear_feature
                0x00006028       0x38 src/ASF/common/services/usb/udc/udc.o
 .text.udc_req_std_dev_set_feature
                0x00006060       0x2c src/ASF/common/services/usb/udc/udc.o
 .text.udc_req_std_ep_set_feature
                0x0000608c       0x48 src/ASF/common/services/usb/udc/udc.o
 .text.udc_valid_address
                0x000060d4       0x24 src/ASF/common/services/usb/udc/udc.o
 .text.udc_req_std_dev_set_address
                0x000060f8       0x28 src/ASF/common/services/usb/udc/udc.o
 .text.udc_req_std_dev_get_str_desc
                0x00006120       0xa8 src/ASF/common/services/usb/udc/udc.o
 .text.udc_req_std_dev_get_descriptor
                0x000061c8       0xfc src/ASF/common/services/usb/udc/udc.o
 .text.udc_req_std_dev_get_configuration
                0x000062c4       0x30 src/ASF/common/services/usb/udc/udc.o
 .text.udc_req_std_dev_set_configuration
                0x000062f4       0xd0 src/ASF/common/services/usb/udc/udc.o
 .text.udc_req_std_iface_get_setting
                0x000063c4       0xa4 src/ASF/common/services/usb/udc/udc.o
 .text.udc_req_std_iface_set_setting
                0x00006468       0x74 src/ASF/common/services/usb/udc/udc.o
 .text.udc_reqstd
                0x000064dc      0x15c src/ASF/common/services/usb/udc/udc.o
 .text.udc_req_iface
                0x00006638       0xa8 src/ASF/common/services/usb/udc/udc.o
 .text.udc_req_ep
                0x000066e0       0xa0 src/ASF/common/services/usb/udc/udc.o
 .text.udc_process_setup
                0x00006780       0x90 src/ASF/common/services/usb/udc/udc.o
                0x00006780                udc_process_setup
 .text._extint_get_eic_from_channel
                0x00006810       0x4c src/ASF/sam0/drivers/extint/extint_callback.o
 .text.extint_chan_is_detected
                0x0000685c       0x44 src/ASF/sam0/drivers/extint/extint_callback.o
 .text.extint_chan_clear_detected
                0x000068a0       0x3c src/ASF/sam0/drivers/extint/extint_callback.o
 .text.EIC_Handler
                0x000068dc       0x6c src/ASF/sam0/drivers/extint/extint_callback.o
                0x000068dc                EIC_Handler
 .text.system_gclk_chan_get_config_defaults
                0x00006948       0x16 src/ASF/sam0/drivers/extint/extint_sam_d_r_h/extint.o
 *fill*         0x0000695e        0x2 
 .text.system_apb_clock_set_mask
                0x00006960       0x5c src/ASF/sam0/drivers/extint/extint_sam_d_r_h/extint.o
 .text.system_interrupt_enable
                0x000069bc       0x2c src/ASF/sam0/drivers/extint/extint_sam_d_r_h/extint.o
 .text.extint_is_syncing
                0x000069e8       0x48 src/ASF/sam0/drivers/extint/extint_sam_d_r_h/extint.o
 .text._system_extint_init
                0x00006a30       0xe0 src/ASF/sam0/drivers/extint/extint_sam_d_r_h/extint.o
                0x00006a30                _system_extint_init
 .text._extint_enable
                0x00006b10       0x64 src/ASF/sam0/drivers/extint/extint_sam_d_r_h/extint.o
 .text.system_gclk_chan_get_config_defaults
                0x00006b74       0x16 src/ASF/sam0/drivers/rtc/rtc_sam_d_r_h/rtc_count.o
 *fill*         0x00006b8a        0x2 
 .text.system_apb_clock_set_mask
                0x00006b8c       0x5c src/ASF/sam0/drivers/rtc/rtc_sam_d_r_h/rtc_count.o
 .text.system_interrupt_enable
                0x00006be8       0x2c src/ASF/sam0/drivers/rtc/rtc_sam_d_r_h/rtc_count.o
 .text.system_interrupt_disable
                0x00006c14       0x30 src/ASF/sam0/drivers/rtc/rtc_sam_d_r_h/rtc_count.o
 .text.rtc_count_is_syncing
                0x00006c44       0x28 src/ASF/sam0/drivers/rtc/rtc_sam_d_r_h/rtc_count.o
 .text.rtc_count_enable
                0x00006c6c       0x44 src/ASF/sam0/drivers/rtc/rtc_sam_d_r_h/rtc_count.o
                0x00006c6c                rtc_count_enable
 .text.rtc_count_disable
                0x00006cb0       0x50 src/ASF/sam0/drivers/rtc/rtc_sam_d_r_h/rtc_count.o
                0x00006cb0                rtc_count_disable
 .text.rtc_count_reset
                0x00006d00       0x50 src/ASF/sam0/drivers/rtc/rtc_sam_d_r_h/rtc_count.o
                0x00006d00                rtc_count_reset
 .text._rtc_count_set_config
                0x00006d50      0x130 src/ASF/sam0/drivers/rtc/rtc_sam_d_r_h/rtc_count.o
 .text.rtc_count_init
                0x00006e80       0x90 src/ASF/sam0/drivers/rtc/rtc_sam_d_r_h/rtc_count.o
                0x00006e80                rtc_count_init
 .text.rtc_count_set_compare
                0x00006f10       0x8c src/ASF/sam0/drivers/rtc/rtc_sam_d_r_h/rtc_count.o
                0x00006f10                rtc_count_set_compare
 .text.rtc_count_set_period
                0x00006f9c       0x44 src/ASF/sam0/drivers/rtc/rtc_sam_d_r_h/rtc_count.o
                0x00006f9c                rtc_count_set_period
 .text.rtc_count_register_callback
                0x00006fe0       0xac src/ASF/sam0/drivers/rtc/rtc_sam_d_r_h/rtc_count_interrupt.o
                0x00006fe0                rtc_count_register_callback
 .text.rtc_count_enable_callback
                0x0000708c       0x60 src/ASF/sam0/drivers/rtc/rtc_sam_d_r_h/rtc_count_interrupt.o
                0x0000708c                rtc_count_enable_callback
 .text._rtc_interrupt_handler
                0x000070ec       0xd4 src/ASF/sam0/drivers/rtc/rtc_sam_d_r_h/rtc_count_interrupt.o
 .text.RTC_Handler
                0x000071c0       0x14 src/ASF/sam0/drivers/rtc/rtc_sam_d_r_h/rtc_count_interrupt.o
                0x000071c0                RTC_Handler
 .text.system_gclk_chan_get_config_defaults
                0x000071d4       0x16 src/ASF/sam0/drivers/sercom/i2c/i2c_sam0/i2c_master.o
 *fill*         0x000071ea        0x2 
 .text.system_apb_clock_set_mask
                0x000071ec       0x5c src/ASF/sam0/drivers/sercom/i2c/i2c_sam0/i2c_master.o
 .text.system_pinmux_get_config_defaults
                0x00007248       0x28 src/ASF/sam0/drivers/sercom/i2c/i2c_sam0/i2c_master.o
 .text.system_is_debugger_present
                0x00007270       0x20 src/ASF/sam0/drivers/sercom/i2c/i2c_sam0/i2c_master.o
 .text.i2c_master_is_syncing
                0x00007290       0x24 src/ASF/sam0/drivers/sercom/i2c/i2c_sam0/i2c_master.o
 .text._i2c_master_wait_for_sync
                0x000072b4       0x24 src/ASF/sam0/drivers/sercom/i2c/i2c_sam0/i2c_master.o
 .text._i2c_master_set_config
                0x000072d8      0x410 src/ASF/sam0/drivers/sercom/i2c/i2c_sam0/i2c_master.o
 .text.i2c_master_init
                0x000076e8       0xd0 src/ASF/sam0/drivers/sercom/i2c/i2c_sam0/i2c_master.o
                0x000076e8                i2c_master_init
 .text._i2c_master_address_response
                0x000077b8       0x5e src/ASF/sam0/drivers/sercom/i2c/i2c_sam0/i2c_master.o
                0x000077b8                _i2c_master_address_response
 .text._i2c_master_wait_for_bus
                0x00007816       0x5e src/ASF/sam0/drivers/sercom/i2c/i2c_sam0/i2c_master.o
                0x00007816                _i2c_master_wait_for_bus
 .text._i2c_master_send_hs_master_code
                0x00007874       0x54 src/ASF/sam0/drivers/sercom/i2c/i2c_sam0/i2c_master.o
                0x00007874                _i2c_master_send_hs_master_code
 .text._i2c_master_read_packet
                0x000078c8      0x274 src/ASF/sam0/drivers/sercom/i2c/i2c_sam0/i2c_master.o
 .text.i2c_master_read_packet_wait
                0x00007b3c       0x30 src/ASF/sam0/drivers/sercom/i2c/i2c_sam0/i2c_master.o
                0x00007b3c                i2c_master_read_packet_wait
 .text._i2c_master_write_packet
                0x00007b6c      0x178 src/ASF/sam0/drivers/sercom/i2c/i2c_sam0/i2c_master.o
 .text.i2c_master_write_packet_wait
                0x00007ce4       0x30 src/ASF/sam0/drivers/sercom/i2c/i2c_sam0/i2c_master.o
                0x00007ce4                i2c_master_write_packet_wait
 .text.i2c_master_write_packet_wait_no_stop
                0x00007d14       0x30 src/ASF/sam0/drivers/sercom/i2c/i2c_sam0/i2c_master.o
                0x00007d14                i2c_master_write_packet_wait_no_stop
 .text.system_gclk_chan_get_config_defaults
                0x00007d44       0x16 src/ASF/sam0/drivers/sercom/sercom.o
 .text._sercom_get_sync_baud_val
                0x00007d5a       0x7c src/ASF/sam0/drivers/sercom/sercom.o
                0x00007d5a                _sercom_get_sync_baud_val
 *fill*         0x00007dd6        0x2 
 .text.sercom_set_gclk_generator
                0x00007dd8       0x8c src/ASF/sam0/drivers/sercom/sercom.o
                0x00007dd8                sercom_set_gclk_generator
 .text._sercom_get_default_pad
                0x00007e64      0x130 src/ASF/sam0/drivers/sercom/sercom.o
                0x00007e64                _sercom_get_default_pad
 .text._sercom_get_sercom_inst_index
                0x00007f94       0x50 src/ASF/sam0/drivers/sercom/sercom.o
                0x00007f94                _sercom_get_sercom_inst_index
 .text._sercom_default_handler
                0x00007fe4       0x14 src/ASF/sam0/drivers/sercom/sercom_interrupt.o
 .text._sercom_set_handler
                0x00007ff8       0x6c src/ASF/sam0/drivers/sercom/sercom_interrupt.o
                0x00007ff8                _sercom_set_handler
 .text._sercom_get_interrupt_vector
                0x00008064       0x4c src/ASF/sam0/drivers/sercom/sercom_interrupt.o
                0x00008064                _sercom_get_interrupt_vector
 .text.SERCOM0_Handler
                0x000080b0       0x18 src/ASF/sam0/drivers/sercom/sercom_interrupt.o
                0x000080b0                SERCOM0_Handler
 .text.SERCOM1_Handler
                0x000080c8       0x18 src/ASF/sam0/drivers/sercom/sercom_interrupt.o
                0x000080c8                SERCOM1_Handler
 .text.SERCOM2_Handler
                0x000080e0       0x18 src/ASF/sam0/drivers/sercom/sercom_interrupt.o
                0x000080e0                SERCOM2_Handler
 .text.SERCOM3_Handler
                0x000080f8       0x18 src/ASF/sam0/drivers/sercom/sercom_interrupt.o
                0x000080f8                SERCOM3_Handler
 .text.system_pinmux_get_config_defaults
                0x00008110       0x28 src/ASF/sam0/drivers/sercom/spi/spi.o
 .text.system_pinmux_get_group_from_gpio_pin
                0x00008138       0x60 src/ASF/sam0/drivers/sercom/spi/spi.o
 .text.port_get_group_from_gpio_pin
                0x00008198       0x24 src/ASF/sam0/drivers/sercom/spi/spi.o
 .text.port_pin_set_output_level
                0x000081bc       0x54 src/ASF/sam0/drivers/sercom/spi/spi.o
 .text.system_gclk_chan_get_config_defaults
                0x00008210       0x16 src/ASF/sam0/drivers/sercom/spi/spi.o
 *fill*         0x00008226        0x2 
 .text.system_apb_clock_set_mask
                0x00008228       0x5c src/ASF/sam0/drivers/sercom/spi/spi.o
 .text.system_is_debugger_present
                0x00008284       0x20 src/ASF/sam0/drivers/sercom/spi/spi.o
 .text.spi_is_write_complete
                0x000082a4       0x28 src/ASF/sam0/drivers/sercom/spi/spi.o
 .text.spi_is_ready_to_write
                0x000082cc       0x28 src/ASF/sam0/drivers/sercom/spi/spi.o
 .text.spi_is_ready_to_read
                0x000082f4       0x28 src/ASF/sam0/drivers/sercom/spi/spi.o
 .text.spi_write
                0x0000831c       0x48 src/ASF/sam0/drivers/sercom/spi/spi.o
 .text.spi_read
                0x00008364       0x88 src/ASF/sam0/drivers/sercom/spi/spi.o
 .text._spi_clear_tx_complete_flag
                0x000083ec       0x1c src/ASF/sam0/drivers/sercom/spi/spi.o
 .text._spi_set_config
                0x00008408      0x250 src/ASF/sam0/drivers/sercom/spi/spi.o
 .text.spi_init
                0x00008658      0x1a4 src/ASF/sam0/drivers/sercom/spi/spi.o
                0x00008658                spi_init
 .text.spi_select_slave
                0x000087fc       0xf0 src/ASF/sam0/drivers/sercom/spi/spi.o
                0x000087fc                spi_select_slave
 .text.spi_write_buffer_wait
                0x000088ec      0x324 src/ASF/sam0/drivers/sercom/spi/spi.o
                0x000088ec                spi_write_buffer_wait
 .text._spi_write
                0x00008c10       0x7a src/ASF/sam0/drivers/sercom/spi/spi_interrupt.o
 *fill*         0x00008c8a        0x2 
 .text._spi_write_dummy
                0x00008c8c       0x34 src/ASF/sam0/drivers/sercom/spi/spi_interrupt.o
 .text._spi_read_dummy
                0x00008cc0       0x36 src/ASF/sam0/drivers/sercom/spi/spi_interrupt.o
 .text._spi_read
                0x00008cf6       0x70 src/ASF/sam0/drivers/sercom/spi/spi_interrupt.o
 *fill*         0x00008d66        0x2 
 .text._spi_interrupt_handler
                0x00008d68      0x30c src/ASF/sam0/drivers/sercom/spi/spi_interrupt.o
                0x00008d68                _spi_interrupt_handler
 .text.tc_register_callback
                0x00009074       0x72 src/ASF/sam0/drivers/tc/tc_interrupt.o
                0x00009074                tc_register_callback
 *fill*         0x000090e6        0x2 
 .text.TC3_Handler
                0x000090e8       0x14 src/ASF/sam0/drivers/tc/tc_interrupt.o
                0x000090e8                TC3_Handler
 .text.TC4_Handler
                0x000090fc       0x14 src/ASF/sam0/drivers/tc/tc_interrupt.o
                0x000090fc                TC4_Handler
 .text.TC5_Handler
                0x00009110       0x14 src/ASF/sam0/drivers/tc/tc_interrupt.o
                0x00009110                TC5_Handler
 .text._tc_interrupt_handler
                0x00009124       0xb8 src/ASF/sam0/drivers/tc/tc_interrupt.o
                0x00009124                _tc_interrupt_handler
 .text.system_gclk_chan_get_config_defaults
                0x000091dc       0x16 src/ASF/sam0/drivers/tc/tc_sam_d_r_h/tc.o
 *fill*         0x000091f2        0x2 
 .text.system_apb_clock_set_mask
                0x000091f4       0x5c src/ASF/sam0/drivers/tc/tc_sam_d_r_h/tc.o
 .text.system_pinmux_get_config_defaults
                0x00009250       0x28 src/ASF/sam0/drivers/tc/tc_sam_d_r_h/tc.o
 .text.tc_is_syncing
                0x00009278       0x28 src/ASF/sam0/drivers/tc/tc_sam_d_r_h/tc.o
 .text._tc_get_inst_index
                0x000092a0       0x48 src/ASF/sam0/drivers/tc/tc_sam_d_r_h/tc.o
                0x000092a0                _tc_get_inst_index
 .text.tc_init  0x000092e8      0x45c src/ASF/sam0/drivers/tc/tc_sam_d_r_h/tc.o
                0x000092e8                tc_init
 .text.tc_get_count_value
                0x00009744       0x54 src/ASF/sam0/drivers/tc/tc_sam_d_r_h/tc.o
                0x00009744                tc_get_count_value
 .text.cpu_irq_save
                0x00009798       0x30 src/ASF/sam0/drivers/usb/stack_interface/usb_device_udd.o
 .text.cpu_irq_is_enabled_flags
                0x000097c8       0x18 src/ASF/sam0/drivers/usb/stack_interface/usb_device_udd.o
 .text.cpu_irq_restore
                0x000097e0       0x30 src/ASF/sam0/drivers/usb/stack_interface/usb_device_udd.o
 .text.usb_device_attach
                0x00009810       0x24 src/ASF/sam0/drivers/usb/stack_interface/usb_device_udd.o
 .text.usb_device_get_address
                0x00009834       0x1c src/ASF/sam0/drivers/usb/stack_interface/usb_device_udd.o
 .text.usb_device_set_address
                0x00009850       0x28 src/ASF/sam0/drivers/usb/stack_interface/usb_device_udd.o
 .text.usb_device_get_frame_number
                0x00009878       0x1c src/ASF/sam0/drivers/usb/stack_interface/usb_device_udd.o
 .text.usb_device_get_micro_frame_number
                0x00009894       0x18 src/ASF/sam0/drivers/usb/stack_interface/usb_device_udd.o
 .text.usb_device_set_lpm_mode
                0x000098ac       0x40 src/ASF/sam0/drivers/usb/stack_interface/usb_device_udd.o
 .text.sleepmgr_lock_mode
                0x000098ec       0x50 src/ASF/sam0/drivers/usb/stack_interface/usb_device_udd.o
 .text.sleepmgr_unlock_mode
                0x0000993c       0x50 src/ASF/sam0/drivers/usb/stack_interface/usb_device_udd.o
 .text.udd_wait_clock_ready
                0x0000998c       0x3c src/ASF/sam0/drivers/usb/stack_interface/usb_device_udd.o
 .text.udd_sleep_mode
                0x000099c8       0x84 src/ASF/sam0/drivers/usb/stack_interface/usb_device_udd.o
 .text.udd_ep_get_job
                0x00009a4c       0x54 src/ASF/sam0/drivers/usb/stack_interface/usb_device_udd.o
 .text.udd_ep_trans_in_next
                0x00009aa0      0x188 src/ASF/sam0/drivers/usb/stack_interface/usb_device_udd.o
 .text.udd_ep_trans_out_next
                0x00009c28      0x1d8 src/ASF/sam0/drivers/usb/stack_interface/usb_device_udd.o
 .text.udd_ep_transfer_process
                0x00009e00       0x48 src/ASF/sam0/drivers/usb/stack_interface/usb_device_udd.o
 .text.udd_ep_abort
                0x00009e48       0x70 src/ASF/sam0/drivers/usb/stack_interface/usb_device_udd.o
                0x00009e48                udd_ep_abort
 .text.udd_is_high_speed
                0x00009eb8        0xc src/ASF/sam0/drivers/usb/stack_interface/usb_device_udd.o
                0x00009eb8                udd_is_high_speed
 .text.udd_get_frame_number
                0x00009ec4       0x1c src/ASF/sam0/drivers/usb/stack_interface/usb_device_udd.o
                0x00009ec4                udd_get_frame_number
 .text.udd_get_micro_frame_number
                0x00009ee0       0x1c src/ASF/sam0/drivers/usb/stack_interface/usb_device_udd.o
                0x00009ee0                udd_get_micro_frame_number
 .text.udd_ep_free
                0x00009efc       0x8c src/ASF/sam0/drivers/usb/stack_interface/usb_device_udd.o
                0x00009efc                udd_ep_free
 .text.udd_ep_alloc
                0x00009f88      0x1a8 src/ASF/sam0/drivers/usb/stack_interface/usb_device_udd.o
                0x00009f88                udd_ep_alloc
 .text.udd_ep_is_halted
                0x0000a130       0x2c src/ASF/sam0/drivers/usb/stack_interface/usb_device_udd.o
                0x0000a130                udd_ep_is_halted
 .text.udd_ep_set_halt
                0x0000a15c       0x58 src/ASF/sam0/drivers/usb/stack_interface/usb_device_udd.o
                0x0000a15c                udd_ep_set_halt
 .text.udd_ep_clear_halt
                0x0000a1b4       0x78 src/ASF/sam0/drivers/usb/stack_interface/usb_device_udd.o
                0x0000a1b4                udd_ep_clear_halt
 .text.udd_ctrl_stall_data
                0x0000a22c       0x34 src/ASF/sam0/drivers/usb/stack_interface/usb_device_udd.o
 .text.udd_ep_run
                0x0000a260      0x2e8 src/ASF/sam0/drivers/usb/stack_interface/usb_device_udd.o
                0x0000a260                udd_ep_run
 .text.udd_set_address
                0x0000a548       0x2c src/ASF/sam0/drivers/usb/stack_interface/usb_device_udd.o
                0x0000a548                udd_set_address
 .text.udd_getaddress
                0x0000a574       0x1c src/ASF/sam0/drivers/usb/stack_interface/usb_device_udd.o
                0x0000a574                udd_getaddress
 .text.udd_set_setup_payload
                0x0000a590       0x28 src/ASF/sam0/drivers/usb/stack_interface/usb_device_udd.o
                0x0000a590                udd_set_setup_payload
 .text.udd_ctrl_fetch_ram
                0x0000a5b8       0x6c src/ASF/sam0/drivers/usb/stack_interface/usb_device_udd.o
 .text.udd_ctrl_send_zlp_in
                0x0000a624       0x44 src/ASF/sam0/drivers/usb/stack_interface/usb_device_udd.o
 .text.udd_ctrl_in_sent
                0x0000a668       0xec src/ASF/sam0/drivers/usb/stack_interface/usb_device_udd.o
 .text.udd_ctrl_out_received
                0x0000a754      0x154 src/ASF/sam0/drivers/usb/stack_interface/usb_device_udd.o
 .text._usb_ep0_on_setup
                0x0000a8a8       0xe4 src/ASF/sam0/drivers/usb/stack_interface/usb_device_udd.o
 .text.udd_ctrl_underflow
                0x0000a98c       0x48 src/ASF/sam0/drivers/usb/stack_interface/usb_device_udd.o
 .text.udd_ctrl_overflow
                0x0000a9d4       0x48 src/ASF/sam0/drivers/usb/stack_interface/usb_device_udd.o
 .text._usb_ep0_on_tansfer_fail
                0x0000aa1c       0x3c src/ASF/sam0/drivers/usb/stack_interface/usb_device_udd.o
 .text._usb_ep0_on_tansfer_ok
                0x0000aa58       0x58 src/ASF/sam0/drivers/usb/stack_interface/usb_device_udd.o
 .text.udd_ctrl_ep_enable
                0x0000aab0       0xc0 src/ASF/sam0/drivers/usb/stack_interface/usb_device_udd.o
 .text._usb_on_suspend
                0x0000ab70       0x3c src/ASF/sam0/drivers/usb/stack_interface/usb_device_udd.o
 .text._usb_device_lpm_suspend
                0x0000abac       0x4c src/ASF/sam0/drivers/usb/stack_interface/usb_device_udd.o
 .text._usb_on_sof_notify
                0x0000abf8       0x1c src/ASF/sam0/drivers/usb/stack_interface/usb_device_udd.o
 .text._usb_on_bus_reset
                0x0000ac14       0x34 src/ASF/sam0/drivers/usb/stack_interface/usb_device_udd.o
 .text._usb_on_wakeup
                0x0000ac48       0x64 src/ASF/sam0/drivers/usb/stack_interface/usb_device_udd.o
 .text.udd_attach
                0x0000acac       0xb0 src/ASF/sam0/drivers/usb/stack_interface/usb_device_udd.o
                0x0000acac                udd_attach
 .text.udd_enable
                0x0000ad5c       0x78 src/ASF/sam0/drivers/usb/stack_interface/usb_device_udd.o
                0x0000ad5c                udd_enable
 .text.system_gclk_chan_get_config_defaults
                0x0000add4       0x16 src/ASF/sam0/drivers/usb/usb_sam_d_r/usb.o
 *fill*         0x0000adea        0x2 
 .text.system_apb_clock_set_mask
                0x0000adec       0x5c src/ASF/sam0/drivers/usb/usb_sam_d_r/usb.o
 .text.system_pinmux_get_config_defaults
                0x0000ae48       0x28 src/ASF/sam0/drivers/usb/usb_sam_d_r/usb.o
 .text.system_interrupt_enable
                0x0000ae70       0x2c src/ASF/sam0/drivers/usb/usb_sam_d_r/usb.o
 .text._usb_host_interrupt_handler
                0x0000ae9c      0x4cc src/ASF/sam0/drivers/usb/usb_sam_d_r/usb.o
 .text.usb_device_register_callback
                0x0000b368       0x50 src/ASF/sam0/drivers/usb/usb_sam_d_r/usb.o
                0x0000b368                usb_device_register_callback
 .text.usb_device_enable_callback
                0x0000b3b8       0x5c src/ASF/sam0/drivers/usb/usb_sam_d_r/usb.o
                0x0000b3b8                usb_device_enable_callback
 .text.usb_device_disable_callback
                0x0000b414       0x54 src/ASF/sam0/drivers/usb/usb_sam_d_r/usb.o
                0x0000b414                usb_device_disable_callback
 .text.usb_device_endpoint_register_callback
                0x0000b468       0x80 src/ASF/sam0/drivers/usb/usb_sam_d_r/usb.o
                0x0000b468                usb_device_endpoint_register_callback
 .text.usb_device_endpoint_unregister_callback
                0x0000b4e8       0x78 src/ASF/sam0/drivers/usb/usb_sam_d_r/usb.o
                0x0000b4e8                usb_device_endpoint_unregister_callback
 .text.usb_device_endpoint_enable_callback
                0x0000b560      0x19c src/ASF/sam0/drivers/usb/usb_sam_d_r/usb.o
                0x0000b560                usb_device_endpoint_enable_callback
 .text.usb_device_endpoint_disable_callback
                0x0000b6fc      0x1a4 src/ASF/sam0/drivers/usb/usb_sam_d_r/usb.o
                0x0000b6fc                usb_device_endpoint_disable_callback
 .text.usb_device_endpoint_get_config_defaults
                0x0000b8a0       0x28 src/ASF/sam0/drivers/usb/usb_sam_d_r/usb.o
                0x0000b8a0                usb_device_endpoint_get_config_defaults
 .text.usb_device_endpoint_set_config
                0x0000b8c8      0x4f8 src/ASF/sam0/drivers/usb/usb_sam_d_r/usb.o
                0x0000b8c8                usb_device_endpoint_set_config
 .text.usb_device_endpoint_abort_job
                0x0000bdc0       0x88 src/ASF/sam0/drivers/usb/usb_sam_d_r/usb.o
                0x0000bdc0                usb_device_endpoint_abort_job
 .text.usb_device_endpoint_is_halted
                0x0000be48       0x74 src/ASF/sam0/drivers/usb/usb_sam_d_r/usb.o
                0x0000be48                usb_device_endpoint_is_halted
 .text.usb_device_endpoint_set_halt
                0x0000bebc       0x5c src/ASF/sam0/drivers/usb/usb_sam_d_r/usb.o
                0x0000bebc                usb_device_endpoint_set_halt
 .text.usb_device_endpoint_clear_halt
                0x0000bf18      0x12c src/ASF/sam0/drivers/usb/usb_sam_d_r/usb.o
                0x0000bf18                usb_device_endpoint_clear_halt
 .text.usb_device_endpoint_write_buffer_job
                0x0000c044       0xb4 src/ASF/sam0/drivers/usb/usb_sam_d_r/usb.o
                0x0000c044                usb_device_endpoint_write_buffer_job
 .text.usb_device_endpoint_read_buffer_job
                0x0000c0f8       0xb0 src/ASF/sam0/drivers/usb/usb_sam_d_r/usb.o
                0x0000c0f8                usb_device_endpoint_read_buffer_job
 .text.usb_device_endpoint_setup_buffer_job
                0x0000c1a8       0x48 src/ASF/sam0/drivers/usb/usb_sam_d_r/usb.o
                0x0000c1a8                usb_device_endpoint_setup_buffer_job
 .text._usb_device_interrupt_handler
                0x0000c1f0      0x580 src/ASF/sam0/drivers/usb/usb_sam_d_r/usb.o
 .text.usb_enable
                0x0000c770       0x32 src/ASF/sam0/drivers/usb/usb_sam_d_r/usb.o
                0x0000c770                usb_enable
 *fill*         0x0000c7a2        0x2 
 .text.USB_Handler
                0x0000c7a4       0x34 src/ASF/sam0/drivers/usb/usb_sam_d_r/usb.o
                0x0000c7a4                USB_Handler
 .text.usb_get_config_defaults
                0x0000c7d8       0x28 src/ASF/sam0/drivers/usb/usb_sam_d_r/usb.o
                0x0000c7d8                usb_get_config_defaults
 .text.usb_init
                0x0000c800      0x35c src/ASF/sam0/drivers/usb/usb_sam_d_r/usb.o
                0x0000c800                usb_init
 .text.system_interrupt_enter_critical_section
                0x0000cb5c       0x14 src/FUSB302/FUSB302.o
 .text.system_interrupt_leave_critical_section
                0x0000cb70       0x14 src/FUSB302/FUSB302.o
 .text.i2c_master_lock
                0x0000cb84       0x48 src/FUSB302/FUSB302.o
 .text.i2c_master_unlock
                0x0000cbcc       0x16 src/FUSB302/FUSB302.o
 *fill*         0x0000cbe2        0x2 
 .text.tcpm_set_polarity
                0x0000cbe4       0x30 src/FUSB302/FUSB302.o
 .text.tcpm_set_vconn
                0x0000cc14       0x30 src/FUSB302/FUSB302.o
 .text.fusb302_pd_reset
                0x0000cc44       0x48 src/FUSB302/FUSB302.o
 .text.fusb302_flush_rx_fifo
                0x0000cc8c       0x48 src/FUSB302/FUSB302.o
 .text.fusb302_flush_tx_fifo
                0x0000ccd4       0x64 src/FUSB302/FUSB302.o
 .text.fusb302_auto_goodcrc_enable
                0x0000cd38       0x74 src/FUSB302/FUSB302.o
 .text.convert_bc_lvl
                0x0000cdac       0x6c src/FUSB302/FUSB302.o
 .text.measure_cc_pin_source
                0x0000ce18      0x120 src/FUSB302/FUSB302.o
 .text.detect_cc_pin_source_manual
                0x0000cf38       0x98 src/FUSB302/FUSB302.o
 .text.detect_cc_pin_sink
                0x0000cfd0      0x16c src/FUSB302/FUSB302.o
 .text.get_num_bytes
                0x0000d13c       0x32 src/FUSB302/FUSB302.o
 *fill*         0x0000d16e        0x2 
 .text.fusb302_send_message
                0x0000d170      0x130 src/FUSB302/FUSB302.o
 .text.fusb302_tcpm_select_rp_value
                0x0000d2a0      0x104 src/FUSB302/FUSB302.o
 .text.fusb302_tcpm_init
                0x0000d3a4      0x178 src/FUSB302/FUSB302.o
 .text.fusb302_tcpm_release
                0x0000d51c       0x12 src/FUSB302/FUSB302.o
 *fill*         0x0000d52e        0x2 
 .text.fusb302_tcpm_get_cc
                0x0000d530       0x54 src/FUSB302/FUSB302.o
 .text.fusb302_tcpm_set_cc
                0x0000d584      0x1b4 src/FUSB302/FUSB302.o
 .text.fusb302_tcpm_set_polarity
                0x0000d738      0x11c src/FUSB302/FUSB302.o
 .text.fusb302_tcpm_set_vconn
                0x0000d854       0xac src/FUSB302/FUSB302.o
 .text.fusb302_tcpm_set_msg_header
                0x0000d900       0x7c src/FUSB302/FUSB302.o
 .text.fusb302_tcpm_set_rx_enable
                0x0000d97c      0x134 src/FUSB302/FUSB302.o
 .text.fusb302_rx_fifo_is_empty
                0x0000dab0       0x60 src/FUSB302/FUSB302.o
 .text.fusb302_tcpm_get_message
                0x0000db10      0x154 src/FUSB302/FUSB302.o
 .text.fusb302_tcpm_transmit
                0x0000dc64      0x190 src/FUSB302/FUSB302.o
 .text.fusb302_tcpc_alert
                0x0000ddf4      0x128 src/FUSB302/FUSB302.o
                0x0000ddf4                fusb302_tcpc_alert
 .text.tcpc_write
                0x0000df1c       0x84 src/FUSB302/tcpm_driver.o
                0x0000df1c                tcpc_write
 .text.tcpc_read
                0x0000dfa0      0x108 src/FUSB302/tcpm_driver.o
                0x0000dfa0                tcpc_read
 .text.tcpc_xfer
                0x0000e0a8      0x124 src/FUSB302/tcpm_driver.o
                0x0000e0a8                tcpc_xfer
 .text.system_interrupt_enter_critical_section
                0x0000e1cc       0x14 src/FUSB302/usb_pd_driver.o
 .text.system_interrupt_leave_critical_section
                0x0000e1e0       0x14 src/FUSB302/usb_pd_driver.o
 .text.pd_task_set_event
                0x0000e1f4       0x1e src/FUSB302/usb_pd_driver.o
                0x0000e1f4                pd_task_set_event
 .text.pd_set_input_current_limit
                0x0000e212       0x14 src/FUSB302/usb_pd_driver.o
                0x0000e212                pd_set_input_current_limit
 .text.pd_is_valid_input_voltage
                0x0000e226       0x12 src/FUSB302/usb_pd_driver.o
                0x0000e226                pd_is_valid_input_voltage
 .text.pd_snk_is_vbus_provided
                0x0000e238       0x12 src/FUSB302/usb_pd_driver.o
                0x0000e238                pd_snk_is_vbus_provided
 *fill*         0x0000e24a        0x2 
 .text.get_time
                0x0000e24c       0x48 src/FUSB302/usb_pd_driver.o
                0x0000e24c                get_time
 .text.pd_power_supply_reset
                0x0000e294       0x10 src/FUSB302/usb_pd_driver.o
                0x0000e294                pd_power_supply_reset
 .text.pd_custom_vdm
                0x0000e2a4       0x18 src/FUSB302/usb_pd_driver.o
                0x0000e2a4                pd_custom_vdm
 .text.pd_execute_data_swap
                0x0000e2bc       0x12 src/FUSB302/usb_pd_driver.o
                0x0000e2bc                pd_execute_data_swap
 .text.pd_check_data_swap
                0x0000e2ce       0x14 src/FUSB302/usb_pd_driver.o
                0x0000e2ce                pd_check_data_swap
 .text.pd_check_power_swap
                0x0000e2e2       0x12 src/FUSB302/usb_pd_driver.o
                0x0000e2e2                pd_check_power_swap
 .text.pd_board_checks
                0x0000e2f4        0xc src/FUSB302/usb_pd_driver.o
                0x0000e2f4                pd_board_checks
 .text.pd_set_power_supply_ready
                0x0000e300       0x12 src/FUSB302/usb_pd_driver.o
                0x0000e300                pd_set_power_supply_ready
 .text.pd_transition_voltage
                0x0000e312       0x10 src/FUSB302/usb_pd_driver.o
                0x0000e312                pd_transition_voltage
 .text.pd_check_dr_role
                0x0000e322       0x14 src/FUSB302/usb_pd_driver.o
                0x0000e322                pd_check_dr_role
 .text.pd_check_pr_role
                0x0000e336       0x14 src/FUSB302/usb_pd_driver.o
                0x0000e336                pd_check_pr_role
 *fill*         0x0000e34a        0x2 
 .text.pd_process_source_cap_callback
                0x0000e34c      0x140 src/FUSB302/usb_pd_driver.o
                0x0000e34c                pd_process_source_cap_callback
 .text.EVSYS_Handler
                0x0000e48c       0x68 src/ASF/sam0/drivers/events/events_hooks.o
                0x0000e48c                EVSYS_Handler
 .text.system_apb_clock_set_mask
                0x0000e4f4       0x5c src/ASF/sam0/drivers/events/events_sam_d_r_h/events.o
 .text._system_events_init
                0x0000e550       0x30 src/ASF/sam0/drivers/events/events_sam_d_r_h/events.o
                0x0000e550                _system_events_init
 .text.delay_cycles
                0x0000e580       0x34 src/ASF/common2/services/delay/sam0/systick_counter.o
 .text.delay_init
                0x0000e5b4       0x58 src/ASF/common2/services/delay/sam0/systick_counter.o
                0x0000e5b4                delay_init
 .text.delay_cycles_us
                0x0000e60c       0x30 src/ASF/common2/services/delay/sam0/systick_counter.o
                0x0000e60c                delay_cycles_us
 .text.delay_cycles_ms
                0x0000e63c       0x30 src/ASF/common2/services/delay/sam0/systick_counter.o
                0x0000e63c                delay_cycles_ms
 .text.system_pinmux_get_config_defaults
                0x0000e66c       0x28 src/ASF/sam0/drivers/port/port.o
 .text.port_pin_set_config
                0x0000e694       0x60 src/ASF/sam0/drivers/port/port.o
                0x0000e694                port_pin_set_config
 .text.system_board_init
                0x0000e6f4        0xa src/ASF/common2/boards/user_board/init.o
                0x0000e6f4                board_init
                0x0000e6f4                system_board_init
 *fill*         0x0000e6fe        0x2 
 .text.cpu_irq_enter_critical
                0x0000e700       0x54 src/ASF/common/utils/interrupt/interrupt_sam_nvic.o
                0x0000e700                cpu_irq_enter_critical
 .text.cpu_irq_leave_critical
                0x0000e754       0x40 src/ASF/common/utils/interrupt/interrupt_sam_nvic.o
                0x0000e754                cpu_irq_leave_critical
 .text.system_gclk_gen_get_config_defaults
                0x0000e794       0x2e src/ASF/sam0/drivers/system/clock/clock_samd21_r21_da/clock.o
 .text.system_clock_source_osc8m_get_config_defaults
                0x0000e7c2       0x22 src/ASF/sam0/drivers/system/clock/clock_samd21_r21_da/clock.o
 .text.system_clock_source_dfll_get_config_defaults
                0x0000e7e4       0x52 src/ASF/sam0/drivers/system/clock/clock_samd21_r21_da/clock.o
 *fill*         0x0000e836        0x2 
 .text.system_cpu_clock_set_divider
                0x0000e838       0x20 src/ASF/sam0/drivers/system/clock/clock_samd21_r21_da/clock.o
 .text.system_apb_clock_set_divider
                0x0000e858       0x54 src/ASF/sam0/drivers/system/clock/clock_samd21_r21_da/clock.o
 .text.system_flash_set_waitstates
                0x0000e8ac       0x34 src/ASF/sam0/drivers/system/clock/clock_samd21_r21_da/clock.o
 .text._system_dfll_wait_for_sync
                0x0000e8e0       0x1c src/ASF/sam0/drivers/system/clock/clock_samd21_r21_da/clock.o
 .text._system_clock_source_dfll_set_config_errata_9905
                0x0000e8fc       0x44 src/ASF/sam0/drivers/system/clock/clock_samd21_r21_da/clock.o
 .text.system_clock_source_get_hz
                0x0000e940       0xc8 src/ASF/sam0/drivers/system/clock/clock_samd21_r21_da/clock.o
                0x0000e940                system_clock_source_get_hz
 .text.system_clock_source_osc8m_set_config
                0x0000ea08       0x78 src/ASF/sam0/drivers/system/clock/clock_samd21_r21_da/clock.o
                0x0000ea08                system_clock_source_osc8m_set_config
 .text.system_clock_source_dfll_set_config
                0x0000ea80       0xd0 src/ASF/sam0/drivers/system/clock/clock_samd21_r21_da/clock.o
                0x0000ea80                system_clock_source_dfll_set_config
 .text.system_clock_source_enable
                0x0000eb50       0xac src/ASF/sam0/drivers/system/clock/clock_samd21_r21_da/clock.o
                0x0000eb50                system_clock_source_enable
 .text.system_clock_source_is_ready
                0x0000ebfc       0x84 src/ASF/sam0/drivers/system/clock/clock_samd21_r21_da/clock.o
                0x0000ebfc                system_clock_source_is_ready
 .text._switch_peripheral_gclk
                0x0000ec80       0x38 src/ASF/sam0/drivers/system/clock/clock_samd21_r21_da/clock.o
 .text.system_clock_init
                0x0000ecb8      0x2b4 src/ASF/sam0/drivers/system/clock/clock_samd21_r21_da/clock.o
                0x0000ecb8                system_clock_init
 .text.system_apb_clock_set_mask
                0x0000ef6c       0x5c src/ASF/sam0/drivers/system/clock/clock_samd21_r21_da/gclk.o
 .text.system_interrupt_enter_critical_section
                0x0000efc8       0x14 src/ASF/sam0/drivers/system/clock/clock_samd21_r21_da/gclk.o
 .text.system_interrupt_leave_critical_section
                0x0000efdc       0x14 src/ASF/sam0/drivers/system/clock/clock_samd21_r21_da/gclk.o
 .text.system_gclk_is_syncing
                0x0000eff0       0x20 src/ASF/sam0/drivers/system/clock/clock_samd21_r21_da/gclk.o
 .text.system_gclk_init
                0x0000f010       0x30 src/ASF/sam0/drivers/system/clock/clock_samd21_r21_da/gclk.o
                0x0000f010                system_gclk_init
 .text.system_gclk_gen_set_config
                0x0000f040      0x124 src/ASF/sam0/drivers/system/clock/clock_samd21_r21_da/gclk.o
                0x0000f040                system_gclk_gen_set_config
 .text.system_gclk_gen_enable
                0x0000f164       0x5c src/ASF/sam0/drivers/system/clock/clock_samd21_r21_da/gclk.o
                0x0000f164                system_gclk_gen_enable
 .text.system_gclk_gen_get_hz
                0x0000f1c0       0xd8 src/ASF/sam0/drivers/system/clock/clock_samd21_r21_da/gclk.o
                0x0000f1c0                system_gclk_gen_get_hz
 .text.system_gclk_chan_set_config
                0x0000f298       0x44 src/ASF/sam0/drivers/system/clock/clock_samd21_r21_da/gclk.o
                0x0000f298                system_gclk_chan_set_config
 .text.system_gclk_chan_enable
                0x0000f2dc       0x48 src/ASF/sam0/drivers/system/clock/clock_samd21_r21_da/gclk.o
                0x0000f2dc                system_gclk_chan_enable
 .text.system_gclk_chan_disable
                0x0000f324       0x98 src/ASF/sam0/drivers/system/clock/clock_samd21_r21_da/gclk.o
                0x0000f324                system_gclk_chan_disable
 .text.system_gclk_chan_get_hz
                0x0000f3bc       0x58 src/ASF/sam0/drivers/system/clock/clock_samd21_r21_da/gclk.o
                0x0000f3bc                system_gclk_chan_get_hz
 .text.system_pinmux_get_group_from_gpio_pin
                0x0000f414       0x60 src/ASF/sam0/drivers/system/pinmux/pinmux.o
 .text._system_pinmux_config
                0x0000f474      0x110 src/ASF/sam0/drivers/system/pinmux/pinmux.o
 .text.system_pinmux_pin_set_config
                0x0000f584       0x48 src/ASF/sam0/drivers/system/pinmux/pinmux.o
                0x0000f584                system_pinmux_pin_set_config
 .text._system_dummy_init
                0x0000f5cc        0xa src/ASF/sam0/drivers/system/system.o
                0x0000f5cc                _system_dummy_init
                0x0000f5cc                _system_divas_init
 *fill*         0x0000f5d6        0x2 
 .text.system_init
                0x0000f5d8       0x34 src/ASF/sam0/drivers/system/system.o
                0x0000f5d8                system_init
 .text.Reset_Handler
                0x0000f60c       0xf8 src/ASF/sam0/utils/cmsis/samd21/source/gcc/startup_samd21.o
                0x0000f60c                Reset_Handler
 .text.Dummy_Handler
                0x0000f704        0x6 src/ASF/sam0/utils/cmsis/samd21/source/gcc/startup_samd21.o
                0x0000f704                DMAC_Handler
                0x0000f704                HardFault_Handler
                0x0000f704                AC_Handler
                0x0000f704                SysTick_Handler
                0x0000f704                PendSV_Handler
                0x0000f704                NMI_Handler
                0x0000f704                ADC_Handler
                0x0000f704                TCC1_Handler
                0x0000f704                TCC0_Handler
                0x0000f704                WDT_Handler
                0x0000f704                Dummy_Handler
                0x0000f704                PM_Handler
                0x0000f704                SVC_Handler
                0x0000f704                TCC2_Handler
                0x0000f704                I2S_Handler
                0x0000f704                NVMCTRL_Handler
                0x0000f704                DAC_Handler
                0x0000f704                SYSCTRL_Handler
 *fill*         0x0000f70a        0x2 
 .text._sbrk    0x0000f70c       0x3c src/ASF/sam0/utils/syscalls/gcc/syscalls.o
                0x0000f70c                _sbrk
 .text.UG_Init  0x0000f748      0x128 src/uGUI/ugui.o
                0x0000f748                UG_Init
 .text.UG_SelectGUI
                0x0000f870       0x1c src/uGUI/ugui.o
                0x0000f870                UG_SelectGUI
 .text.UG_FontSelect
                0x0000f88c       0x38 src/uGUI/ugui.o
                0x0000f88c                UG_FontSelect
 .text.UG_PutString
                0x0000f8c4      0x124 src/uGUI/ugui.o
                0x0000f8c4                UG_PutString
 .text.UG_PutChar
                0x0000f9e8      0x24c src/uGUI/ugui.o
                0x0000f9e8                UG_PutChar
 .text.pd_check_requested_voltage
                0x0000fc34       0x9c src/USBC_PD/usb_pd_policy.o
                0x0000fc34                pd_check_requested_voltage
 .text.stub_pd_board_check_request
                0x0000fcd0       0x32 src/USBC_PD/usb_pd_policy.o
                0x0000fcd0                pd_board_check_request
 *fill*         0x0000fd02        0x2 
 .text.pd_find_pdo_index
                0x0000fd04      0x17c src/USBC_PD/usb_pd_policy.o
                0x0000fd04                pd_find_pdo_index
 .text.pd_extract_pdo_power
                0x0000fe80       0xd8 src/USBC_PD/usb_pd_policy.o
                0x0000fe80                pd_extract_pdo_power
 .text.pd_build_request
                0x0000ff58      0x150 src/USBC_PD/usb_pd_policy.o
                0x0000ff58                pd_build_request
 .text.pd_process_source_cap
                0x000100a8       0x94 src/USBC_PD/usb_pd_policy.o
                0x000100a8                pd_process_source_cap
 .text.pd_svdm  0x0001013c       0x18 src/USBC_PD/usb_pd_policy.o
                0x0001013c                pd_svdm
 .text.tcpm_init
                0x00010154       0x50 src/USBC_PD/usb_pd_protocol.o
 .text.tcpm_release
                0x000101a4       0x2c src/USBC_PD/usb_pd_protocol.o
 .text.tcpm_get_cc
                0x000101d0       0x30 src/USBC_PD/usb_pd_protocol.o
 .text.tcpm_select_rp_value
                0x00010200       0x30 src/USBC_PD/usb_pd_protocol.o
 .text.tcpm_set_cc
                0x00010230       0x30 src/USBC_PD/usb_pd_protocol.o
 .text.tcpm_set_polarity
                0x00010260       0x30 src/USBC_PD/usb_pd_protocol.o
 .text.tcpm_set_msg_header
                0x00010290       0x30 src/USBC_PD/usb_pd_protocol.o
 .text.tcpm_set_rx_enable
                0x000102c0       0x30 src/USBC_PD/usb_pd_protocol.o
 .text.tcpm_get_message
                0x000102f0       0x30 src/USBC_PD/usb_pd_protocol.o
 .text.tcpm_transmit
                0x00010320       0x50 src/USBC_PD/usb_pd_protocol.o
 .text.tcpm_get_chip_info
                0x00010370       0x48 src/USBC_PD/usb_pd_protocol.o
 .text.pd_comm_is_enabled
                0x000103b8       0x12 src/USBC_PD/usb_pd_protocol.o
                0x000103b8                pd_comm_is_enabled
 *fill*         0x000103ca        0x2 
 .text.set_state_timeout
                0x000103cc       0x40 src/USBC_PD/usb_pd_protocol.o
 .text.pd_is_connected
                0x0001040c       0x88 src/USBC_PD/usb_pd_protocol.o
                0x0001040c                pd_is_connected
 .text.pd_ts_dts_plugged
                0x00010494       0x28 src/USBC_PD/usb_pd_protocol.o
                0x00010494                pd_ts_dts_plugged
 .text.pd_is_vbus_present
                0x000104bc       0x20 src/USBC_PD/usb_pd_protocol.o
 .text.set_state
                0x000104dc       0xd0 src/USBC_PD/usb_pd_protocol.o
 .text.inc_id   0x000105ac       0x38 src/USBC_PD/usb_pd_protocol.o
 .text.pd_transmit_complete
                0x000105e4       0x48 src/USBC_PD/usb_pd_protocol.o
                0x000105e4                pd_transmit_complete
 .text.pd_transmit
                0x0001062c       0x74 src/USBC_PD/usb_pd_protocol.o
 .text.pd_update_roles
                0x000106a0       0x38 src/USBC_PD/usb_pd_protocol.o
 .text.send_control
                0x000106d8       0x78 src/USBC_PD/usb_pd_protocol.o
 .text.send_source_cap
                0x00010750       0xd4 src/USBC_PD/usb_pd_protocol.o
 .text.send_sink_cap
                0x00010824       0x84 src/USBC_PD/usb_pd_protocol.o
 .text.send_request
                0x000108a8       0x7c src/USBC_PD/usb_pd_protocol.o
 .text.queue_vdm
                0x00010924       0x70 src/USBC_PD/usb_pd_protocol.o
 .text.handle_vdm_request
                0x00010994       0xf8 src/USBC_PD/usb_pd_protocol.o
 .text.pd_execute_hard_reset
                0x00010a8c       0xd4 src/USBC_PD/usb_pd_protocol.o
                0x00010a8c                pd_execute_hard_reset
 .text.execute_soft_reset
                0x00010b60       0x44 src/USBC_PD/usb_pd_protocol.o
 .text.pd_send_request_msg
                0x00010ba4       0xe4 src/USBC_PD/usb_pd_protocol.o
 .text.pd_update_pdo_flags
                0x00010c88      0x148 src/USBC_PD/usb_pd_protocol.o
 .text.handle_data_request
                0x00010dd0      0x254 src/USBC_PD/usb_pd_protocol.o
 .text.pd_set_data_role
                0x00011024       0x44 src/USBC_PD/usb_pd_protocol.o
 .text.pd_dr_swap
                0x00011068       0x54 src/USBC_PD/usb_pd_protocol.o
 .text.handle_ctrl_request
                0x000110bc      0x480 src/USBC_PD/usb_pd_protocol.o
 .text.handle_request
                0x0001153c       0xa8 src/USBC_PD/usb_pd_protocol.o
 .text.pd_send_vdm
                0x000115e4       0x78 src/USBC_PD/usb_pd_protocol.o
                0x000115e4                pd_send_vdm
 .text.pdo_busy
                0x0001165c       0x48 src/USBC_PD/usb_pd_protocol.o
 .text.vdm_get_ready_timeout
                0x000116a4       0x8c src/USBC_PD/usb_pd_protocol.o
 .text.pd_vdm_send_state_machine
                0x00011730      0x20c src/USBC_PD/usb_pd_protocol.o
 .text.pd_update_dual_role_config
                0x0001193c       0xb8 src/USBC_PD/usb_pd_protocol.o
                0x0001193c                pd_update_dual_role_config
 .text.pd_is_power_swapping
                0x000119f4       0x8c src/USBC_PD/usb_pd_protocol.o
 .text.cc_is_rp
                0x00011a80       0x28 src/USBC_PD/usb_pd_protocol.o
 .text.get_snk_polarity
                0x00011aa8       0x24 src/USBC_PD/usb_pd_protocol.o
 .text.get_typec_current_limit
                0x00011acc       0x78 src/USBC_PD/usb_pd_protocol.o
 .text.pd_restart_tcpc
                0x00011b44       0x34 src/USBC_PD/usb_pd_protocol.o
 .text.pd_init  0x00011b78       0xdc src/USBC_PD/usb_pd_protocol.o
                0x00011b78                pd_init
 .text.pd_run_state_machine
                0x00011c54     0x1df8 src/USBC_PD/usb_pd_protocol.o
                0x00011c54                pd_run_state_machine
 .text.system_gclk_chan_get_config_defaults
                0x00013a4c       0x16 touch.o
 *fill*         0x00013a62        0x2 
 .text.system_apb_clock_set_mask
                0x00013a64       0x5c touch.o
 .text.touch_configure_ptc_clock
                0x00013ac0       0x48 touch.o
                0x00013ac0                touch_configure_ptc_clock
 .text.touch_app_err_handler
                0x00013b08       0x1a touch.o
                0x00013b08                touch_app_err_handler
 *fill*         0x00013b22        0x2 
 .text.touch_sensors_init
                0x00013b24       0xac touch.o
                0x00013b24                touch_sensors_init
 .text.touch_sensors_measure
                0x00013bd0       0x88 touch.o
                0x00013bd0                touch_sensors_measure
 .text.touch_sensors_config
                0x00013c58       0x58 touch.o
 .text.touch_selfcap_measure_complete_callback
                0x00013cb0       0x38 touch.o
                0x00013cb0                touch_selfcap_measure_complete_callback
 .text          0x00013ce8      0x644 ../src/QTouch\libsamd21_qtouch_gcc.a(touch_api_selfcap_set1.o)
                0x00013ce8                touch_self_process
                0x00013d20                touch_selfcap_sensors_init_with_rs_table
                0x000140d0                touch_selfcap_sensors_deinit
                0x0001412c                touch_selfcap_sensor_config
                0x000141f4                touch_selfcap_sensors_calibrate
                0x00014254                touch_selfcap_sensors_measure
                0x00014290                touch_selfcap_sensor_get_delta
                0x000142c8                touch_self_get_ctrl_ptr
                0x000142d0                touch_self_lowpower_sensor_enable_event_measure
 .text          0x0001432c     0x14e0 ../src/QTouch\libsamd21_qtouch_gcc.a(touch_ptc_acquire.o)
                0x000144f8                apply_next_sample_frequency
                0x00014512                setup_channel
                0x0001461c                lk_chk
                0x00014728                check_current_data
                0x00014740                touch_binary_search
                0x00014764                binary_search_init
                0x00014778                PTC_Handler
                0x00014888                calc_update_burst_again_mask
                0x00014a5c                calc_aks_update_burst_again_mask
                0x00014ace                ptc_cc_calculate_formula
                0x00014bc4                signal_stable_check
                0x00014c36                auto_os_resolve
                0x00014d20                median_filter
                0x00014d88                start_ptc_acquire
                0x00014dfc                ptc_start_cycle_with_callbacks
                0x00014f24                ptc_start_event_trig_measure
                0x00015184                handle_eoc_interrupt
                0x000153e0                mutual_auto_tuning
                0x0001553c                self_auto_tuning
                0x0001569c                mutual_cap_calib_check
                0x00015754                self_cap_calib_check
 .text          0x0001580c      0x108 ../src/QTouch\libsamd21_qtouch_gcc.a(touch_ptc_acquire_self.o)
                0x0001580c                setup_self_channel_cc_recal
 .text          0x00015914      0x5dc ../src/QTouch\libsamd21_qtouch_gcc.a(touch_ptc_config.o)
                0x000159d4                ptc_config_io_pins
                0x00015a36                sync_config
                0x00015a50                enable_ptc
                0x00015a68                disable_ptc
                0x00015a80                get_conversion_result
                0x00015a94                enable_run_in_stdby
                0x00015aa4                disable_run_in_stdby
                0x00015ab4                clear_wco_int_flag
                0x00015ac4                clear_eoc_int_flag
                0x00015ad4                check_n_clear_eoc_flag
                0x00015aec                check_n_clear_wco_flag
                0x00015b04                disable_wco_int
                0x00015b14                disable_eoc_int
                0x00015b24                enable_wco_int
                0x00015b34                enable_eoc_int
                0x00015b44                set_wco_threshold
                0x00015b60                set_freq_spread
                0x00015b84                set_wco_mode
                0x00015ba0                set_xy_select
                0x00015bc0                set_xy_enable
                0x00015c10                reset_xy_enable
                0x00015c5c                set_burst_mode
                0x00015c7c                set_cts_lowpower_mode
                0x00015c94                set_adc_accumulation_cnt
                0x00015cb0                set_sample_delay
                0x00015ccc                wait_eoc
                0x00015ce8                wait_Start_conv
                0x00015d04                load_comp_cap
                0x00015d64                load_int_cap
                0x00015d94                load_sense_r
                0x00015db0                load_ptc_prescaler
                0x00015dec                load_ptc_sense_r_prescaler
                0x00015e10                ptc_acquire
                0x00015e28                update_csd
                0x00015e2a                ptc_init_settings
 .text          0x00015ef0      0x2f4 ../src/QTouch\libsamd21_qtouch_gcc.a(touch_ptc_noise_mit.o)
                0x00015ef0                freq_hop_tune_process
                0x00016094                channel_noise_measurement
                0x00016122                signal_change_by_freq
                0x00016154                touch_noise_mit_table_init
                0x00016164                chk_frequency_auto_tune
                0x000161b4                channel_to_sensor_mapping
 .text          0x000161e4      0x504 ../src/QTouch\libsamd21_qtouch_gcc.a(touch_rs_self.o)
                0x0001628e                self_enable_rotor
                0x000162da                self_enable_slider
                0x00016384                self_rotor_slider_enter_detect
                0x00016420                self_calc_rotor_slider_sensor_delta
                0x000164a8                self_calc_rotor_slider_value
                0x000166b8                touch_selfcap_rs_table_init
 .text          0x000166e8      0x774 ../src/QTouch\libsamd21_qtouch_gcc.a(touch_api_common.o)
                0x000166e8                enable_key
                0x0001676c                touch_sensor_config
                0x000167cc                process_touch_postprocessing_mode
                0x000167f0                reset_touch_postprocess_mode
                0x00016800                touch_process
                0x00016990                get_touch_postprocess_mode
                0x0001699c                touch_init_sensing
                0x000169f4                touch_get_sensor_delta
                0x00016a88                touch_update_global_param
                0x00016b0c                touch_get_global_param
                0x00016b7c                touch_sensor_update_acq_config
                0x00016be6                touch_sensor_get_acq_config
                0x00016c54                touch_sensor_disable_internal
                0x00016d1a                touch_suspend_ptc
                0x00016d3c                touch_resume_ptc
                0x00016da4                touch_memset
                0x00016db4                touch_get_libinfo
                0x00016e00                touch_sensors_deinit_internal
 .text          0x00016e5c      0x6cc ../src/QTouch\libsamd21_qtouch_gcc.a(touch_process.o)
                0x00016fbc                process_aks
                0x00017058                start_cal_sensor
                0x0001707a                process_sensor_stability
                0x00017106                enable_aks
                0x00017124                get_channel_delta
                0x0001713a                populate_cc_calib_array
                0x00017160                process_sensor
 .text          0x00017528       0x14 d:/program files/atmel/studio/7.0/toolchain/arm/arm-gnu-toolchain/bin/../lib/gcc/arm-none-eabi/6.2.1/thumb/v6-m\libgcc.a(_thumb1_case_uqi.o)
                0x00017528                __gnu_thumb1_case_uqi
 .text          0x0001753c      0x114 d:/program files/atmel/studio/7.0/toolchain/arm/arm-gnu-toolchain/bin/../lib/gcc/arm-none-eabi/6.2.1/thumb/v6-m\libgcc.a(_udivsi3.o)
                0x0001753c                __aeabi_uidiv
                0x0001753c                __udivsi3
                0x00017648                __aeabi_uidivmod
 .text          0x00017650      0x1d4 d:/program files/atmel/studio/7.0/toolchain/arm/arm-gnu-toolchain/bin/../lib/gcc/arm-none-eabi/6.2.1/thumb/v6-m\libgcc.a(_divsi3.o)
                0x00017650                __divsi3
                0x00017650                __aeabi_idiv
                0x0001781c                __aeabi_idivmod
 .text          0x00017824        0x4 d:/program files/atmel/studio/7.0/toolchain/arm/arm-gnu-toolchain/bin/../lib/gcc/arm-none-eabi/6.2.1/thumb/v6-m\libgcc.a(_dvmd_tls.o)
                0x00017824                __aeabi_idiv0
                0x00017824                __aeabi_ldiv0
 .text          0x00017828       0x18 d:/program files/atmel/studio/7.0/toolchain/arm/arm-gnu-toolchain/bin/../lib/gcc/arm-none-eabi/6.2.1/thumb/v6-m\libgcc.a(_lshrdi3.o)
                0x00017828                __lshrdi3
                0x00017828                __aeabi_llsr
 .text          0x00017840       0x18 d:/program files/atmel/studio/7.0/toolchain/arm/arm-gnu-toolchain/bin/../lib/gcc/arm-none-eabi/6.2.1/thumb/v6-m\libgcc.a(_ashldi3.o)
                0x00017840                __aeabi_llsl
                0x00017840                __ashldi3
 .text          0x00017858       0x3c d:/program files/atmel/studio/7.0/toolchain/arm/arm-gnu-toolchain/bin/../lib/gcc/arm-none-eabi/6.2.1/thumb/v6-m\libgcc.a(_clzsi2.o)
                0x00017858                __clzsi2
 .text          0x00017894       0x40 d:/program files/atmel/studio/7.0/toolchain/arm/arm-gnu-toolchain/bin/../lib/gcc/arm-none-eabi/6.2.1/thumb/v6-m\libgcc.a(_ctzsi2.o)
                0x00017894                __ctzsi2
 .text          0x000178d4      0x290 d:/program files/atmel/studio/7.0/toolchain/arm/arm-gnu-toolchain/bin/../lib/gcc/arm-none-eabi/6.2.1/thumb/v6-m\libgcc.a(divsf3.o)
                0x000178d4                __aeabi_fdiv
 .text          0x00017b64       0x8c d:/program files/atmel/studio/7.0/toolchain/arm/arm-gnu-toolchain/bin/../lib/gcc/arm-none-eabi/6.2.1/thumb/v6-m\libgcc.a(floatunsisf.o)
                0x00017b64                __aeabi_ui2f
 .text          0x00017bf0      0x620 d:/program files/atmel/studio/7.0/toolchain/arm/arm-gnu-toolchain/bin/../lib/gcc/arm-none-eabi/6.2.1/thumb/v6-m\libgcc.a(adddf3.o)
                0x00017bf0                __aeabi_dadd
 .text          0x00018210      0x668 d:/program files/atmel/studio/7.0/toolchain/arm/arm-gnu-toolchain/bin/../lib/gcc/arm-none-eabi/6.2.1/thumb/v6-m\libgcc.a(divdf3.o)
                0x00018210                __aeabi_ddiv
 .text          0x00018878      0x500 d:/program files/atmel/studio/7.0/toolchain/arm/arm-gnu-toolchain/bin/../lib/gcc/arm-none-eabi/6.2.1/thumb/v6-m\libgcc.a(muldf3.o)
                0x00018878                __aeabi_dmul
 .text          0x00018d78      0x62c d:/program files/atmel/studio/7.0/toolchain/arm/arm-gnu-toolchain/bin/../lib/gcc/arm-none-eabi/6.2.1/thumb/v6-m\libgcc.a(subdf3.o)
                0x00018d78                __aeabi_dsub
 .text          0x000193a4       0x68 d:/program files/atmel/studio/7.0/toolchain/arm/arm-gnu-toolchain/bin/../lib/gcc/arm-none-eabi/6.2.1/thumb/v6-m\libgcc.a(fixdfsi.o)
                0x000193a4                __aeabi_d2iz
 .text          0x0001940c       0x70 d:/program files/atmel/studio/7.0/toolchain/arm/arm-gnu-toolchain/bin/../lib/gcc/arm-none-eabi/6.2.1/thumb/v6-m\libgcc.a(floatunsidf.o)
                0x0001940c                __aeabi_ui2d
 .text          0x0001947c       0xa4 d:/program files/atmel/studio/7.0/toolchain/arm/arm-gnu-toolchain/bin/../lib/gcc/arm-none-eabi/6.2.1/thumb/v6-m\libgcc.a(extendsfdf2.o)
                0x0001947c                __aeabi_f2d
 .text.__libc_init_array
                0x00019520       0x48 d:/program files/atmel/studio/7.0/toolchain/arm/arm-gnu-toolchain/bin/../lib/gcc/arm-none-eabi/6.2.1/../../../../arm-none-eabi/lib/thumb/v6-m\libc.a(lib_a-init.o)
                0x00019520                __libc_init_array
 .text.memcpy   0x00019568       0x84 d:/program files/atmel/studio/7.0/toolchain/arm/arm-gnu-toolchain/bin/../lib/gcc/arm-none-eabi/6.2.1/../../../../arm-none-eabi/lib/thumb/v6-m\libc.a(lib_a-memcpy-stub.o)
                0x00019568                memcpy
 .text.memset   0x000195ec       0x94 d:/program files/atmel/studio/7.0/toolchain/arm/arm-gnu-toolchain/bin/../lib/gcc/arm-none-eabi/6.2.1/../../../../arm-none-eabi/lib/thumb/v6-m\libc.a(lib_a-memset.o)
                0x000195ec                memset
 .text.sprintf  0x00019680       0x44 d:/program files/atmel/studio/7.0/toolchain/arm/arm-gnu-toolchain/bin/../lib/gcc/arm-none-eabi/6.2.1/../../../../arm-none-eabi/lib/thumb/v6-m\libc.a(lib_a-sprintf.o)
                0x00019680                sprintf
 .text._svfprintf_r
                0x000196c4     0x15fc d:/program files/atmel/studio/7.0/toolchain/arm/arm-gnu-toolchain/bin/../lib/gcc/arm-none-eabi/6.2.1/../../../../arm-none-eabi/lib/thumb/v6-m\libc.a(lib_a-svfprintf.o)
                0x000196c4                _svfprintf_r
 .text.startup.register_fini
                0x0001acc0       0x18 d:/program files/atmel/studio/7.0/toolchain/arm/arm-gnu-toolchain/bin/../lib/gcc/arm-none-eabi/6.2.1/../../../../arm-none-eabi/lib/thumb/v6-m\libc.a(lib_a-__call_atexit.o)
 .text.atexit   0x0001acd8       0x10 d:/program files/atmel/studio/7.0/toolchain/arm/arm-gnu-toolchain/bin/../lib/gcc/arm-none-eabi/6.2.1/../../../../arm-none-eabi/lib/thumb/v6-m\libc.a(lib_a-atexit.o)
                0x0001acd8                atexit
 .text.quorem   0x0001ace8      0x154 d:/program files/atmel/studio/7.0/toolchain/arm/arm-gnu-toolchain/bin/../lib/gcc/arm-none-eabi/6.2.1/../../../../arm-none-eabi/lib/thumb/v6-m\libc.a(lib_a-dtoa.o)
 .text._dtoa_r  0x0001ae3c      0xf88 d:/program files/atmel/studio/7.0/toolchain/arm/arm-gnu-toolchain/bin/../lib/gcc/arm-none-eabi/6.2.1/../../../../arm-none-eabi/lib/thumb/v6-m\libc.a(lib_a-dtoa.o)
                0x0001ae3c                _dtoa_r
 .text.__libc_fini_array
                0x0001bdc4       0x34 d:/program files/atmel/studio/7.0/toolchain/arm/arm-gnu-toolchain/bin/../lib/gcc/arm-none-eabi/6.2.1/../../../../arm-none-eabi/lib/thumb/v6-m\libc.a(lib_a-fini.o)
                0x0001bdc4                __libc_fini_array
 .text._malloc_trim_r
                0x0001bdf8       0xa0 d:/program files/atmel/studio/7.0/toolchain/arm/arm-gnu-toolchain/bin/../lib/gcc/arm-none-eabi/6.2.1/../../../../arm-none-eabi/lib/thumb/v6-m\libc.a(lib_a-freer.o)
                0x0001bdf8                _malloc_trim_r
 .text._free_r  0x0001be98      0x1bc d:/program files/atmel/studio/7.0/toolchain/arm/arm-gnu-toolchain/bin/../lib/gcc/arm-none-eabi/6.2.1/../../../../arm-none-eabi/lib/thumb/v6-m\libc.a(lib_a-freer.o)
                0x0001be98                _free_r
 .text._localeconv_r
                0x0001c054       0x1c d:/program files/atmel/studio/7.0/toolchain/arm/arm-gnu-toolchain/bin/../lib/gcc/arm-none-eabi/6.2.1/../../../../arm-none-eabi/lib/thumb/v6-m\libc.a(lib_a-localeconv.o)
                0x0001c054                _localeconv_r
 .text._malloc_r
                0x0001c070      0x568 d:/program files/atmel/studio/7.0/toolchain/arm/arm-gnu-toolchain/bin/../lib/gcc/arm-none-eabi/6.2.1/../../../../arm-none-eabi/lib/thumb/v6-m\libc.a(lib_a-mallocr.o)
                0x0001c070                _malloc_r
 .text.memchr   0x0001c5d8       0x80 d:/program files/atmel/studio/7.0/toolchain/arm/arm-gnu-toolchain/bin/../lib/gcc/arm-none-eabi/6.2.1/../../../../arm-none-eabi/lib/thumb/v6-m\libc.a(lib_a-memchr-stub.o)
                0x0001c5d8                memchr
 .text.__malloc_lock
                0x0001c658        0x4 d:/program files/atmel/studio/7.0/toolchain/arm/arm-gnu-toolchain/bin/../lib/gcc/arm-none-eabi/6.2.1/../../../../arm-none-eabi/lib/thumb/v6-m\libc.a(lib_a-mlock.o)
                0x0001c658                __malloc_lock
 .text.__malloc_unlock
                0x0001c65c        0x4 d:/program files/atmel/studio/7.0/toolchain/arm/arm-gnu-toolchain/bin/../lib/gcc/arm-none-eabi/6.2.1/../../../../arm-none-eabi/lib/thumb/v6-m\libc.a(lib_a-mlock.o)
                0x0001c65c                __malloc_unlock
 .text._Balloc  0x0001c660       0x50 d:/program files/atmel/studio/7.0/toolchain/arm/arm-gnu-toolchain/bin/../lib/gcc/arm-none-eabi/6.2.1/../../../../arm-none-eabi/lib/thumb/v6-m\libc.a(lib_a-mprec.o)
                0x0001c660                _Balloc
 .text._Bfree   0x0001c6b0       0x14 d:/program files/atmel/studio/7.0/toolchain/arm/arm-gnu-toolchain/bin/../lib/gcc/arm-none-eabi/6.2.1/../../../../arm-none-eabi/lib/thumb/v6-m\libc.a(lib_a-mprec.o)
                0x0001c6b0                _Bfree
 .text.__multadd
                0x0001c6c4       0x8c d:/program files/atmel/studio/7.0/toolchain/arm/arm-gnu-toolchain/bin/../lib/gcc/arm-none-eabi/6.2.1/../../../../arm-none-eabi/lib/thumb/v6-m\libc.a(lib_a-mprec.o)
                0x0001c6c4                __multadd
 .text.__hi0bits
                0x0001c750       0x34 d:/program files/atmel/studio/7.0/toolchain/arm/arm-gnu-toolchain/bin/../lib/gcc/arm-none-eabi/6.2.1/../../../../arm-none-eabi/lib/thumb/v6-m\libc.a(lib_a-mprec.o)
                0x0001c750                __hi0bits
 .text.__lo0bits
                0x0001c784       0x5c d:/program files/atmel/studio/7.0/toolchain/arm/arm-gnu-toolchain/bin/../lib/gcc/arm-none-eabi/6.2.1/../../../../arm-none-eabi/lib/thumb/v6-m\libc.a(lib_a-mprec.o)
                0x0001c784                __lo0bits
 .text.__i2b    0x0001c7e0       0x14 d:/program files/atmel/studio/7.0/toolchain/arm/arm-gnu-toolchain/bin/../lib/gcc/arm-none-eabi/6.2.1/../../../../arm-none-eabi/lib/thumb/v6-m\libc.a(lib_a-mprec.o)
                0x0001c7e0                __i2b
 .text.__multiply
                0x0001c7f4      0x154 d:/program files/atmel/studio/7.0/toolchain/arm/arm-gnu-toolchain/bin/../lib/gcc/arm-none-eabi/6.2.1/../../../../arm-none-eabi/lib/thumb/v6-m\libc.a(lib_a-mprec.o)
                0x0001c7f4                __multiply
 .text.__pow5mult
                0x0001c948       0xc0 d:/program files/atmel/studio/7.0/toolchain/arm/arm-gnu-toolchain/bin/../lib/gcc/arm-none-eabi/6.2.1/../../../../arm-none-eabi/lib/thumb/v6-m\libc.a(lib_a-mprec.o)
                0x0001c948                __pow5mult
 .text.__lshift
                0x0001ca08       0xc0 d:/program files/atmel/studio/7.0/toolchain/arm/arm-gnu-toolchain/bin/../lib/gcc/arm-none-eabi/6.2.1/../../../../arm-none-eabi/lib/thumb/v6-m\libc.a(lib_a-mprec.o)
                0x0001ca08                __lshift
 .text.__mcmp   0x0001cac8       0x34 d:/program files/atmel/studio/7.0/toolchain/arm/arm-gnu-toolchain/bin/../lib/gcc/arm-none-eabi/6.2.1/../../../../arm-none-eabi/lib/thumb/v6-m\libc.a(lib_a-mprec.o)
                0x0001cac8                __mcmp
 .text.__mdiff  0x0001cafc      0x138 d:/program files/atmel/studio/7.0/toolchain/arm/arm-gnu-toolchain/bin/../lib/gcc/arm-none-eabi/6.2.1/../../../../arm-none-eabi/lib/thumb/v6-m\libc.a(lib_a-mprec.o)
                0x0001cafc                __mdiff
 .text.__d2b    0x0001cc34       0xbc d:/program files/atmel/studio/7.0/toolchain/arm/arm-gnu-toolchain/bin/../lib/gcc/arm-none-eabi/6.2.1/../../../../arm-none-eabi/lib/thumb/v6-m\libc.a(lib_a-mprec.o)
                0x0001cc34                __d2b
 .text._sbrk_r  0x0001ccf0       0x24 d:/program files/atmel/studio/7.0/toolchain/arm/arm-gnu-toolchain/bin/../lib/gcc/arm-none-eabi/6.2.1/../../../../arm-none-eabi/lib/thumb/v6-m\libc.a(lib_a-sbrkr.o)
                0x0001ccf0                _sbrk_r
 .text.strlen   0x0001cd14       0x64 d:/program files/atmel/studio/7.0/toolchain/arm/arm-gnu-toolchain/bin/../lib/gcc/arm-none-eabi/6.2.1/../../../../arm-none-eabi/lib/thumb/v6-m\libc.a(lib_a-strlen-stub.o)
                0x0001cd14                strlen
 .text.__ssprint_r
                0x0001cd78      0x120 d:/program files/atmel/studio/7.0/toolchain/arm/arm-gnu-toolchain/bin/../lib/gcc/arm-none-eabi/6.2.1/../../../../arm-none-eabi/lib/thumb/v6-m\libc.a(lib_a-svfiprintf.o)
                0x0001cd78                __ssprint_r
 .text.__register_exitproc
                0x0001ce98       0xd4 d:/program files/atmel/studio/7.0/toolchain/arm/arm-gnu-toolchain/bin/../lib/gcc/arm-none-eabi/6.2.1/../../../../arm-none-eabi/lib/thumb/v6-m\libc.a(lib_a-__atexit.o)
                0x0001ce98                __register_exitproc
 .text._calloc_r
                0x0001cf6c       0x58 d:/program files/atmel/studio/7.0/toolchain/arm/arm-gnu-toolchain/bin/../lib/gcc/arm-none-eabi/6.2.1/../../../../arm-none-eabi/lib/thumb/v6-m\libc.a(lib_a-callocr.o)
                0x0001cf6c                _calloc_r
 .text.__ascii_mbtowc
                0x0001cfc4       0x2c d:/program files/atmel/studio/7.0/toolchain/arm/arm-gnu-toolchain/bin/../lib/gcc/arm-none-eabi/6.2.1/../../../../arm-none-eabi/lib/thumb/v6-m\libc.a(lib_a-mbtowc_r.o)
                0x0001cfc4                __ascii_mbtowc
 .text.memmove  0x0001cff0       0xa0 d:/program files/atmel/studio/7.0/toolchain/arm/arm-gnu-toolchain/bin/../lib/gcc/arm-none-eabi/6.2.1/../../../../arm-none-eabi/lib/thumb/v6-m\libc.a(lib_a-memmove.o)
                0x0001cff0                memmove
 .text._realloc_r
                0x0001d090      0x37c d:/program files/atmel/studio/7.0/toolchain/arm/arm-gnu-toolchain/bin/../lib/gcc/arm-none-eabi/6.2.1/../../../../arm-none-eabi/lib/thumb/v6-m\libc.a(lib_a-reallocr.o)
                0x0001d090                _realloc_r
 .text.__ascii_wctomb
                0x0001d40c       0x1c d:/program files/atmel/studio/7.0/toolchain/arm/arm-gnu-toolchain/bin/../lib/gcc/arm-none-eabi/6.2.1/../../../../arm-none-eabi/lib/thumb/v6-m\libc.a(lib_a-wctomb_r.o)
                0x0001d40c                __ascii_wctomb
 .text          0x0001d428       0x7c d:/program files/atmel/studio/7.0/toolchain/arm/arm-gnu-toolchain/bin/../lib/gcc/arm-none-eabi/6.2.1/thumb/v6-m\libgcc.a(_arm_cmpdf2.o)
                0x0001d428                __aeabi_cdrcmple
                0x0001d438                __aeabi_cdcmple
                0x0001d438                __aeabi_cdcmpeq
                0x0001d448                __aeabi_dcmpeq
                0x0001d454                __aeabi_dcmplt
                0x0001d468                __aeabi_dcmple
                0x0001d47c                __aeabi_dcmpgt
                0x0001d490                __aeabi_dcmpge
 .text          0x0001d4a4       0x40 d:/program files/atmel/studio/7.0/toolchain/arm/arm-gnu-toolchain/bin/../lib/gcc/arm-none-eabi/6.2.1/thumb/v6-m\libgcc.a(_aeabi_uldivmod.o)
                0x0001d4a4                __aeabi_uldivmod
 .text          0x0001d4e4      0x180 d:/program files/atmel/studio/7.0/toolchain/arm/arm-gnu-toolchain/bin/../lib/gcc/arm-none-eabi/6.2.1/thumb/v6-m\libgcc.a(_udivmoddi4.o)
                0x0001d4e4                __udivmoddi4
 .text          0x0001d664       0x74 d:/program files/atmel/studio/7.0/toolchain/arm/arm-gnu-toolchain/bin/../lib/gcc/arm-none-eabi/6.2.1/thumb/v6-m\libgcc.a(eqdf2.o)
                0x0001d664                __nedf2
                0x0001d664                __eqdf2
 .text          0x0001d6d8       0xc8 d:/program files/atmel/studio/7.0/toolchain/arm/arm-gnu-toolchain/bin/../lib/gcc/arm-none-eabi/6.2.1/thumb/v6-m\libgcc.a(gedf2.o)
                0x0001d6d8                __gedf2
                0x0001d6d8                __gtdf2
 .text          0x0001d7a0       0xc4 d:/program files/atmel/studio/7.0/toolchain/arm/arm-gnu-toolchain/bin/../lib/gcc/arm-none-eabi/6.2.1/thumb/v6-m\libgcc.a(ledf2.o)
                0x0001d7a0                __ledf2
                0x0001d7a0                __ltdf2
 .text          0x0001d864       0x40 d:/program files/atmel/studio/7.0/toolchain/arm/arm-gnu-toolchain/bin/../lib/gcc/arm-none-eabi/6.2.1/thumb/v6-m\libgcc.a(unorddf2.o)
                0x0001d864                __aeabi_dcmpun
 .text          0x0001d8a4       0x84 d:/program files/atmel/studio/7.0/toolchain/arm/arm-gnu-toolchain/bin/../lib/gcc/arm-none-eabi/6.2.1/thumb/v6-m\libgcc.a(floatsidf.o)
                0x0001d8a4                __aeabi_i2d
 .text          0x0001d928       0x18 d:/program files/atmel/studio/7.0/toolchain/arm/arm-gnu-toolchain/bin/../lib/gcc/arm-none-eabi/6.2.1/thumb/v6-m\libgcc.a(_clzdi2.o)
                0x0001d928                __clzdi2
 *(.glue_7t)
 .glue_7t       0x0001d940        0x0 linker stubs
 *(.glue_7)
 .glue_7        0x0001d940        0x0 linker stubs
 *(.rodata .rodata* .gnu.linkonce.r.*)
 .rodata.tcpc_config
                0x0001d940       0x10 main.o
                0x0001d940                tcpc_config
 .rodata        0x0001d950       0x52 main.o
 *fill*         0x0001d9a2        0x2 
 .rodata.udc_reqstd
                0x0001d9a4       0x28 src/ASF/common/services/usb/udc/udc.o
 .rodata        0x0001d9cc       0x10 src/ASF/sam0/drivers/sercom/sercom.o
 .rodata        0x0001d9dc        0x4 src/ASF/sam0/drivers/sercom/sercom_interrupt.o
 .rodata        0x0001d9e0       0x16 src/ASF/sam0/drivers/tc/tc_sam_d_r_h/tc.o
 *fill*         0x0001d9f6        0x2 
 .rodata        0x0001d9f8        0x4 src/ASF/sam0/drivers/usb/stack_interface/usb_device_udd.o
 .rodata._usb_device_irq_bits
                0x0001d9fc        0xe src/ASF/sam0/drivers/usb/usb_sam_d_r/usb.o
 *fill*         0x0001da0a        0x2 
 .rodata._usb_endpoint_irq_bits
                0x0001da0c        0x4 src/ASF/sam0/drivers/usb/usb_sam_d_r/usb.o
 .rodata.usb_device_endpoint_set_config
                0x0001da10       0x14 src/ASF/sam0/drivers/usb/usb_sam_d_r/usb.o
 .rodata.fusb302_tcpm_drv
                0x0001da24       0x3c src/FUSB302/FUSB302.o
                0x0001da24                fusb302_tcpm_drv
 .rodata.pd_src_pdo
                0x0001da60        0x4 src/FUSB302/usb_pd_driver.o
                0x0001da60                pd_src_pdo
 .rodata.pd_src_pdo_cnt
                0x0001da64        0x4 src/FUSB302/usb_pd_driver.o
                0x0001da64                pd_src_pdo_cnt
 .rodata.pd_snk_pdo
                0x0001da68        0xc src/FUSB302/usb_pd_driver.o
                0x0001da68                pd_snk_pdo
 .rodata.pd_snk_pdo_cnt
                0x0001da74        0x4 src/FUSB302/usb_pd_driver.o
                0x0001da74                pd_snk_pdo_cnt
 .rodata        0x0001da78       0x25 src/FUSB302/usb_pd_driver.o
 *fill*         0x0001da9d        0x3 
 .rodata.system_clock_source_get_hz
                0x0001daa0       0x24 src/ASF/sam0/drivers/system/clock/clock_samd21_r21_da/clock.o
 .rodata.system_clock_source_enable
                0x0001dac4       0x24 src/ASF/sam0/drivers/system/clock/clock_samd21_r21_da/clock.o
 .rodata.system_clock_source_is_ready
                0x0001dae8       0x24 src/ASF/sam0/drivers/system/clock/clock_samd21_r21_da/clock.o
 .rodata.font_6x8
                0x0001db0c      0x800 src/uGUI/ugui.o
                0x0001db0c                font_6x8
 .rodata.FONT_6X8
                0x0001e30c        0x8 src/uGUI/ugui.o
                0x0001e30c                FONT_6X8
 .rodata.UG_PutChar
                0x0001e314      0x134 src/uGUI/ugui.o
 .rodata.handle_data_request
                0x0001e448       0x40 src/USBC_PD/usb_pd_protocol.o
 .rodata.handle_ctrl_request
                0x0001e488       0x38 src/USBC_PD/usb_pd_protocol.o
 .rodata.pd_run_state_machine
                0x0001e4c0       0x84 src/USBC_PD/usb_pd_protocol.o
 .rodata        0x0001e544       0xa8 ../src/QTouch\libsamd21_qtouch_gcc.a(touch_ptc_acquire.o)
                0x0001e544                ci_table
                0x0001e55c                cc_rough
                0x0001e56c                cc_coarse
                0x0001e5ac                cc_fine
                0x0001e5cc                cc_accurate
 .rodata        0x0001e5ec       0x80 d:/program files/atmel/studio/7.0/toolchain/arm/arm-gnu-toolchain/bin/../lib/gcc/arm-none-eabi/6.2.1/thumb/v6-m\libgcc.a(divsf3.o)
 .rodata        0x0001e66c       0x40 d:/program files/atmel/studio/7.0/toolchain/arm/arm-gnu-toolchain/bin/../lib/gcc/arm-none-eabi/6.2.1/thumb/v6-m\libgcc.a(divdf3.o)
 .rodata        0x0001e6ac       0x40 d:/program files/atmel/studio/7.0/toolchain/arm/arm-gnu-toolchain/bin/../lib/gcc/arm-none-eabi/6.2.1/thumb/v6-m\libgcc.a(muldf3.o)
 .rodata._global_impure_ptr
                0x0001e6ec        0x4 d:/program files/atmel/studio/7.0/toolchain/arm/arm-gnu-toolchain/bin/../lib/gcc/arm-none-eabi/6.2.1/../../../../arm-none-eabi/lib/thumb/v6-m\libc.a(lib_a-impure.o)
                0x0001e6ec                _global_impure_ptr
 .rodata._svfprintf_r
                0x0001e6f0      0x164 d:/program files/atmel/studio/7.0/toolchain/arm/arm-gnu-toolchain/bin/../lib/gcc/arm-none-eabi/6.2.1/../../../../arm-none-eabi/lib/thumb/v6-m\libc.a(lib_a-svfprintf.o)
 .rodata._svfprintf_r.str1.4
                0x0001e854       0x42 d:/program files/atmel/studio/7.0/toolchain/arm/arm-gnu-toolchain/bin/../lib/gcc/arm-none-eabi/6.2.1/../../../../arm-none-eabi/lib/thumb/v6-m\libc.a(lib_a-svfprintf.o)
 *fill*         0x0001e896        0x2 
 .rodata.blanks.7208
                0x0001e898       0x10 d:/program files/atmel/studio/7.0/toolchain/arm/arm-gnu-toolchain/bin/../lib/gcc/arm-none-eabi/6.2.1/../../../../arm-none-eabi/lib/thumb/v6-m\libc.a(lib_a-svfprintf.o)
 .rodata.zeroes.7209
                0x0001e8a8       0x10 d:/program files/atmel/studio/7.0/toolchain/arm/arm-gnu-toolchain/bin/../lib/gcc/arm-none-eabi/6.2.1/../../../../arm-none-eabi/lib/thumb/v6-m\libc.a(lib_a-svfprintf.o)
 .rodata._dtoa_r.str1.4
                0x0001e8b8       0x10 d:/program files/atmel/studio/7.0/toolchain/arm/arm-gnu-toolchain/bin/../lib/gcc/arm-none-eabi/6.2.1/../../../../arm-none-eabi/lib/thumb/v6-m\libc.a(lib_a-dtoa.o)
                                 0x12 (size before relaxing)
 .rodata.__mprec_bigtens
                0x0001e8c8       0x28 d:/program files/atmel/studio/7.0/toolchain/arm/arm-gnu-toolchain/bin/../lib/gcc/arm-none-eabi/6.2.1/../../../../arm-none-eabi/lib/thumb/v6-m\libc.a(lib_a-mprec.o)
                0x0001e8c8                __mprec_bigtens
 .rodata.__mprec_tens
                0x0001e8f0       0xc8 d:/program files/atmel/studio/7.0/toolchain/arm/arm-gnu-toolchain/bin/../lib/gcc/arm-none-eabi/6.2.1/../../../../arm-none-eabi/lib/thumb/v6-m\libc.a(lib_a-mprec.o)
                0x0001e8f0                __mprec_tens
 .rodata.p05.6040
                0x0001e9b8        0xc d:/program files/atmel/studio/7.0/toolchain/arm/arm-gnu-toolchain/bin/../lib/gcc/arm-none-eabi/6.2.1/../../../../arm-none-eabi/lib/thumb/v6-m\libc.a(lib_a-mprec.o)
 .rodata._setlocale_r.str1.4
                0x0001e9c4        0xa d:/program files/atmel/studio/7.0/toolchain/arm/arm-gnu-toolchain/bin/../lib/gcc/arm-none-eabi/6.2.1/../../../../arm-none-eabi/lib/thumb/v6-m\libc.a(lib_a-locale.o)
                                  0xd (size before relaxing)
 *fill*         0x0001e9ce        0x2 
 .rodata.str1.4
                0x0001e9d0        0x4 d:/program files/atmel/studio/7.0/toolchain/arm/arm-gnu-toolchain/bin/../lib/gcc/arm-none-eabi/6.2.1/../../../../arm-none-eabi/lib/thumb/v6-m\libc.a(lib_a-locale.o)
                                  0x2 (size before relaxing)
 .rodata._ctype_
                0x0001e9d4      0x101 d:/program files/atmel/studio/7.0/toolchain/arm/arm-gnu-toolchain/bin/../lib/gcc/arm-none-eabi/6.2.1/../../../../arm-none-eabi/lib/thumb/v6-m\libc.a(lib_a-ctype_.o)
                0x0001e9d4                _ctype_
 *(.ARM.extab* .gnu.linkonce.armextab.*)
                0x0001ead8                . = ALIGN (0x4)
 *fill*         0x0001ead5        0x3 
 *(.init)
 .init          0x0001ead8        0x4 d:/program files/atmel/studio/7.0/toolchain/arm/arm-gnu-toolchain/bin/../lib/gcc/arm-none-eabi/6.2.1/thumb/v6-m/crti.o
                0x0001ead8                _init
 .init          0x0001eadc        0x8 d:/program files/atmel/studio/7.0/toolchain/arm/arm-gnu-toolchain/bin/../lib/gcc/arm-none-eabi/6.2.1/thumb/v6-m/crtn.o
                0x0001eae4                . = ALIGN (0x4)
                0x0001eae4                __preinit_array_start = .
 *(.preinit_array)
                0x0001eae4                __preinit_array_end = .
                0x0001eae4                . = ALIGN (0x4)